
Allocating common symbols
Common symbol       size              file

GPIO_InitStructure  0x4               ..\obj\main.o
NVIC_InitStructure  0x4               ..\obj\main.o
EXTI_InitStructure  0x8               ..\obj\main.o

Discarded input sections

 .text          0x00000000        0x0 ..\obj\core_cm3.o
 .data          0x00000000        0x0 ..\obj\core_cm3.o
 .bss           0x00000000        0x0 ..\obj\core_cm3.o
 .text.__get_PSP
                0x00000000       0x10 ..\obj\core_cm3.o
 .text.__set_PSP
                0x00000000        0x8 ..\obj\core_cm3.o
 .text.__get_MSP
                0x00000000       0x10 ..\obj\core_cm3.o
 .text.__set_MSP
                0x00000000        0x8 ..\obj\core_cm3.o
 .text.__get_BASEPRI
                0x00000000       0x20 ..\obj\core_cm3.o
 .text.__set_BASEPRI
                0x00000000       0x18 ..\obj\core_cm3.o
 .text.__get_PRIMASK
                0x00000000       0x20 ..\obj\core_cm3.o
 .text.__set_PRIMASK
                0x00000000       0x18 ..\obj\core_cm3.o
 .text.__get_FAULTMASK
                0x00000000       0x20 ..\obj\core_cm3.o
 .text.__set_FAULTMASK
                0x00000000       0x18 ..\obj\core_cm3.o
 .text.__get_CONTROL
                0x00000000       0x20 ..\obj\core_cm3.o
 .text.__set_CONTROL
                0x00000000       0x18 ..\obj\core_cm3.o
 .text.__REV    0x00000000       0x24 ..\obj\core_cm3.o
 .text.__REV16  0x00000000       0x24 ..\obj\core_cm3.o
 .text.__REVSH  0x00000000       0x24 ..\obj\core_cm3.o
 .text.__RBIT   0x00000000       0x24 ..\obj\core_cm3.o
 .text.__LDREXB
                0x00000000       0x24 ..\obj\core_cm3.o
 .text.__LDREXH
                0x00000000       0x24 ..\obj\core_cm3.o
 .text.__LDREXW
                0x00000000       0x24 ..\obj\core_cm3.o
 .text.__STREXB
                0x00000000       0x2c ..\obj\core_cm3.o
 .text.__STREXH
                0x00000000       0x2c ..\obj\core_cm3.o
 .text.__STREXW
                0x00000000       0x28 ..\obj\core_cm3.o
 .text          0x00000000        0x0 ..\obj\system_stm32f10x.o
 .data          0x00000000       0x14 ..\obj\system_stm32f10x.o
 .bss           0x00000000        0x0 ..\obj\system_stm32f10x.o
 .text.SystemCoreClockUpdate
                0x00000000      0x148 ..\obj\system_stm32f10x.o
 .text          0x00000000        0x0 ..\obj\startup_stm32f10x_md.o
 .data          0x00000000        0x0 ..\obj\startup_stm32f10x_md.o
 .bss           0x00000000        0x0 ..\obj\startup_stm32f10x_md.o
 .text          0x00000000        0x0 ..\obj\stm32f10x_gpio.o
 .data          0x00000000        0x0 ..\obj\stm32f10x_gpio.o
 .bss           0x00000000        0x0 ..\obj\stm32f10x_gpio.o
 .text.GPIO_DeInit
                0x00000000      0x128 ..\obj\stm32f10x_gpio.o
 .text.GPIO_AFIODeInit
                0x00000000       0x20 ..\obj\stm32f10x_gpio.o
 .text.GPIO_StructInit
                0x00000000       0x2c ..\obj\stm32f10x_gpio.o
 .text.GPIO_ReadInputDataBit
                0x00000000       0x3c ..\obj\stm32f10x_gpio.o
 .text.GPIO_ReadInputData
                0x00000000       0x1c ..\obj\stm32f10x_gpio.o
 .text.GPIO_ReadOutputDataBit
                0x00000000       0x3c ..\obj\stm32f10x_gpio.o
 .text.GPIO_ReadOutputData
                0x00000000       0x1c ..\obj\stm32f10x_gpio.o
 .text.GPIO_SetBits
                0x00000000       0x1c ..\obj\stm32f10x_gpio.o
 .text.GPIO_ResetBits
                0x00000000       0x1c ..\obj\stm32f10x_gpio.o
 .text.GPIO_WriteBit
                0x00000000       0x30 ..\obj\stm32f10x_gpio.o
 .text.GPIO_Write
                0x00000000       0x1c ..\obj\stm32f10x_gpio.o
 .text.GPIO_PinLockConfig
                0x00000000       0x44 ..\obj\stm32f10x_gpio.o
 .text.GPIO_EventOutputConfig
                0x00000000       0x54 ..\obj\stm32f10x_gpio.o
 .text.GPIO_EventOutputCmd
                0x00000000       0x20 ..\obj\stm32f10x_gpio.o
 .text.GPIO_PinRemapConfig
                0x00000000      0x120 ..\obj\stm32f10x_gpio.o
 .text.GPIO_ETH_MediaInterfaceConfig
                0x00000000       0x20 ..\obj\stm32f10x_gpio.o
 .text          0x00000000        0x0 ..\obj\main.o
 .data          0x00000000        0x0 ..\obj\main.o
 .bss           0x00000000        0x0 ..\obj\main.o
 .text.USART1_Print_Int
                0x00000000       0xd0 ..\obj\main.o
 .text.Delay    0x00000000       0x24 ..\obj\main.o
 .text          0x00000000        0x0 ..\obj\stm32f10x_rcc.o
 .bss           0x00000000        0x0 ..\obj\stm32f10x_rcc.o
 .text.RCC_DeInit
                0x00000000       0x9c ..\obj\stm32f10x_rcc.o
 .text.RCC_HSEConfig
                0x00000000       0x88 ..\obj\stm32f10x_rcc.o
 .text.RCC_WaitForHSEStartUp
                0x00000000       0x64 ..\obj\stm32f10x_rcc.o
 .text.RCC_AdjustHSICalibrationValue
                0x00000000       0x48 ..\obj\stm32f10x_rcc.o
 .text.RCC_HSICmd
                0x00000000       0x20 ..\obj\stm32f10x_rcc.o
 .text.RCC_PLLConfig
                0x00000000       0x48 ..\obj\stm32f10x_rcc.o
 .text.RCC_PLLCmd
                0x00000000       0x20 ..\obj\stm32f10x_rcc.o
 .text.RCC_SYSCLKConfig
                0x00000000       0x40 ..\obj\stm32f10x_rcc.o
 .text.RCC_GetSYSCLKSource
                0x00000000       0x20 ..\obj\stm32f10x_rcc.o
 .text.RCC_HCLKConfig
                0x00000000       0x40 ..\obj\stm32f10x_rcc.o
 .text.RCC_PCLK1Config
                0x00000000       0x40 ..\obj\stm32f10x_rcc.o
 .text.RCC_PCLK2Config
                0x00000000       0x44 ..\obj\stm32f10x_rcc.o
 .text.RCC_ITConfig
                0x00000000       0x60 ..\obj\stm32f10x_rcc.o
 .text.RCC_USBCLKConfig
                0x00000000       0x20 ..\obj\stm32f10x_rcc.o
 .text.RCC_ADCCLKConfig
                0x00000000       0x40 ..\obj\stm32f10x_rcc.o
 .text.RCC_LSEConfig
                0x00000000       0x60 ..\obj\stm32f10x_rcc.o
 .text.RCC_LSICmd
                0x00000000       0x20 ..\obj\stm32f10x_rcc.o
 .text.RCC_RTCCLKConfig
                0x00000000       0x2c ..\obj\stm32f10x_rcc.o
 .text.RCC_RTCCLKCmd
                0x00000000       0x20 ..\obj\stm32f10x_rcc.o
 .text.RCC_AHBPeriphClockCmd
                0x00000000       0x58 ..\obj\stm32f10x_rcc.o
 .text.RCC_APB1PeriphClockCmd
                0x00000000       0x58 ..\obj\stm32f10x_rcc.o
 .text.RCC_APB2PeriphResetCmd
                0x00000000       0x58 ..\obj\stm32f10x_rcc.o
 .text.RCC_APB1PeriphResetCmd
                0x00000000       0x58 ..\obj\stm32f10x_rcc.o
 .text.RCC_BackupResetCmd
                0x00000000       0x20 ..\obj\stm32f10x_rcc.o
 .text.RCC_ClockSecuritySystemCmd
                0x00000000       0x20 ..\obj\stm32f10x_rcc.o
 .text.RCC_MCOConfig
                0x00000000       0x20 ..\obj\stm32f10x_rcc.o
 .text.RCC_GetFlagStatus
                0x00000000       0x90 ..\obj\stm32f10x_rcc.o
 .text.RCC_ClearFlag
                0x00000000       0x24 ..\obj\stm32f10x_rcc.o
 .text.RCC_GetITStatus
                0x00000000       0x40 ..\obj\stm32f10x_rcc.o
 .text.RCC_ClearITPendingBit
                0x00000000       0x20 ..\obj\stm32f10x_rcc.o
 .text          0x00000000        0x0 ..\obj\stm32f10x_exti.o
 .data          0x00000000        0x0 ..\obj\stm32f10x_exti.o
 .bss           0x00000000        0x0 ..\obj\stm32f10x_exti.o
 .text.EXTI_DeInit
                0x00000000       0x54 ..\obj\stm32f10x_exti.o
 .text.EXTI_StructInit
                0x00000000       0x34 ..\obj\stm32f10x_exti.o
 .text.EXTI_GetFlagStatus
                0x00000000       0x40 ..\obj\stm32f10x_exti.o
 .text.EXTI_ClearFlag
                0x00000000       0x20 ..\obj\stm32f10x_exti.o
 .text.EXTI_GetITStatus
                0x00000000       0x5c ..\obj\stm32f10x_exti.o
 .text.EXTI_ClearITPendingBit
                0x00000000       0x20 ..\obj\stm32f10x_exti.o
 .text          0x00000000        0x0 ..\obj\stm32f10x_usart.o
 .data          0x00000000        0x0 ..\obj\stm32f10x_usart.o
 .bss           0x00000000        0x0 ..\obj\stm32f10x_usart.o
 .text.USART_DeInit
                0x00000000       0xd8 ..\obj\stm32f10x_usart.o
 .text.USART_StructInit
                0x00000000       0x44 ..\obj\stm32f10x_usart.o
 .text.USART_ClockInit
                0x00000000       0x58 ..\obj\stm32f10x_usart.o
 .text.USART_ClockStructInit
                0x00000000       0x34 ..\obj\stm32f10x_usart.o
 .text.USART_DMACmd
                0x00000000       0x48 ..\obj\stm32f10x_usart.o
 .text.USART_SetAddress
                0x00000000       0x38 ..\obj\stm32f10x_usart.o
 .text.USART_WakeUpConfig
                0x00000000       0x38 ..\obj\stm32f10x_usart.o
 .text.USART_ReceiverWakeUpCmd
                0x00000000       0x40 ..\obj\stm32f10x_usart.o
 .text.USART_LINBreakDetectLengthConfig
                0x00000000       0x38 ..\obj\stm32f10x_usart.o
 .text.USART_LINCmd
                0x00000000       0x40 ..\obj\stm32f10x_usart.o
 .text.USART_ReceiveData
                0x00000000       0x24 ..\obj\stm32f10x_usart.o
 .text.USART_SendBreak
                0x00000000       0x24 ..\obj\stm32f10x_usart.o
 .text.USART_SetGuardTime
                0x00000000       0x3c ..\obj\stm32f10x_usart.o
 .text.USART_SetPrescaler
                0x00000000       0x38 ..\obj\stm32f10x_usart.o
 .text.USART_SmartCardCmd
                0x00000000       0x40 ..\obj\stm32f10x_usart.o
 .text.USART_SmartCardNACKCmd
                0x00000000       0x40 ..\obj\stm32f10x_usart.o
 .text.USART_HalfDuplexCmd
                0x00000000       0x40 ..\obj\stm32f10x_usart.o
 .text.USART_OverSampling8Cmd
                0x00000000       0x48 ..\obj\stm32f10x_usart.o
 .text.USART_OneBitMethodCmd
                0x00000000       0x40 ..\obj\stm32f10x_usart.o
 .text.USART_IrDAConfig
                0x00000000       0x38 ..\obj\stm32f10x_usart.o
 .text.USART_IrDACmd
                0x00000000       0x40 ..\obj\stm32f10x_usart.o
 .text.USART_ClearFlag
                0x00000000       0x24 ..\obj\stm32f10x_usart.o
 .text.USART_GetITStatus
                0x00000000       0xc4 ..\obj\stm32f10x_usart.o
 .text.USART_ClearITPendingBit
                0x00000000       0x44 ..\obj\stm32f10x_usart.o
 .text          0x00000000        0x0 ..\obj\misc.o
 .data          0x00000000        0x0 ..\obj\misc.o
 .bss           0x00000000        0x0 ..\obj\misc.o
 .text.NVIC_PriorityGroupConfig
                0x00000000       0x28 ..\obj\misc.o
 .text.NVIC_SetVectorTable
                0x00000000       0x2c ..\obj\misc.o
 .text.NVIC_SystemLPConfig
                0x00000000       0x58 ..\obj\misc.o
 .text.SysTick_CLKSourceConfig
                0x00000000       0x4c ..\obj\misc.o

Memory Configuration

Name             Origin             Length             Attributes
rom              0x08004000         0x0000c000         xr
ram              0x20000000         0x00005000         xrw
*default*        0x00000000         0xffffffff

Linker script and memory map

                0x20005000                _eram = 0x20005000

.text           0x08004000     0x1150
 *(.isr_vector .isr_vector.*)
 .isr_vector    0x08004000      0x10c ..\obj\startup_stm32f10x_md.o
                0x08004000                g_pfnVectors
 *(.text .text.* .gnu.linkonce.t.*)
 .text.SystemInit
                0x0800410c       0xb0 ..\obj\system_stm32f10x.o
                0x0800410c                SystemInit
 .text.SetSysClock
                0x080041bc        0xc ..\obj\system_stm32f10x.o
 .text.SetSysClockTo72
                0x080041c8      0x1ac ..\obj\system_stm32f10x.o
 .text.Default_Reset_Handler
                0x08004374       0x6c ..\obj\startup_stm32f10x_md.o
                0x08004374                Default_Reset_Handler
                0x08004374                Reset_Handler
 .text.Default_Handler
                0x080043e0        0x8 ..\obj\startup_stm32f10x_md.o
                0x080043e0                EXTI2_IRQHandler
                0x080043e0                DebugMon_Handler
                0x080043e0                TIM1_CC_IRQHandler
                0x080043e0                HardFault_Handler
                0x080043e0                SysTick_Handler
                0x080043e0                PVD_IRQHandler
                0x080043e0                PendSV_Handler
                0x080043e0                NMI_Handler
                0x080043e0                EXTI3_IRQHandler
                0x080043e0                EXTI0_IRQHandler
                0x080043e0                I2C2_EV_IRQHandler
                0x080043e0                UsageFault_Handler
                0x080043e0                ADC1_2_IRQHandler
                0x080043e0                SPI1_IRQHandler
                0x080043e0                TAMPER_IRQHandler
                0x080043e0                DMA1_Channel4_IRQHandler
                0x080043e0                USART3_IRQHandler
                0x080043e0                RTC_IRQHandler
                0x080043e0                DMA1_Channel7_IRQHandler
                0x080043e0                CAN1_RX1_IRQHandler
                0x080043e0                TIM4_IRQHandler
                0x080043e0                I2C1_EV_IRQHandler
                0x080043e0                DMA1_Channel6_IRQHandler
                0x080043e0                TIM3_IRQHandler
                0x080043e0                RCC_IRQHandler
                0x080043e0                TIM1_TRG_COM_IRQHandler
                0x080043e0                DMA1_Channel1_IRQHandler
                0x080043e0                EXTI15_10_IRQHandler
                0x080043e0                EXTI9_5_IRQHandler
                0x080043e0                SPI2_IRQHandler
                0x080043e0                MemManage_Handler
                0x080043e0                SVC_Handler
                0x080043e0                DMA1_Channel5_IRQHandler
                0x080043e0                EXTI4_IRQHandler
                0x080043e0                USB_LP_CAN1_RX0_IRQHandler
                0x080043e0                USB_HP_CAN1_TX_IRQHandler
                0x080043e0                DMA1_Channel3_IRQHandler
                0x080043e0                TIM1_UP_IRQHandler
                0x080043e0                WWDG_IRQHandler
                0x080043e0                TIM2_IRQHandler
                0x080043e0                TIM1_BRK_IRQHandler
                0x080043e0                EXTI1_IRQHandler
                0x080043e0                RTCAlarm_IRQHandler
                0x080043e0                USART2_IRQHandler
                0x080043e0                I2C2_ER_IRQHandler
                0x080043e0                DMA1_Channel2_IRQHandler
                0x080043e0                CAN1_SCE_IRQHandler
                0x080043e0                FLASH_IRQHandler
                0x080043e0                BusFault_Handler
                0x080043e0                USART1_IRQHandler
                0x080043e0                I2C1_ER_IRQHandler
                0x080043e0                USBWakeUp_IRQHandler
 .text.GPIO_Init
                0x080043e8      0x1b0 ..\obj\stm32f10x_gpio.o
                0x080043e8                GPIO_Init
 .text.GPIO_EXTILineConfig
                0x08004598       0xb4 ..\obj\stm32f10x_gpio.o
                0x08004598                GPIO_EXTILineConfig
 .text.USART1_Putch
                0x0800464c       0x3c ..\obj\main.o
                0x0800464c                USART1_Putch
 .text.USART1_Print
                0x08004688       0x44 ..\obj\main.o
                0x08004688                USART1_Print
 .text.USART1_Init
                0x080046cc       0xd0 ..\obj\main.o
                0x080046cc                USART1_Init
 .text.main     0x0800479c       0x90 ..\obj\main.o
                0x0800479c                main
 .text.EXTI0_Config
                0x0800482c       0xe4 ..\obj\main.o
                0x0800482c                EXTI0_Config
 .text.RCC_GetClocksFreq
                0x08004910      0x1d4 ..\obj\stm32f10x_rcc.o
                0x08004910                RCC_GetClocksFreq
 .text.RCC_APB2PeriphClockCmd
                0x08004ae4       0x58 ..\obj\stm32f10x_rcc.o
                0x08004ae4                RCC_APB2PeriphClockCmd
 .text.EXTI_Init
                0x08004b3c      0x144 ..\obj\stm32f10x_exti.o
                0x08004b3c                EXTI_Init
 .text.EXTI_GenerateSWInterrupt
                0x08004c80       0x2c ..\obj\stm32f10x_exti.o
                0x08004c80                EXTI_GenerateSWInterrupt
 .text.USART_Init
                0x08004cac      0x1ac ..\obj\stm32f10x_usart.o
                0x08004cac                USART_Init
 .text.USART_Cmd
                0x08004e58       0x40 ..\obj\stm32f10x_usart.o
                0x08004e58                USART_Cmd
 .text.USART_ITConfig
                0x08004e98       0xa4 ..\obj\stm32f10x_usart.o
                0x08004e98                USART_ITConfig
 .text.USART_SendData
                0x08004f3c       0x28 ..\obj\stm32f10x_usart.o
                0x08004f3c                USART_SendData
 .text.USART_GetFlagStatus
                0x08004f64       0x40 ..\obj\stm32f10x_usart.o
                0x08004f64                USART_GetFlagStatus
 .text.NVIC_Init
                0x08004fa4       0xe8 ..\obj\misc.o
                0x08004fa4                NVIC_Init
 *(.glue_7t)
 .glue_7t       0x00000000        0x0 linker stubs
 *(.glue_7)
 .glue_7        0x00000000        0x0 linker stubs
 *(.rodata .rodata* .gnu.linkonce.r.*)
 .rodata        0x0800508c       0xc4 ..\obj\main.o

.vfp11_veneer   0x08005150        0x0
 .vfp11_veneer  0x00000000        0x0 linker stubs

.v4_bx          0x08005150        0x0
 .v4_bx         0x00000000        0x0 linker stubs

.ARM.extab
 *(.ARM.extab* .gnu.linkonce.armextab.*)
                0x08005150                __exidx_start = .

.ARM.exidx
 *(.ARM.exidx* .gnu.linkonce.armexidx.*)
                0x08005150                __exidx_end = .
                0x08005150                . = ALIGN (0x4)
                0x08005150                _etext = .
                0x08005150                _sidata = .

.data           0x20000000       0x14 load address 0x08005150
                0x20000000                _sdata = .
 *(.data .data.*)
 .data          0x20000000       0x14 ..\obj\stm32f10x_rcc.o
                0x20000014                . = ALIGN (0x4)
                0x20000014                _edata = .

.bss            0x20000014       0x10 load address 0x08005164
                0x20000014                _sbss = .
 *(.bss .bss.*)
 *(COMMON)
 COMMON         0x20000014       0x10 ..\obj\main.o
                0x20000014                GPIO_InitStructure
                0x20000018                NVIC_InitStructure
                0x2000001c                EXTI_InitStructure
                0x20000024                . = ALIGN (0x4)
                0x20000024                _ebss = .

.co_stack       0x20000024      0x804 load address 0x08005174
                0x20000028                . = ALIGN (0x8)
 *fill*         0x20000024        0x4 00
 *(.co_stack .co_stack.*)
 .co_stack      0x20000028      0x800 ..\obj\startup_stm32f10x_md.o
                0x20000028                pulStack
                0x20000828                . = ALIGN (0x4)
                0x20000828                _end = .
LOAD ..\obj\core_cm3.o
LOAD ..\obj\system_stm32f10x.o
LOAD ..\obj\startup_stm32f10x_md.o
LOAD ..\obj\stm32f10x_gpio.o
LOAD ..\obj\main.o
LOAD ..\obj\stm32f10x_rcc.o
LOAD ..\obj\stm32f10x_exti.o
LOAD ..\obj\stm32f10x_usart.o
LOAD ..\obj\misc.o
START GROUP
LOAD c:/program files (x86)/gnu tools arm embedded/4.6 2012q2/bin/../lib/gcc/arm-none-eabi/4.6.2/armv7-m\libgcc.a
LOAD c:/program files (x86)/gnu tools arm embedded/4.6 2012q2/bin/../lib/gcc/arm-none-eabi/4.6.2/../../../../arm-none-eabi/lib/armv7-m\libg.a
LOAD c:/program files (x86)/gnu tools arm embedded/4.6 2012q2/bin/../lib/gcc/arm-none-eabi/4.6.2/../../../../arm-none-eabi/lib/armv7-m\libc.a
END GROUP
OUTPUT(Template.elf elf32-littlearm)

.debug_info     0x00000000     0x35a4
 .debug_info    0x00000000      0x548 ..\obj\core_cm3.o
 .debug_info    0x00000548      0x4a0 ..\obj\system_stm32f10x.o
 .debug_info    0x000009e8      0x144 ..\obj\startup_stm32f10x_md.o
 .debug_info    0x00000b2c      0x723 ..\obj\stm32f10x_gpio.o
 .debug_info    0x0000124f      0x741 ..\obj\main.o
 .debug_info    0x00001990      0x901 ..\obj\stm32f10x_rcc.o
 .debug_info    0x00002291      0x361 ..\obj\stm32f10x_exti.o
 .debug_info    0x000025f2      0xa6c ..\obj\stm32f10x_usart.o
 .debug_info    0x0000305e      0x546 ..\obj\misc.o

.debug_abbrev   0x00000000      0xbaa
 .debug_abbrev  0x00000000       0xd5 ..\obj\core_cm3.o
 .debug_abbrev  0x000000d5      0x17e ..\obj\system_stm32f10x.o
 .debug_abbrev  0x00000253       0xac ..\obj\startup_stm32f10x_md.o
 .debug_abbrev  0x000002ff      0x1a4 ..\obj\stm32f10x_gpio.o
 .debug_abbrev  0x000004a3      0x19c ..\obj\main.o
 .debug_abbrev  0x0000063f      0x191 ..\obj\stm32f10x_rcc.o
 .debug_abbrev  0x000007d0      0x14a ..\obj\stm32f10x_exti.o
 .debug_abbrev  0x0000091a      0x15b ..\obj\stm32f10x_usart.o
 .debug_abbrev  0x00000a75      0x135 ..\obj\misc.o

.debug_loc      0x00000000     0x1a7c
 .debug_loc     0x00000000      0x3f0 ..\obj\core_cm3.o
 .debug_loc     0x000003f0       0xc8 ..\obj\system_stm32f10x.o
 .debug_loc     0x000004b8       0x64 ..\obj\startup_stm32f10x_md.o
 .debug_loc     0x0000051c      0x3e4 ..\obj\stm32f10x_gpio.o
 .debug_loc     0x00000900      0x17c ..\obj\main.o
 .debug_loc     0x00000a7c      0x6dc ..\obj\stm32f10x_rcc.o
 .debug_loc     0x00001158      0x1b4 ..\obj\stm32f10x_exti.o
 .debug_loc     0x0000130c      0x658 ..\obj\stm32f10x_usart.o
 .debug_loc     0x00001964      0x118 ..\obj\misc.o

.debug_aranges  0x00000000      0x4d0
 .debug_aranges
                0x00000000       0xc8 ..\obj\core_cm3.o
 .debug_aranges
                0x000000c8       0x38 ..\obj\system_stm32f10x.o
 .debug_aranges
                0x00000100       0x28 ..\obj\startup_stm32f10x_md.o
 .debug_aranges
                0x00000128       0xa8 ..\obj\stm32f10x_gpio.o
 .debug_aranges
                0x000001d0       0x50 ..\obj\main.o
 .debug_aranges
                0x00000220      0x118 ..\obj\stm32f10x_rcc.o
 .debug_aranges
                0x00000338       0x58 ..\obj\stm32f10x_exti.o
 .debug_aranges
                0x00000390      0x100 ..\obj\stm32f10x_usart.o
 .debug_aranges
                0x00000490       0x40 ..\obj\misc.o

.debug_ranges   0x00000000      0x440
 .debug_ranges  0x00000000       0xb8 ..\obj\core_cm3.o
 .debug_ranges  0x000000b8       0x28 ..\obj\system_stm32f10x.o
 .debug_ranges  0x000000e0       0x18 ..\obj\startup_stm32f10x_md.o
 .debug_ranges  0x000000f8       0x98 ..\obj\stm32f10x_gpio.o
 .debug_ranges  0x00000190       0x40 ..\obj\main.o
 .debug_ranges  0x000001d0      0x108 ..\obj\stm32f10x_rcc.o
 .debug_ranges  0x000002d8       0x48 ..\obj\stm32f10x_exti.o
 .debug_ranges  0x00000320       0xf0 ..\obj\stm32f10x_usart.o
 .debug_ranges  0x00000410       0x30 ..\obj\misc.o

.debug_line     0x00000000     0x1820
 .debug_line    0x00000000      0x28a ..\obj\core_cm3.o
 .debug_line    0x0000028a      0x211 ..\obj\system_stm32f10x.o
 .debug_line    0x0000049b       0x9c ..\obj\startup_stm32f10x_md.o
 .debug_line    0x00000537      0x354 ..\obj\stm32f10x_gpio.o
 .debug_line    0x0000088b      0x2c1 ..\obj\main.o
 .debug_line    0x00000b4c      0x462 ..\obj\stm32f10x_rcc.o
 .debug_line    0x00000fae      0x249 ..\obj\stm32f10x_exti.o
 .debug_line    0x000011f7      0x440 ..\obj\stm32f10x_usart.o
 .debug_line    0x00001637      0x1e9 ..\obj\misc.o

.debug_str      0x00000000     0x175e
 .debug_str     0x00000000      0x21c ..\obj\core_cm3.o
                                0x260 (size before relaxing)
 .debug_str     0x0000021c      0x173 ..\obj\system_stm32f10x.o
                                0x273 (size before relaxing)
 .debug_str     0x0000038f       0xaa ..\obj\startup_stm32f10x_md.o
                                0x112 (size before relaxing)
 .debug_str     0x00000439      0x3b9 ..\obj\stm32f10x_gpio.o
                                0x4ad (size before relaxing)
 .debug_str     0x000007f2      0x595 ..\obj\main.o
                                0x7df (size before relaxing)
 .debug_str     0x00000d87      0x3e2 ..\obj\stm32f10x_rcc.o
                                0x5ae (size before relaxing)
 .debug_str     0x00001169       0xff ..\obj\stm32f10x_exti.o
                                0x2f2 (size before relaxing)
 .debug_str     0x00001268      0x3a3 ..\obj\stm32f10x_usart.o
                                0x624 (size before relaxing)
 .debug_str     0x0000160b      0x153 ..\obj\misc.o
                                0x357 (size before relaxing)

.comment        0x00000000       0x70
 .comment       0x00000000       0x70 ..\obj\core_cm3.o
                                 0x71 (size before relaxing)
 .comment       0x00000000       0x71 ..\obj\system_stm32f10x.o
 .comment       0x00000000       0x71 ..\obj\startup_stm32f10x_md.o
 .comment       0x00000000       0x71 ..\obj\stm32f10x_gpio.o
 .comment       0x00000000       0x71 ..\obj\main.o
 .comment       0x00000000       0x71 ..\obj\stm32f10x_rcc.o
 .comment       0x00000000       0x71 ..\obj\stm32f10x_exti.o
 .comment       0x00000000       0x71 ..\obj\stm32f10x_usart.o
 .comment       0x00000000       0x71 ..\obj\misc.o

.ARM.attributes
                0x00000000       0x33
 .ARM.attributes
                0x00000000       0x33 ..\obj\core_cm3.o
 .ARM.attributes
                0x00000033       0x33 ..\obj\system_stm32f10x.o
 .ARM.attributes
                0x00000066       0x33 ..\obj\startup_stm32f10x_md.o
 .ARM.attributes
                0x00000099       0x33 ..\obj\stm32f10x_gpio.o
 .ARM.attributes
                0x000000cc       0x33 ..\obj\main.o
 .ARM.attributes
                0x000000ff       0x33 ..\obj\stm32f10x_rcc.o
 .ARM.attributes
                0x00000132       0x33 ..\obj\stm32f10x_exti.o
 .ARM.attributes
                0x00000165       0x33 ..\obj\stm32f10x_usart.o
 .ARM.attributes
                0x00000198       0x33 ..\obj\misc.o

.debug_frame    0x00000000      0xe94
 .debug_frame   0x00000000      0x280 ..\obj\core_cm3.o
 .debug_frame   0x00000280       0x80 ..\obj\system_stm32f10x.o
 .debug_frame   0x00000300       0x48 ..\obj\startup_stm32f10x_md.o
 .debug_frame   0x00000348      0x210 ..\obj\stm32f10x_gpio.o
 .debug_frame   0x00000558       0xe8 ..\obj\main.o
 .debug_frame   0x00000640      0x388 ..\obj\stm32f10x_rcc.o
 .debug_frame   0x000009c8       0xec ..\obj\stm32f10x_exti.o
 .debug_frame   0x00000ab4      0x344 ..\obj\stm32f10x_usart.o
 .debug_frame   0x00000df8       0x9c ..\obj\misc.o
