
Discarded input sections

 .text          0x00000000        0x0 ..\obj\core_cm3.o
 .data          0x00000000        0x0 ..\obj\core_cm3.o
 .bss           0x00000000        0x0 ..\obj\core_cm3.o
 .text.__get_PSP
                0x00000000       0x10 ..\obj\core_cm3.o
 .text.__set_PSP
                0x00000000        0x8 ..\obj\core_cm3.o
 .text.__get_MSP
                0x00000000       0x10 ..\obj\core_cm3.o
 .text.__set_MSP
                0x00000000        0x8 ..\obj\core_cm3.o
 .text.__get_BASEPRI
                0x00000000       0x20 ..\obj\core_cm3.o
 .text.__set_BASEPRI
                0x00000000       0x18 ..\obj\core_cm3.o
 .text.__get_PRIMASK
                0x00000000       0x20 ..\obj\core_cm3.o
 .text.__set_PRIMASK
                0x00000000       0x18 ..\obj\core_cm3.o
 .text.__get_FAULTMASK
                0x00000000       0x20 ..\obj\core_cm3.o
 .text.__set_FAULTMASK
                0x00000000       0x18 ..\obj\core_cm3.o
 .text.__get_CONTROL
                0x00000000       0x20 ..\obj\core_cm3.o
 .text.__set_CONTROL
                0x00000000       0x18 ..\obj\core_cm3.o
 .text.__REV    0x00000000       0x24 ..\obj\core_cm3.o
 .text.__REV16  0x00000000       0x24 ..\obj\core_cm3.o
 .text.__REVSH  0x00000000       0x24 ..\obj\core_cm3.o
 .text.__RBIT   0x00000000       0x24 ..\obj\core_cm3.o
 .text.__LDREXB
                0x00000000       0x24 ..\obj\core_cm3.o
 .text.__LDREXH
                0x00000000       0x24 ..\obj\core_cm3.o
 .text.__LDREXW
                0x00000000       0x24 ..\obj\core_cm3.o
 .text.__STREXB
                0x00000000       0x2c ..\obj\core_cm3.o
 .text.__STREXH
                0x00000000       0x2c ..\obj\core_cm3.o
 .text.__STREXW
                0x00000000       0x28 ..\obj\core_cm3.o
 .text          0x00000000        0x0 ..\obj\system_stm32f10x.o
 .data          0x00000000       0x14 ..\obj\system_stm32f10x.o
 .bss           0x00000000        0x0 ..\obj\system_stm32f10x.o
 .text.SystemCoreClockUpdate
                0x00000000      0x148 ..\obj\system_stm32f10x.o
 .text          0x00000000        0x0 ..\obj\startup_stm32f10x_md.o
 .data          0x00000000        0x0 ..\obj\startup_stm32f10x_md.o
 .bss           0x00000000        0x0 ..\obj\startup_stm32f10x_md.o
 .text          0x00000000        0x0 ..\obj\stm32f10x_gpio.o
 .data          0x00000000        0x0 ..\obj\stm32f10x_gpio.o
 .bss           0x00000000        0x0 ..\obj\stm32f10x_gpio.o
 .text.GPIO_DeInit
                0x00000000      0x128 ..\obj\stm32f10x_gpio.o
 .text.GPIO_AFIODeInit
                0x00000000       0x20 ..\obj\stm32f10x_gpio.o
 .text.GPIO_StructInit
                0x00000000       0x2c ..\obj\stm32f10x_gpio.o
 .text.GPIO_ReadInputDataBit
                0x00000000       0x3c ..\obj\stm32f10x_gpio.o
 .text.GPIO_ReadInputData
                0x00000000       0x1c ..\obj\stm32f10x_gpio.o
 .text.GPIO_ReadOutputDataBit
                0x00000000       0x3c ..\obj\stm32f10x_gpio.o
 .text.GPIO_ReadOutputData
                0x00000000       0x1c ..\obj\stm32f10x_gpio.o
 .text.GPIO_WriteBit
                0x00000000       0x30 ..\obj\stm32f10x_gpio.o
 .text.GPIO_Write
                0x00000000       0x1c ..\obj\stm32f10x_gpio.o
 .text.GPIO_PinLockConfig
                0x00000000       0x44 ..\obj\stm32f10x_gpio.o
 .text.GPIO_EventOutputConfig
                0x00000000       0x54 ..\obj\stm32f10x_gpio.o
 .text.GPIO_EventOutputCmd
                0x00000000       0x20 ..\obj\stm32f10x_gpio.o
 .text.GPIO_PinRemapConfig
                0x00000000      0x120 ..\obj\stm32f10x_gpio.o
 .text.GPIO_EXTILineConfig
                0x00000000       0xb4 ..\obj\stm32f10x_gpio.o
 .text.GPIO_ETH_MediaInterfaceConfig
                0x00000000       0x20 ..\obj\stm32f10x_gpio.o
 .text          0x00000000        0x0 ..\obj\main.o
 .data          0x00000000        0x0 ..\obj\main.o
 .text.DF_SPI_init
                0x00000000       0xd4 ..\obj\main.o
 .text          0x00000000        0x0 ..\obj\stm32f10x_rcc.o
 .bss           0x00000000        0x0 ..\obj\stm32f10x_rcc.o
 .text.RCC_DeInit
                0x00000000       0x9c ..\obj\stm32f10x_rcc.o
 .text.RCC_HSEConfig
                0x00000000       0x88 ..\obj\stm32f10x_rcc.o
 .text.RCC_WaitForHSEStartUp
                0x00000000       0x64 ..\obj\stm32f10x_rcc.o
 .text.RCC_AdjustHSICalibrationValue
                0x00000000       0x48 ..\obj\stm32f10x_rcc.o
 .text.RCC_HSICmd
                0x00000000       0x20 ..\obj\stm32f10x_rcc.o
 .text.RCC_PLLConfig
                0x00000000       0x48 ..\obj\stm32f10x_rcc.o
 .text.RCC_PLLCmd
                0x00000000       0x20 ..\obj\stm32f10x_rcc.o
 .text.RCC_SYSCLKConfig
                0x00000000       0x40 ..\obj\stm32f10x_rcc.o
 .text.RCC_GetSYSCLKSource
                0x00000000       0x20 ..\obj\stm32f10x_rcc.o
 .text.RCC_HCLKConfig
                0x00000000       0x40 ..\obj\stm32f10x_rcc.o
 .text.RCC_PCLK1Config
                0x00000000       0x40 ..\obj\stm32f10x_rcc.o
 .text.RCC_PCLK2Config
                0x00000000       0x44 ..\obj\stm32f10x_rcc.o
 .text.RCC_ITConfig
                0x00000000       0x60 ..\obj\stm32f10x_rcc.o
 .text.RCC_USBCLKConfig
                0x00000000       0x20 ..\obj\stm32f10x_rcc.o
 .text.RCC_ADCCLKConfig
                0x00000000       0x40 ..\obj\stm32f10x_rcc.o
 .text.RCC_LSEConfig
                0x00000000       0x60 ..\obj\stm32f10x_rcc.o
 .text.RCC_LSICmd
                0x00000000       0x20 ..\obj\stm32f10x_rcc.o
 .text.RCC_RTCCLKConfig
                0x00000000       0x2c ..\obj\stm32f10x_rcc.o
 .text.RCC_RTCCLKCmd
                0x00000000       0x20 ..\obj\stm32f10x_rcc.o
 .text.RCC_AHBPeriphClockCmd
                0x00000000       0x58 ..\obj\stm32f10x_rcc.o
 .text.RCC_APB1PeriphClockCmd
                0x00000000       0x58 ..\obj\stm32f10x_rcc.o
 .text.RCC_APB2PeriphResetCmd
                0x00000000       0x58 ..\obj\stm32f10x_rcc.o
 .text.RCC_APB1PeriphResetCmd
                0x00000000       0x58 ..\obj\stm32f10x_rcc.o
 .text.RCC_BackupResetCmd
                0x00000000       0x20 ..\obj\stm32f10x_rcc.o
 .text.RCC_ClockSecuritySystemCmd
                0x00000000       0x20 ..\obj\stm32f10x_rcc.o
 .text.RCC_MCOConfig
                0x00000000       0x20 ..\obj\stm32f10x_rcc.o
 .text.RCC_GetFlagStatus
                0x00000000       0x90 ..\obj\stm32f10x_rcc.o
 .text.RCC_ClearFlag
                0x00000000       0x24 ..\obj\stm32f10x_rcc.o
 .text.RCC_GetITStatus
                0x00000000       0x40 ..\obj\stm32f10x_rcc.o
 .text.RCC_ClearITPendingBit
                0x00000000       0x20 ..\obj\stm32f10x_rcc.o
 .text          0x00000000        0x0 ..\obj\stm32f10x_usart.o
 .data          0x00000000        0x0 ..\obj\stm32f10x_usart.o
 .bss           0x00000000        0x0 ..\obj\stm32f10x_usart.o
 .text.USART_DeInit
                0x00000000       0xd8 ..\obj\stm32f10x_usart.o
 .text.USART_StructInit
                0x00000000       0x44 ..\obj\stm32f10x_usart.o
 .text.USART_ClockInit
                0x00000000       0x58 ..\obj\stm32f10x_usart.o
 .text.USART_ClockStructInit
                0x00000000       0x34 ..\obj\stm32f10x_usart.o
 .text.USART_DMACmd
                0x00000000       0x48 ..\obj\stm32f10x_usart.o
 .text.USART_SetAddress
                0x00000000       0x38 ..\obj\stm32f10x_usart.o
 .text.USART_WakeUpConfig
                0x00000000       0x38 ..\obj\stm32f10x_usart.o
 .text.USART_ReceiverWakeUpCmd
                0x00000000       0x40 ..\obj\stm32f10x_usart.o
 .text.USART_LINBreakDetectLengthConfig
                0x00000000       0x38 ..\obj\stm32f10x_usart.o
 .text.USART_LINCmd
                0x00000000       0x40 ..\obj\stm32f10x_usart.o
 .text.USART_ReceiveData
                0x00000000       0x24 ..\obj\stm32f10x_usart.o
 .text.USART_SendBreak
                0x00000000       0x24 ..\obj\stm32f10x_usart.o
 .text.USART_SetGuardTime
                0x00000000       0x3c ..\obj\stm32f10x_usart.o
 .text.USART_SetPrescaler
                0x00000000       0x38 ..\obj\stm32f10x_usart.o
 .text.USART_SmartCardCmd
                0x00000000       0x40 ..\obj\stm32f10x_usart.o
 .text.USART_SmartCardNACKCmd
                0x00000000       0x40 ..\obj\stm32f10x_usart.o
 .text.USART_HalfDuplexCmd
                0x00000000       0x40 ..\obj\stm32f10x_usart.o
 .text.USART_OverSampling8Cmd
                0x00000000       0x48 ..\obj\stm32f10x_usart.o
 .text.USART_OneBitMethodCmd
                0x00000000       0x40 ..\obj\stm32f10x_usart.o
 .text.USART_IrDAConfig
                0x00000000       0x38 ..\obj\stm32f10x_usart.o
 .text.USART_IrDACmd
                0x00000000       0x40 ..\obj\stm32f10x_usart.o
 .text.USART_ClearFlag
                0x00000000       0x24 ..\obj\stm32f10x_usart.o
 .text.USART_GetITStatus
                0x00000000       0xc4 ..\obj\stm32f10x_usart.o
 .text.USART_ClearITPendingBit
                0x00000000       0x44 ..\obj\stm32f10x_usart.o
 .text          0x00000000        0x0 ..\obj\stm32f10x_spi.o
 .data          0x00000000        0x0 ..\obj\stm32f10x_spi.o
 .bss           0x00000000        0x0 ..\obj\stm32f10x_spi.o
 .text.SPI_I2S_DeInit
                0x00000000       0x88 ..\obj\stm32f10x_spi.o
 .text.SPI_Init
                0x00000000       0x88 ..\obj\stm32f10x_spi.o
 .text.I2S_Init
                0x00000000      0x198 ..\obj\stm32f10x_spi.o
 .text.SPI_StructInit
                0x00000000       0x5c ..\obj\stm32f10x_spi.o
 .text.I2S_StructInit
                0x00000000       0x44 ..\obj\stm32f10x_spi.o
 .text.SPI_Cmd  0x00000000       0x40 ..\obj\stm32f10x_spi.o
 .text.I2S_Cmd  0x00000000       0x40 ..\obj\stm32f10x_spi.o
 .text.SPI_I2S_ITConfig
                0x00000000       0x6c ..\obj\stm32f10x_spi.o
 .text.SPI_I2S_DMACmd
                0x00000000       0x48 ..\obj\stm32f10x_spi.o
 .text.SPI_NSSInternalSoftwareConfig
                0x00000000       0x44 ..\obj\stm32f10x_spi.o
 .text.SPI_SSOutputCmd
                0x00000000       0x40 ..\obj\stm32f10x_spi.o
 .text.SPI_DataSizeConfig
                0x00000000       0x38 ..\obj\stm32f10x_spi.o
 .text.SPI_TransmitCRC
                0x00000000       0x24 ..\obj\stm32f10x_spi.o
 .text.SPI_CalculateCRC
                0x00000000       0x40 ..\obj\stm32f10x_spi.o
 .text.SPI_GetCRC
                0x00000000       0x34 ..\obj\stm32f10x_spi.o
 .text.SPI_GetCRCPolynomial
                0x00000000       0x1c ..\obj\stm32f10x_spi.o
 .text.SPI_BiDirectionalLineConfig
                0x00000000       0x40 ..\obj\stm32f10x_spi.o
 .text.SPI_I2S_ClearFlag
                0x00000000       0x24 ..\obj\stm32f10x_spi.o
 .text.SPI_I2S_GetITStatus
                0x00000000       0x88 ..\obj\stm32f10x_spi.o
 .text.SPI_I2S_ClearITPendingBit
                0x00000000       0x38 ..\obj\stm32f10x_spi.o

Memory Configuration

Name             Origin             Length             Attributes
rom              0x08004000         0x0000c000         xr
ram              0x20000000         0x00005000         xrw
*default*        0x00000000         0xffffffff

Linker script and memory map

                0x20005000                _eram = 0x20005000

.text           0x08004000     0x136c
 *(.isr_vector .isr_vector.*)
 .isr_vector    0x08004000      0x10c ..\obj\startup_stm32f10x_md.o
                0x08004000                g_pfnVectors
 *(.text .text.* .gnu.linkonce.t.*)
 .text.SystemInit
                0x0800410c       0xb0 ..\obj\system_stm32f10x.o
                0x0800410c                SystemInit
 .text.SetSysClock
                0x080041bc        0xc ..\obj\system_stm32f10x.o
 .text.SetSysClockTo72
                0x080041c8      0x1ac ..\obj\system_stm32f10x.o
 .text.Default_Reset_Handler
                0x08004374       0x6c ..\obj\startup_stm32f10x_md.o
                0x08004374                Default_Reset_Handler
                0x08004374                Reset_Handler
 .text.Default_Handler
                0x080043e0        0x8 ..\obj\startup_stm32f10x_md.o
                0x080043e0                EXTI2_IRQHandler
                0x080043e0                DebugMon_Handler
                0x080043e0                TIM1_CC_IRQHandler
                0x080043e0                HardFault_Handler
                0x080043e0                SysTick_Handler
                0x080043e0                PVD_IRQHandler
                0x080043e0                PendSV_Handler
                0x080043e0                NMI_Handler
                0x080043e0                EXTI3_IRQHandler
                0x080043e0                EXTI0_IRQHandler
                0x080043e0                I2C2_EV_IRQHandler
                0x080043e0                UsageFault_Handler
                0x080043e0                ADC1_2_IRQHandler
                0x080043e0                SPI1_IRQHandler
                0x080043e0                TAMPER_IRQHandler
                0x080043e0                DMA1_Channel4_IRQHandler
                0x080043e0                USART3_IRQHandler
                0x080043e0                RTC_IRQHandler
                0x080043e0                DMA1_Channel7_IRQHandler
                0x080043e0                CAN1_RX1_IRQHandler
                0x080043e0                TIM4_IRQHandler
                0x080043e0                I2C1_EV_IRQHandler
                0x080043e0                DMA1_Channel6_IRQHandler
                0x080043e0                TIM3_IRQHandler
                0x080043e0                RCC_IRQHandler
                0x080043e0                TIM1_TRG_COM_IRQHandler
                0x080043e0                DMA1_Channel1_IRQHandler
                0x080043e0                EXTI15_10_IRQHandler
                0x080043e0                EXTI9_5_IRQHandler
                0x080043e0                SPI2_IRQHandler
                0x080043e0                MemManage_Handler
                0x080043e0                SVC_Handler
                0x080043e0                DMA1_Channel5_IRQHandler
                0x080043e0                EXTI4_IRQHandler
                0x080043e0                USB_LP_CAN1_RX0_IRQHandler
                0x080043e0                USB_HP_CAN1_TX_IRQHandler
                0x080043e0                DMA1_Channel3_IRQHandler
                0x080043e0                TIM1_UP_IRQHandler
                0x080043e0                WWDG_IRQHandler
                0x080043e0                TIM2_IRQHandler
                0x080043e0                TIM1_BRK_IRQHandler
                0x080043e0                EXTI1_IRQHandler
                0x080043e0                RTCAlarm_IRQHandler
                0x080043e0                USART2_IRQHandler
                0x080043e0                I2C2_ER_IRQHandler
                0x080043e0                DMA1_Channel2_IRQHandler
                0x080043e0                CAN1_SCE_IRQHandler
                0x080043e0                FLASH_IRQHandler
                0x080043e0                BusFault_Handler
                0x080043e0                USART1_IRQHandler
                0x080043e0                I2C1_ER_IRQHandler
                0x080043e0                USBWakeUp_IRQHandler
 .text.GPIO_Init
                0x080043e8      0x1b0 ..\obj\stm32f10x_gpio.o
                0x080043e8                GPIO_Init
 .text.GPIO_SetBits
                0x08004598       0x1c ..\obj\stm32f10x_gpio.o
                0x08004598                GPIO_SetBits
 .text.GPIO_ResetBits
                0x080045b4       0x1c ..\obj\stm32f10x_gpio.o
                0x080045b4                GPIO_ResetBits
 .text.USART1_Putch
                0x080045d0       0x3c ..\obj\main.o
                0x080045d0                USART1_Putch
 .text.USART1_Print
                0x0800460c       0x44 ..\obj\main.o
                0x0800460c                USART1_Print
 .text.USART1_Print_Int
                0x08004650       0xd0 ..\obj\main.o
                0x08004650                USART1_Print_Int
 .text.USART1_Init
                0x08004720       0xd0 ..\obj\main.o
                0x08004720                USART1_Init
 .text.DF_SPI_RW
                0x080047f0       0x68 ..\obj\main.o
                0x080047f0                DF_SPI_RW
 .text.Read_DF_Status
                0x08004858       0x48 ..\obj\main.o
                0x08004858                Read_DF_Status
 .text.Buffer_Write_Byte
                0x080048a0       0xa8 ..\obj\main.o
                0x080048a0                Buffer_Write_Byte
 .text.Buffer_To_Page
                0x08004948       0xb0 ..\obj\main.o
                0x08004948                Buffer_To_Page
 .text.Cont_Flash_Read_Enable
                0x080049f8       0x38 ..\obj\main.o
                0x080049f8                Cont_Flash_Read_Enable
 .text.to_flash
                0x08004a30       0xa0 ..\obj\main.o
                0x08004a30                to_flash
 .text.main     0x08004ad0      0x1a4 ..\obj\main.o
                0x08004ad0                main
 .text.Delay    0x08004c74       0x24 ..\obj\main.o
                0x08004c74                Delay
 .text.RCC_GetClocksFreq
                0x08004c98      0x1d4 ..\obj\stm32f10x_rcc.o
                0x08004c98                RCC_GetClocksFreq
 .text.RCC_APB2PeriphClockCmd
                0x08004e6c       0x58 ..\obj\stm32f10x_rcc.o
                0x08004e6c                RCC_APB2PeriphClockCmd
 .text.USART_Init
                0x08004ec4      0x1ac ..\obj\stm32f10x_usart.o
                0x08004ec4                USART_Init
 .text.USART_Cmd
                0x08005070       0x40 ..\obj\stm32f10x_usart.o
                0x08005070                USART_Cmd
 .text.USART_ITConfig
                0x080050b0       0xa4 ..\obj\stm32f10x_usart.o
                0x080050b0                USART_ITConfig
 .text.USART_SendData
                0x08005154       0x28 ..\obj\stm32f10x_usart.o
                0x08005154                USART_SendData
 .text.USART_GetFlagStatus
                0x0800517c       0x40 ..\obj\stm32f10x_usart.o
                0x0800517c                USART_GetFlagStatus
 .text.SPI_I2S_SendData
                0x080051bc       0x1c ..\obj\stm32f10x_spi.o
                0x080051bc                SPI_I2S_SendData
 .text.SPI_I2S_ReceiveData
                0x080051d8       0x1c ..\obj\stm32f10x_spi.o
                0x080051d8                SPI_I2S_ReceiveData
 .text.SPI_I2S_GetFlagStatus
                0x080051f4       0x40 ..\obj\stm32f10x_spi.o
                0x080051f4                SPI_I2S_GetFlagStatus
 *(.glue_7t)
 .glue_7t       0x00000000        0x0 linker stubs
 *(.glue_7)
 .glue_7        0x00000000        0x0 linker stubs
 *(.rodata .rodata* .gnu.linkonce.r.*)
 .rodata        0x08005234      0x138 ..\obj\main.o

.vfp11_veneer   0x0800536c        0x0
 .vfp11_veneer  0x00000000        0x0 linker stubs

.v4_bx          0x0800536c        0x0
 .v4_bx         0x00000000        0x0 linker stubs

.ARM.extab
 *(.ARM.extab* .gnu.linkonce.armextab.*)
                0x0800536c                __exidx_start = .

.ARM.exidx
 *(.ARM.exidx* .gnu.linkonce.armexidx.*)
                0x0800536c                __exidx_end = .
                0x0800536c                . = ALIGN (0x4)
                0x0800536c                _etext = .
                0x0800536c                _sidata = .

.data           0x20000000       0x14 load address 0x0800536c
                0x20000000                _sdata = .
 *(.data .data.*)
 .data          0x20000000       0x14 ..\obj\stm32f10x_rcc.o
                0x20000014                . = ALIGN (0x4)
                0x20000014                _edata = .

.bss            0x20000014        0x8 load address 0x08005380
                0x20000014                _sbss = .
 *(.bss .bss.*)
 .bss           0x20000014        0x8 ..\obj\main.o
                0x20000014                page_counter
                0x20000018                buffer_counter
 *(COMMON)
                0x2000001c                . = ALIGN (0x4)
                0x2000001c                _ebss = .

.co_stack       0x2000001c      0x804 load address 0x08005388
                0x20000020                . = ALIGN (0x8)
 *fill*         0x2000001c        0x4 00
 *(.co_stack .co_stack.*)
 .co_stack      0x20000020      0x800 ..\obj\startup_stm32f10x_md.o
                0x20000020                pulStack
                0x20000820                . = ALIGN (0x4)
                0x20000820                _end = .
LOAD ..\obj\core_cm3.o
LOAD ..\obj\system_stm32f10x.o
LOAD ..\obj\startup_stm32f10x_md.o
LOAD ..\obj\stm32f10x_gpio.o
LOAD ..\obj\main.o
LOAD ..\obj\stm32f10x_rcc.o
LOAD ..\obj\stm32f10x_usart.o
LOAD ..\obj\stm32f10x_spi.o
START GROUP
LOAD c:/program files (x86)/gnu tools arm embedded/4.6 2012q2/bin/../lib/gcc/arm-none-eabi/4.6.2/armv7-m\libgcc.a
LOAD c:/program files (x86)/gnu tools arm embedded/4.6 2012q2/bin/../lib/gcc/arm-none-eabi/4.6.2/../../../../arm-none-eabi/lib/armv7-m\libg.a
LOAD c:/program files (x86)/gnu tools arm embedded/4.6 2012q2/bin/../lib/gcc/arm-none-eabi/4.6.2/../../../../arm-none-eabi/lib/armv7-m\libc.a
END GROUP
OUTPUT(Template.elf elf32-littlearm)

.debug_info     0x00000000     0x3747
 .debug_info    0x00000000      0x548 ..\obj\core_cm3.o
 .debug_info    0x00000548      0x4a0 ..\obj\system_stm32f10x.o
 .debug_info    0x000009e8      0x144 ..\obj\startup_stm32f10x_md.o
 .debug_info    0x00000b2c      0x723 ..\obj\stm32f10x_gpio.o
 .debug_info    0x0000124f      0x81a ..\obj\main.o
 .debug_info    0x00001a69      0x901 ..\obj\stm32f10x_rcc.o
 .debug_info    0x0000236a      0xa6c ..\obj\stm32f10x_usart.o
 .debug_info    0x00002dd6      0x971 ..\obj\stm32f10x_spi.o

.debug_abbrev   0x00000000      0xa86
 .debug_abbrev  0x00000000       0xd5 ..\obj\core_cm3.o
 .debug_abbrev  0x000000d5      0x17e ..\obj\system_stm32f10x.o
 .debug_abbrev  0x00000253       0xac ..\obj\startup_stm32f10x_md.o
 .debug_abbrev  0x000002ff      0x1a4 ..\obj\stm32f10x_gpio.o
 .debug_abbrev  0x000004a3      0x19a ..\obj\main.o
 .debug_abbrev  0x0000063d      0x191 ..\obj\stm32f10x_rcc.o
 .debug_abbrev  0x000007ce      0x15b ..\obj\stm32f10x_usart.o
 .debug_abbrev  0x00000929      0x15d ..\obj\stm32f10x_spi.o

.debug_loc      0x00000000     0x1e08
 .debug_loc     0x00000000      0x3f0 ..\obj\core_cm3.o
 .debug_loc     0x000003f0       0xc8 ..\obj\system_stm32f10x.o
 .debug_loc     0x000004b8       0x64 ..\obj\startup_stm32f10x_md.o
 .debug_loc     0x0000051c      0x3e4 ..\obj\stm32f10x_gpio.o
 .debug_loc     0x00000900      0x2cc ..\obj\main.o
 .debug_loc     0x00000bcc      0x6dc ..\obj\stm32f10x_rcc.o
 .debug_loc     0x000012a8      0x658 ..\obj\stm32f10x_usart.o
 .debug_loc     0x00001900      0x508 ..\obj\stm32f10x_spi.o

.debug_aranges  0x00000000      0x538
 .debug_aranges
                0x00000000       0xc8 ..\obj\core_cm3.o
 .debug_aranges
                0x000000c8       0x38 ..\obj\system_stm32f10x.o
 .debug_aranges
                0x00000100       0x28 ..\obj\startup_stm32f10x_md.o
 .debug_aranges
                0x00000128       0xa8 ..\obj\stm32f10x_gpio.o
 .debug_aranges
                0x000001d0       0x80 ..\obj\main.o
 .debug_aranges
                0x00000250      0x118 ..\obj\stm32f10x_rcc.o
 .debug_aranges
                0x00000368      0x100 ..\obj\stm32f10x_usart.o
 .debug_aranges
                0x00000468       0xd0 ..\obj\stm32f10x_spi.o

.debug_ranges   0x00000000      0x4b8
 .debug_ranges  0x00000000       0xb8 ..\obj\core_cm3.o
 .debug_ranges  0x000000b8       0x28 ..\obj\system_stm32f10x.o
 .debug_ranges  0x000000e0       0x18 ..\obj\startup_stm32f10x_md.o
 .debug_ranges  0x000000f8       0x98 ..\obj\stm32f10x_gpio.o
 .debug_ranges  0x00000190       0x70 ..\obj\main.o
 .debug_ranges  0x00000200      0x108 ..\obj\stm32f10x_rcc.o
 .debug_ranges  0x00000308       0xf0 ..\obj\stm32f10x_usart.o
 .debug_ranges  0x000003f8       0xc0 ..\obj\stm32f10x_spi.o

.debug_line     0x00000000     0x19b5
 .debug_line    0x00000000      0x294 ..\obj\core_cm3.o
 .debug_line    0x00000294      0x22f ..\obj\system_stm32f10x.o
 .debug_line    0x000004c3       0xa6 ..\obj\startup_stm32f10x_md.o
 .debug_line    0x00000569      0x37c ..\obj\stm32f10x_gpio.o
 .debug_line    0x000008e5      0x3ef ..\obj\main.o
 .debug_line    0x00000cd4      0x48a ..\obj\stm32f10x_rcc.o
 .debug_line    0x0000115e      0x468 ..\obj\stm32f10x_usart.o
 .debug_line    0x000015c6      0x3ef ..\obj\stm32f10x_spi.o

.debug_str      0x00000000     0x154d
 .debug_str     0x00000000      0x226 ..\obj\core_cm3.o
                                0x26a (size before relaxing)
 .debug_str     0x00000226      0x178 ..\obj\system_stm32f10x.o
                                0x27d (size before relaxing)
 .debug_str     0x0000039e       0xb4 ..\obj\startup_stm32f10x_md.o
                                0x11c (size before relaxing)
 .debug_str     0x00000452      0x3c3 ..\obj\stm32f10x_gpio.o
                                0x4b7 (size before relaxing)
 .debug_str     0x00000815      0x2d6 ..\obj\main.o
                                0x524 (size before relaxing)
 .debug_str     0x00000aeb      0x3ec ..\obj\stm32f10x_rcc.o
                                0x5b8 (size before relaxing)
 .debug_str     0x00000ed7      0x3ad ..\obj\stm32f10x_usart.o
                                0x62e (size before relaxing)
 .debug_str     0x00001284      0x2c9 ..\obj\stm32f10x_spi.o
                                0x59b (size before relaxing)

.comment        0x00000000       0x70
 .comment       0x00000000       0x70 ..\obj\core_cm3.o
                                 0x71 (size before relaxing)
 .comment       0x00000000       0x71 ..\obj\system_stm32f10x.o
 .comment       0x00000000       0x71 ..\obj\startup_stm32f10x_md.o
 .comment       0x00000000       0x71 ..\obj\stm32f10x_gpio.o
 .comment       0x00000000       0x71 ..\obj\main.o
 .comment       0x00000000       0x71 ..\obj\stm32f10x_rcc.o
 .comment       0x00000000       0x71 ..\obj\stm32f10x_usart.o
 .comment       0x00000000       0x71 ..\obj\stm32f10x_spi.o

.ARM.attributes
                0x00000000       0x33
 .ARM.attributes
                0x00000000       0x33 ..\obj\core_cm3.o
 .ARM.attributes
                0x00000033       0x33 ..\obj\system_stm32f10x.o
 .ARM.attributes
                0x00000066       0x33 ..\obj\startup_stm32f10x_md.o
 .ARM.attributes
                0x00000099       0x33 ..\obj\stm32f10x_gpio.o
 .ARM.attributes
                0x000000cc       0x33 ..\obj\main.o
 .ARM.attributes
                0x000000ff       0x33 ..\obj\stm32f10x_rcc.o
 .ARM.attributes
                0x00000132       0x33 ..\obj\stm32f10x_usart.o
 .ARM.attributes
                0x00000165       0x33 ..\obj\stm32f10x_spi.o

.debug_frame    0x00000000     0x1068
 .debug_frame   0x00000000      0x280 ..\obj\core_cm3.o
 .debug_frame   0x00000280       0x80 ..\obj\system_stm32f10x.o
 .debug_frame   0x00000300       0x48 ..\obj\startup_stm32f10x_md.o
 .debug_frame   0x00000348      0x210 ..\obj\stm32f10x_gpio.o
 .debug_frame   0x00000558      0x1a8 ..\obj\main.o
 .debug_frame   0x00000700      0x388 ..\obj\stm32f10x_rcc.o
 .debug_frame   0x00000a88      0x344 ..\obj\stm32f10x_usart.o
 .debug_frame   0x00000dcc      0x29c ..\obj\stm32f10x_spi.o
