
Discarded input sections

 .text          0x00000000        0x0 ..\obj\stm32f10x_tim.o
 .data          0x00000000        0x0 ..\obj\stm32f10x_tim.o
 .bss           0x00000000        0x0 ..\obj\stm32f10x_tim.o
 .text.TIM_TimeBaseInit
                0x00000000      0x11c ..\obj\stm32f10x_tim.o
 .text.TIM_OC1Init
                0x00000000      0x128 ..\obj\stm32f10x_tim.o
 .text.TIM_OC2Init
                0x00000000      0x128 ..\obj\stm32f10x_tim.o
 .text.TIM_OC3Init
                0x00000000      0x120 ..\obj\stm32f10x_tim.o
 .text.TIM_OC4Init
                0x00000000       0xe0 ..\obj\stm32f10x_tim.o
 .text.TIM_ICInit
                0x00000000       0xa8 ..\obj\stm32f10x_tim.o
 .text.TIM_PWMIConfig
                0x00000000       0xc4 ..\obj\stm32f10x_tim.o
 .text.TIM_BDTRConfig
                0x00000000       0x50 ..\obj\stm32f10x_tim.o
 .text.TIM_TimeBaseStructInit
                0x00000000       0x3c ..\obj\stm32f10x_tim.o
 .text.TIM_OCStructInit
                0x00000000       0x54 ..\obj\stm32f10x_tim.o
 .text.TIM_ICStructInit
                0x00000000       0x3c ..\obj\stm32f10x_tim.o
 .text.TIM_BDTRStructInit
                0x00000000       0x4c ..\obj\stm32f10x_tim.o
 .text.TIM_CtrlPWMOutputs
                0x00000000       0x50 ..\obj\stm32f10x_tim.o
 .text.TIM_GenerateEvent
                0x00000000       0x1c ..\obj\stm32f10x_tim.o
 .text.TIM_DMAConfig
                0x00000000       0x28 ..\obj\stm32f10x_tim.o
 .text.TIM_DMACmd
                0x00000000       0x48 ..\obj\stm32f10x_tim.o
 .text.TIM_InternalClockConfig
                0x00000000       0x24 ..\obj\stm32f10x_tim.o
 .text.TIM_ITRxExternalClockConfig
                0x00000000       0x30 ..\obj\stm32f10x_tim.o
 .text.TIM_TIxExternalClockConfig
                0x00000000       0x58 ..\obj\stm32f10x_tim.o
 .text.TIM_ETRClockMode1Config
                0x00000000       0x54 ..\obj\stm32f10x_tim.o
 .text.TIM_ETRClockMode2Config
                0x00000000       0x34 ..\obj\stm32f10x_tim.o
 .text.TIM_ETRConfig
                0x00000000       0x4c ..\obj\stm32f10x_tim.o
 .text.TIM_PrescalerConfig
                0x00000000       0x28 ..\obj\stm32f10x_tim.o
 .text.TIM_CounterModeConfig
                0x00000000       0x38 ..\obj\stm32f10x_tim.o
 .text.TIM_SelectInputTrigger
                0x00000000       0x38 ..\obj\stm32f10x_tim.o
 .text.TIM_EncoderInterfaceConfig
                0x00000000       0x94 ..\obj\stm32f10x_tim.o
 .text.TIM_ForcedOC1Config
                0x00000000       0x38 ..\obj\stm32f10x_tim.o
 .text.TIM_ForcedOC2Config
                0x00000000       0x40 ..\obj\stm32f10x_tim.o
 .text.TIM_ForcedOC3Config
                0x00000000       0x38 ..\obj\stm32f10x_tim.o
 .text.TIM_ForcedOC4Config
                0x00000000       0x40 ..\obj\stm32f10x_tim.o
 .text.TIM_ARRPreloadConfig
                0x00000000       0x40 ..\obj\stm32f10x_tim.o
 .text.TIM_SelectCOM
                0x00000000       0x40 ..\obj\stm32f10x_tim.o
 .text.TIM_SelectCCDMA
                0x00000000       0x40 ..\obj\stm32f10x_tim.o
 .text.TIM_CCPreloadControl
                0x00000000       0x40 ..\obj\stm32f10x_tim.o
 .text.TIM_OC1PreloadConfig
                0x00000000       0x38 ..\obj\stm32f10x_tim.o
 .text.TIM_OC2PreloadConfig
                0x00000000       0x40 ..\obj\stm32f10x_tim.o
 .text.TIM_OC3PreloadConfig
                0x00000000       0x38 ..\obj\stm32f10x_tim.o
 .text.TIM_OC4PreloadConfig
                0x00000000       0x40 ..\obj\stm32f10x_tim.o
 .text.TIM_OC1FastConfig
                0x00000000       0x38 ..\obj\stm32f10x_tim.o
 .text.TIM_OC2FastConfig
                0x00000000       0x40 ..\obj\stm32f10x_tim.o
 .text.TIM_OC3FastConfig
                0x00000000       0x38 ..\obj\stm32f10x_tim.o
 .text.TIM_OC4FastConfig
                0x00000000       0x40 ..\obj\stm32f10x_tim.o
 .text.TIM_ClearOC1Ref
                0x00000000       0x38 ..\obj\stm32f10x_tim.o
 .text.TIM_ClearOC2Ref
                0x00000000       0x44 ..\obj\stm32f10x_tim.o
 .text.TIM_ClearOC3Ref
                0x00000000       0x38 ..\obj\stm32f10x_tim.o
 .text.TIM_ClearOC4Ref
                0x00000000       0x44 ..\obj\stm32f10x_tim.o
 .text.TIM_OC1PolarityConfig
                0x00000000       0x38 ..\obj\stm32f10x_tim.o
 .text.TIM_OC1NPolarityConfig
                0x00000000       0x38 ..\obj\stm32f10x_tim.o
 .text.TIM_OC2PolarityConfig
                0x00000000       0x40 ..\obj\stm32f10x_tim.o
 .text.TIM_OC2NPolarityConfig
                0x00000000       0x40 ..\obj\stm32f10x_tim.o
 .text.TIM_OC3PolarityConfig
                0x00000000       0x40 ..\obj\stm32f10x_tim.o
 .text.TIM_OC3NPolarityConfig
                0x00000000       0x40 ..\obj\stm32f10x_tim.o
 .text.TIM_OC4PolarityConfig
                0x00000000       0x40 ..\obj\stm32f10x_tim.o
 .text.TIM_CCxCmd
                0x00000000       0x5c ..\obj\stm32f10x_tim.o
 .text.TIM_CCxNCmd
                0x00000000       0x5c ..\obj\stm32f10x_tim.o
 .text.TIM_SelectOCxM
                0x00000000       0xbc ..\obj\stm32f10x_tim.o
 .text.TIM_UpdateDisableConfig
                0x00000000       0x40 ..\obj\stm32f10x_tim.o
 .text.TIM_UpdateRequestConfig
                0x00000000       0x40 ..\obj\stm32f10x_tim.o
 .text.TIM_SelectHallSensor
                0x00000000       0x40 ..\obj\stm32f10x_tim.o
 .text.TIM_SelectOnePulseMode
                0x00000000       0x38 ..\obj\stm32f10x_tim.o
 .text.TIM_SelectOutputTrigger
                0x00000000       0x38 ..\obj\stm32f10x_tim.o
 .text.TIM_SelectSlaveMode
                0x00000000       0x38 ..\obj\stm32f10x_tim.o
 .text.TIM_SelectMasterSlaveMode
                0x00000000       0x38 ..\obj\stm32f10x_tim.o
 .text.TIM_SetCounter
                0x00000000       0x1c ..\obj\stm32f10x_tim.o
 .text.TIM_SetAutoreload
                0x00000000       0x1c ..\obj\stm32f10x_tim.o
 .text.TIM_SetCompare1
                0x00000000       0x1c ..\obj\stm32f10x_tim.o
 .text.TIM_SetCompare2
                0x00000000       0x1c ..\obj\stm32f10x_tim.o
 .text.TIM_SetCompare3
                0x00000000       0x1c ..\obj\stm32f10x_tim.o
 .text.TIM_SetCompare4
                0x00000000       0x20 ..\obj\stm32f10x_tim.o
 .text.TIM_SetIC1Prescaler
                0x00000000       0x38 ..\obj\stm32f10x_tim.o
 .text.TIM_SetIC2Prescaler
                0x00000000       0x3c ..\obj\stm32f10x_tim.o
 .text.TIM_SetIC3Prescaler
                0x00000000       0x38 ..\obj\stm32f10x_tim.o
 .text.TIM_SetIC4Prescaler
                0x00000000       0x3c ..\obj\stm32f10x_tim.o
 .text.TIM_SetClockDivision
                0x00000000       0x38 ..\obj\stm32f10x_tim.o
 .text.TIM_GetCapture1
                0x00000000       0x1c ..\obj\stm32f10x_tim.o
 .text.TIM_GetCapture2
                0x00000000       0x1c ..\obj\stm32f10x_tim.o
 .text.TIM_GetCapture3
                0x00000000       0x1c ..\obj\stm32f10x_tim.o
 .text.TIM_GetCapture4
                0x00000000       0x1c ..\obj\stm32f10x_tim.o
 .text.TIM_GetCounter
                0x00000000       0x1c ..\obj\stm32f10x_tim.o
 .text.TIM_GetPrescaler
                0x00000000       0x1c ..\obj\stm32f10x_tim.o
 .text.TIM_GetFlagStatus
                0x00000000       0x40 ..\obj\stm32f10x_tim.o
 .text.TI1_Config
                0x00000000       0xe4 ..\obj\stm32f10x_tim.o
 .text.TI2_Config
                0x00000000      0x104 ..\obj\stm32f10x_tim.o
 .text.TI3_Config
                0x00000000       0xf4 ..\obj\stm32f10x_tim.o
 .text.TI4_Config
                0x00000000      0x10c ..\obj\stm32f10x_tim.o
 .text          0x00000000        0x0 ..\obj\core_cm3.o
 .data          0x00000000        0x0 ..\obj\core_cm3.o
 .bss           0x00000000        0x0 ..\obj\core_cm3.o
 .text.__get_PSP
                0x00000000       0x10 ..\obj\core_cm3.o
 .text.__set_PSP
                0x00000000        0x8 ..\obj\core_cm3.o
 .text.__get_MSP
                0x00000000       0x10 ..\obj\core_cm3.o
 .text.__set_MSP
                0x00000000        0x8 ..\obj\core_cm3.o
 .text.__get_BASEPRI
                0x00000000       0x20 ..\obj\core_cm3.o
 .text.__set_BASEPRI
                0x00000000       0x18 ..\obj\core_cm3.o
 .text.__get_PRIMASK
                0x00000000       0x20 ..\obj\core_cm3.o
 .text.__set_PRIMASK
                0x00000000       0x18 ..\obj\core_cm3.o
 .text.__get_FAULTMASK
                0x00000000       0x20 ..\obj\core_cm3.o
 .text.__set_FAULTMASK
                0x00000000       0x18 ..\obj\core_cm3.o
 .text.__get_CONTROL
                0x00000000       0x20 ..\obj\core_cm3.o
 .text.__set_CONTROL
                0x00000000       0x18 ..\obj\core_cm3.o
 .text.__REV    0x00000000       0x24 ..\obj\core_cm3.o
 .text.__REV16  0x00000000       0x24 ..\obj\core_cm3.o
 .text.__REVSH  0x00000000       0x24 ..\obj\core_cm3.o
 .text.__RBIT   0x00000000       0x24 ..\obj\core_cm3.o
 .text.__LDREXB
                0x00000000       0x24 ..\obj\core_cm3.o
 .text.__LDREXH
                0x00000000       0x24 ..\obj\core_cm3.o
 .text.__LDREXW
                0x00000000       0x24 ..\obj\core_cm3.o
 .text.__STREXB
                0x00000000       0x2c ..\obj\core_cm3.o
 .text.__STREXH
                0x00000000       0x2c ..\obj\core_cm3.o
 .text.__STREXW
                0x00000000       0x28 ..\obj\core_cm3.o
 .text          0x00000000        0x0 ..\obj\system_stm32f10x.o
 .data          0x00000000       0x14 ..\obj\system_stm32f10x.o
 .bss           0x00000000        0x0 ..\obj\system_stm32f10x.o
 .text.SystemCoreClockUpdate
                0x00000000      0x148 ..\obj\system_stm32f10x.o
 .text          0x00000000        0x0 ..\obj\startup_stm32f10x_md.o
 .data          0x00000000        0x0 ..\obj\startup_stm32f10x_md.o
 .bss           0x00000000        0x0 ..\obj\startup_stm32f10x_md.o
 .text          0x00000000        0x0 ..\obj\stm32f10x_gpio.o
 .data          0x00000000        0x0 ..\obj\stm32f10x_gpio.o
 .bss           0x00000000        0x0 ..\obj\stm32f10x_gpio.o
 .text.GPIO_DeInit
                0x00000000      0x128 ..\obj\stm32f10x_gpio.o
 .text.GPIO_AFIODeInit
                0x00000000       0x20 ..\obj\stm32f10x_gpio.o
 .text.GPIO_StructInit
                0x00000000       0x2c ..\obj\stm32f10x_gpio.o
 .text.GPIO_ReadInputDataBit
                0x00000000       0x3c ..\obj\stm32f10x_gpio.o
 .text.GPIO_ReadInputData
                0x00000000       0x1c ..\obj\stm32f10x_gpio.o
 .text.GPIO_ReadOutputDataBit
                0x00000000       0x3c ..\obj\stm32f10x_gpio.o
 .text.GPIO_ReadOutputData
                0x00000000       0x1c ..\obj\stm32f10x_gpio.o
 .text.GPIO_SetBits
                0x00000000       0x1c ..\obj\stm32f10x_gpio.o
 .text.GPIO_ResetBits
                0x00000000       0x1c ..\obj\stm32f10x_gpio.o
 .text.GPIO_WriteBit
                0x00000000       0x30 ..\obj\stm32f10x_gpio.o
 .text.GPIO_Write
                0x00000000       0x1c ..\obj\stm32f10x_gpio.o
 .text.GPIO_PinLockConfig
                0x00000000       0x44 ..\obj\stm32f10x_gpio.o
 .text.GPIO_EventOutputConfig
                0x00000000       0x54 ..\obj\stm32f10x_gpio.o
 .text.GPIO_EventOutputCmd
                0x00000000       0x20 ..\obj\stm32f10x_gpio.o
 .text.GPIO_PinRemapConfig
                0x00000000      0x120 ..\obj\stm32f10x_gpio.o
 .text.GPIO_EXTILineConfig
                0x00000000       0xb4 ..\obj\stm32f10x_gpio.o
 .text.GPIO_ETH_MediaInterfaceConfig
                0x00000000       0x20 ..\obj\stm32f10x_gpio.o
 .text          0x00000000        0x0 ..\obj\main.o
 .data          0x00000000        0x0 ..\obj\main.o
 .bss           0x00000000        0x0 ..\obj\main.o
 .text          0x00000000        0x0 ..\obj\stm32f10x_rcc.o
 .data          0x00000000       0x14 ..\obj\stm32f10x_rcc.o
 .bss           0x00000000        0x0 ..\obj\stm32f10x_rcc.o
 .text.RCC_DeInit
                0x00000000       0x9c ..\obj\stm32f10x_rcc.o
 .text.RCC_HSEConfig
                0x00000000       0x88 ..\obj\stm32f10x_rcc.o
 .text.RCC_WaitForHSEStartUp
                0x00000000       0x64 ..\obj\stm32f10x_rcc.o
 .text.RCC_AdjustHSICalibrationValue
                0x00000000       0x48 ..\obj\stm32f10x_rcc.o
 .text.RCC_HSICmd
                0x00000000       0x20 ..\obj\stm32f10x_rcc.o
 .text.RCC_PLLConfig
                0x00000000       0x48 ..\obj\stm32f10x_rcc.o
 .text.RCC_PLLCmd
                0x00000000       0x20 ..\obj\stm32f10x_rcc.o
 .text.RCC_SYSCLKConfig
                0x00000000       0x40 ..\obj\stm32f10x_rcc.o
 .text.RCC_GetSYSCLKSource
                0x00000000       0x20 ..\obj\stm32f10x_rcc.o
 .text.RCC_HCLKConfig
                0x00000000       0x40 ..\obj\stm32f10x_rcc.o
 .text.RCC_PCLK1Config
                0x00000000       0x40 ..\obj\stm32f10x_rcc.o
 .text.RCC_PCLK2Config
                0x00000000       0x44 ..\obj\stm32f10x_rcc.o
 .text.RCC_ITConfig
                0x00000000       0x60 ..\obj\stm32f10x_rcc.o
 .text.RCC_USBCLKConfig
                0x00000000       0x20 ..\obj\stm32f10x_rcc.o
 .text.RCC_ADCCLKConfig
                0x00000000       0x40 ..\obj\stm32f10x_rcc.o
 .text.RCC_LSEConfig
                0x00000000       0x60 ..\obj\stm32f10x_rcc.o
 .text.RCC_LSICmd
                0x00000000       0x20 ..\obj\stm32f10x_rcc.o
 .text.RCC_RTCCLKConfig
                0x00000000       0x2c ..\obj\stm32f10x_rcc.o
 .text.RCC_RTCCLKCmd
                0x00000000       0x20 ..\obj\stm32f10x_rcc.o
 .text.RCC_GetClocksFreq
                0x00000000      0x1d4 ..\obj\stm32f10x_rcc.o
 .text.RCC_AHBPeriphClockCmd
                0x00000000       0x58 ..\obj\stm32f10x_rcc.o
 .text.RCC_BackupResetCmd
                0x00000000       0x20 ..\obj\stm32f10x_rcc.o
 .text.RCC_ClockSecuritySystemCmd
                0x00000000       0x20 ..\obj\stm32f10x_rcc.o
 .text.RCC_MCOConfig
                0x00000000       0x20 ..\obj\stm32f10x_rcc.o
 .text.RCC_GetFlagStatus
                0x00000000       0x90 ..\obj\stm32f10x_rcc.o
 .text.RCC_ClearFlag
                0x00000000       0x24 ..\obj\stm32f10x_rcc.o
 .text.RCC_GetITStatus
                0x00000000       0x40 ..\obj\stm32f10x_rcc.o
 .text.RCC_ClearITPendingBit
                0x00000000       0x20 ..\obj\stm32f10x_rcc.o
 .text          0x00000000        0x0 ..\obj\stm32f10x_usart.o
 .data          0x00000000        0x0 ..\obj\stm32f10x_usart.o
 .bss           0x00000000        0x0 ..\obj\stm32f10x_usart.o
 .text.USART_DeInit
                0x00000000       0xd8 ..\obj\stm32f10x_usart.o
 .text.USART_Init
                0x00000000      0x1ac ..\obj\stm32f10x_usart.o
 .text.USART_StructInit
                0x00000000       0x44 ..\obj\stm32f10x_usart.o
 .text.USART_ClockInit
                0x00000000       0x58 ..\obj\stm32f10x_usart.o
 .text.USART_ClockStructInit
                0x00000000       0x34 ..\obj\stm32f10x_usart.o
 .text.USART_Cmd
                0x00000000       0x40 ..\obj\stm32f10x_usart.o
 .text.USART_ITConfig
                0x00000000       0xa4 ..\obj\stm32f10x_usart.o
 .text.USART_DMACmd
                0x00000000       0x48 ..\obj\stm32f10x_usart.o
 .text.USART_SetAddress
                0x00000000       0x38 ..\obj\stm32f10x_usart.o
 .text.USART_WakeUpConfig
                0x00000000       0x38 ..\obj\stm32f10x_usart.o
 .text.USART_ReceiverWakeUpCmd
                0x00000000       0x40 ..\obj\stm32f10x_usart.o
 .text.USART_LINBreakDetectLengthConfig
                0x00000000       0x38 ..\obj\stm32f10x_usart.o
 .text.USART_LINCmd
                0x00000000       0x40 ..\obj\stm32f10x_usart.o
 .text.USART_SendData
                0x00000000       0x28 ..\obj\stm32f10x_usart.o
 .text.USART_ReceiveData
                0x00000000       0x24 ..\obj\stm32f10x_usart.o
 .text.USART_SendBreak
                0x00000000       0x24 ..\obj\stm32f10x_usart.o
 .text.USART_SetGuardTime
                0x00000000       0x3c ..\obj\stm32f10x_usart.o
 .text.USART_SetPrescaler
                0x00000000       0x38 ..\obj\stm32f10x_usart.o
 .text.USART_SmartCardCmd
                0x00000000       0x40 ..\obj\stm32f10x_usart.o
 .text.USART_SmartCardNACKCmd
                0x00000000       0x40 ..\obj\stm32f10x_usart.o
 .text.USART_HalfDuplexCmd
                0x00000000       0x40 ..\obj\stm32f10x_usart.o
 .text.USART_OverSampling8Cmd
                0x00000000       0x48 ..\obj\stm32f10x_usart.o
 .text.USART_OneBitMethodCmd
                0x00000000       0x40 ..\obj\stm32f10x_usart.o
 .text.USART_IrDAConfig
                0x00000000       0x38 ..\obj\stm32f10x_usart.o
 .text.USART_IrDACmd
                0x00000000       0x40 ..\obj\stm32f10x_usart.o
 .text.USART_GetFlagStatus
                0x00000000       0x40 ..\obj\stm32f10x_usart.o
 .text.USART_ClearFlag
                0x00000000       0x24 ..\obj\stm32f10x_usart.o
 .text.USART_GetITStatus
                0x00000000       0xc4 ..\obj\stm32f10x_usart.o
 .text.USART_ClearITPendingBit
                0x00000000       0x44 ..\obj\stm32f10x_usart.o
 .text          0x00000000        0x0 ..\obj\stm32f10x_it.o
 .data          0x00000000        0x0 ..\obj\stm32f10x_it.o
 .text          0x00000000        0x0 ..\obj\misc.o
 .data          0x00000000        0x0 ..\obj\misc.o
 .bss           0x00000000        0x0 ..\obj\misc.o
 .text.NVIC_SetVectorTable
                0x00000000       0x2c ..\obj\misc.o
 .text.NVIC_SystemLPConfig
                0x00000000       0x58 ..\obj\misc.o
 .text.SysTick_CLKSourceConfig
                0x00000000       0x4c ..\obj\misc.o

Memory Configuration

Name             Origin             Length             Attributes
rom              0x08004000         0x0000c000         xr
ram              0x20000000         0x00005000         xrw
*default*        0x00000000         0xffffffff

Linker script and memory map

                0x20005000                _eram = 0x20005000

.text           0x08004000      0xd70
 *(.isr_vector .isr_vector.*)
 .isr_vector    0x08004000      0x10c ..\obj\startup_stm32f10x_md.o
                0x08004000                g_pfnVectors
 *(.text .text.* .gnu.linkonce.t.*)
 .text.TIM_DeInit
                0x0800410c      0x2b0 ..\obj\stm32f10x_tim.o
                0x0800410c                TIM_DeInit
 .text.TIM_Cmd  0x080043bc       0x40 ..\obj\stm32f10x_tim.o
                0x080043bc                TIM_Cmd
 .text.TIM_ITConfig
                0x080043fc       0x48 ..\obj\stm32f10x_tim.o
                0x080043fc                TIM_ITConfig
 .text.TIM_ClearFlag
                0x08004444       0x24 ..\obj\stm32f10x_tim.o
                0x08004444                TIM_ClearFlag
 .text.TIM_GetITStatus
                0x08004468       0x60 ..\obj\stm32f10x_tim.o
                0x08004468                TIM_GetITStatus
 .text.TIM_ClearITPendingBit
                0x080044c8       0x24 ..\obj\stm32f10x_tim.o
                0x080044c8                TIM_ClearITPendingBit
 .text.SystemInit
                0x080044ec       0xb0 ..\obj\system_stm32f10x.o
                0x080044ec                SystemInit
 .text.SetSysClock
                0x0800459c        0xc ..\obj\system_stm32f10x.o
 .text.SetSysClockTo72
                0x080045a8      0x1ac ..\obj\system_stm32f10x.o
 .text.Default_Reset_Handler
                0x08004754       0x6c ..\obj\startup_stm32f10x_md.o
                0x08004754                Default_Reset_Handler
                0x08004754                Reset_Handler
 .text.Default_Handler
                0x080047c0        0x8 ..\obj\startup_stm32f10x_md.o
                0x080047c0                EXTI2_IRQHandler
                0x080047c0                TIM1_CC_IRQHandler
                0x080047c0                PVD_IRQHandler
                0x080047c0                EXTI3_IRQHandler
                0x080047c0                EXTI0_IRQHandler
                0x080047c0                I2C2_EV_IRQHandler
                0x080047c0                ADC1_2_IRQHandler
                0x080047c0                SPI1_IRQHandler
                0x080047c0                TAMPER_IRQHandler
                0x080047c0                DMA1_Channel4_IRQHandler
                0x080047c0                USART3_IRQHandler
                0x080047c0                RTC_IRQHandler
                0x080047c0                DMA1_Channel7_IRQHandler
                0x080047c0                CAN1_RX1_IRQHandler
                0x080047c0                TIM4_IRQHandler
                0x080047c0                I2C1_EV_IRQHandler
                0x080047c0                DMA1_Channel6_IRQHandler
                0x080047c0                TIM3_IRQHandler
                0x080047c0                RCC_IRQHandler
                0x080047c0                TIM1_TRG_COM_IRQHandler
                0x080047c0                DMA1_Channel1_IRQHandler
                0x080047c0                EXTI15_10_IRQHandler
                0x080047c0                EXTI9_5_IRQHandler
                0x080047c0                SPI2_IRQHandler
                0x080047c0                DMA1_Channel5_IRQHandler
                0x080047c0                EXTI4_IRQHandler
                0x080047c0                USB_LP_CAN1_RX0_IRQHandler
                0x080047c0                USB_HP_CAN1_TX_IRQHandler
                0x080047c0                DMA1_Channel3_IRQHandler
                0x080047c0                TIM1_UP_IRQHandler
                0x080047c0                WWDG_IRQHandler
                0x080047c0                TIM1_BRK_IRQHandler
                0x080047c0                EXTI1_IRQHandler
                0x080047c0                RTCAlarm_IRQHandler
                0x080047c0                USART2_IRQHandler
                0x080047c0                I2C2_ER_IRQHandler
                0x080047c0                DMA1_Channel2_IRQHandler
                0x080047c0                CAN1_SCE_IRQHandler
                0x080047c0                FLASH_IRQHandler
                0x080047c0                USART1_IRQHandler
                0x080047c0                I2C1_ER_IRQHandler
                0x080047c0                USBWakeUp_IRQHandler
 .text.GPIO_Init
                0x080047c8      0x1b0 ..\obj\stm32f10x_gpio.o
                0x080047c8                GPIO_Init
 .text.main     0x08004978       0xb8 ..\obj\main.o
                0x08004978                main
 .text.RCC_APB2PeriphClockCmd
                0x08004a30       0x58 ..\obj\stm32f10x_rcc.o
                0x08004a30                RCC_APB2PeriphClockCmd
 .text.RCC_APB1PeriphClockCmd
                0x08004a88       0x58 ..\obj\stm32f10x_rcc.o
                0x08004a88                RCC_APB1PeriphClockCmd
 .text.RCC_APB2PeriphResetCmd
                0x08004ae0       0x58 ..\obj\stm32f10x_rcc.o
                0x08004ae0                RCC_APB2PeriphResetCmd
 .text.RCC_APB1PeriphResetCmd
                0x08004b38       0x58 ..\obj\stm32f10x_rcc.o
                0x08004b38                RCC_APB1PeriphResetCmd
 .text.NMI_Handler
                0x08004b90        0xc ..\obj\stm32f10x_it.o
                0x08004b90                NMI_Handler
 .text.HardFault_Handler
                0x08004b9c        0x8 ..\obj\stm32f10x_it.o
                0x08004b9c                HardFault_Handler
 .text.MemManage_Handler
                0x08004ba4        0x8 ..\obj\stm32f10x_it.o
                0x08004ba4                MemManage_Handler
 .text.BusFault_Handler
                0x08004bac        0x8 ..\obj\stm32f10x_it.o
                0x08004bac                BusFault_Handler
 .text.UsageFault_Handler
                0x08004bb4        0x8 ..\obj\stm32f10x_it.o
                0x08004bb4                UsageFault_Handler
 .text.SVC_Handler
                0x08004bbc        0xc ..\obj\stm32f10x_it.o
                0x08004bbc                SVC_Handler
 .text.DebugMon_Handler
                0x08004bc8        0xc ..\obj\stm32f10x_it.o
                0x08004bc8                DebugMon_Handler
 .text.PendSV_Handler
                0x08004bd4        0xc ..\obj\stm32f10x_it.o
                0x08004bd4                PendSV_Handler
 .text.SysTick_Handler
                0x08004be0        0xc ..\obj\stm32f10x_it.o
                0x08004be0                SysTick_Handler
 .text.TIM2_IRQHandler
                0x08004bec       0x74 ..\obj\stm32f10x_it.o
                0x08004bec                TIM2_IRQHandler
 .text.NVIC_PriorityGroupConfig
                0x08004c60       0x28 ..\obj\misc.o
                0x08004c60                NVIC_PriorityGroupConfig
 .text.NVIC_Init
                0x08004c88       0xe8 ..\obj\misc.o
                0x08004c88                NVIC_Init
 *(.glue_7t)
 .glue_7t       0x00000000        0x0 linker stubs
 *(.glue_7)
 .glue_7        0x00000000        0x0 linker stubs
 *(.rodata .rodata* .gnu.linkonce.r.*)

.vfp11_veneer   0x08004d70        0x0
 .vfp11_veneer  0x00000000        0x0 linker stubs

.v4_bx          0x08004d70        0x0
 .v4_bx         0x00000000        0x0 linker stubs

.ARM.extab
 *(.ARM.extab* .gnu.linkonce.armextab.*)
                0x08004d70                __exidx_start = .

.ARM.exidx
 *(.ARM.exidx* .gnu.linkonce.armexidx.*)
                0x08004d70                __exidx_end = .
                0x08004d70                . = ALIGN (0x4)
                0x08004d70                _etext = .
                0x08004d70                _sidata = .

.data           0x20000000        0x0 load address 0x08004d70
                0x20000000                _sdata = .
 *(.data .data.*)
                0x20000000                . = ALIGN (0x4)
                0x20000000                _edata = .

.bss            0x20000000        0x4
                0x20000000                _sbss = .
 *(.bss .bss.*)
 .bss           0x20000000        0x4 ..\obj\stm32f10x_it.o
                0x20000000                interruptCounter
 *(COMMON)
                0x20000004                . = ALIGN (0x4)
                0x20000004                _ebss = .

.co_stack       0x20000004      0x804
                0x20000008                . = ALIGN (0x8)
 *fill*         0x20000004        0x4 00
 *(.co_stack .co_stack.*)
 .co_stack      0x20000008      0x800 ..\obj\startup_stm32f10x_md.o
                0x20000008                pulStack
                0x20000808                . = ALIGN (0x4)
                0x20000808                _end = .
LOAD ..\obj\stm32f10x_tim.o
LOAD ..\obj\core_cm3.o
LOAD ..\obj\system_stm32f10x.o
LOAD ..\obj\startup_stm32f10x_md.o
LOAD ..\obj\stm32f10x_gpio.o
LOAD ..\obj\main.o
LOAD ..\obj\stm32f10x_rcc.o
LOAD ..\obj\stm32f10x_usart.o
LOAD ..\obj\stm32f10x_it.o
LOAD ..\obj\misc.o
START GROUP
LOAD c:/program files (x86)/gnu tools arm embedded/4.6 2012q2/bin/../lib/gcc/arm-none-eabi/4.6.2/armv7-m\libgcc.a
LOAD c:/program files (x86)/gnu tools arm embedded/4.6 2012q2/bin/../lib/gcc/arm-none-eabi/4.6.2/../../../../arm-none-eabi/lib/armv7-m\libg.a
LOAD c:/program files (x86)/gnu tools arm embedded/4.6 2012q2/bin/../lib/gcc/arm-none-eabi/4.6.2/../../../../arm-none-eabi/lib/armv7-m\libc.a
END GROUP
OUTPUT(Template.elf elf32-littlearm)

.debug_info     0x00000000     0x545b
 .debug_info    0x00000000     0x1e18 ..\obj\stm32f10x_tim.o
 .debug_info    0x00001e18      0x548 ..\obj\core_cm3.o
 .debug_info    0x00002360      0x4a0 ..\obj\system_stm32f10x.o
 .debug_info    0x00002800      0x144 ..\obj\startup_stm32f10x_md.o
 .debug_info    0x00002944      0x723 ..\obj\stm32f10x_gpio.o
 .debug_info    0x00003067      0x69c ..\obj\main.o
 .debug_info    0x00003703      0x901 ..\obj\stm32f10x_rcc.o
 .debug_info    0x00004004      0xa6c ..\obj\stm32f10x_usart.o
 .debug_info    0x00004a70      0x4a5 ..\obj\stm32f10x_it.o
 .debug_info    0x00004f15      0x546 ..\obj\misc.o

.debug_abbrev   0x00000000      0xc10
 .debug_abbrev  0x00000000      0x172 ..\obj\stm32f10x_tim.o
 .debug_abbrev  0x00000172       0xd5 ..\obj\core_cm3.o
 .debug_abbrev  0x00000247      0x17e ..\obj\system_stm32f10x.o
 .debug_abbrev  0x000003c5       0xac ..\obj\startup_stm32f10x_md.o
 .debug_abbrev  0x00000471      0x1a4 ..\obj\stm32f10x_gpio.o
 .debug_abbrev  0x00000615       0xfd ..\obj\main.o
 .debug_abbrev  0x00000712      0x191 ..\obj\stm32f10x_rcc.o
 .debug_abbrev  0x000008a3      0x15b ..\obj\stm32f10x_usart.o
 .debug_abbrev  0x000009fe       0xdd ..\obj\stm32f10x_it.o
 .debug_abbrev  0x00000adb      0x135 ..\obj\misc.o

.debug_loc      0x00000000     0x2d24
 .debug_loc     0x00000000     0x13e8 ..\obj\stm32f10x_tim.o
 .debug_loc     0x000013e8      0x3f0 ..\obj\core_cm3.o
 .debug_loc     0x000017d8       0xc8 ..\obj\system_stm32f10x.o
 .debug_loc     0x000018a0       0x64 ..\obj\startup_stm32f10x_md.o
 .debug_loc     0x00001904      0x3e4 ..\obj\stm32f10x_gpio.o
 .debug_loc     0x00001ce8       0x38 ..\obj\main.o
 .debug_loc     0x00001d20      0x6dc ..\obj\stm32f10x_rcc.o
 .debug_loc     0x000023fc      0x658 ..\obj\stm32f10x_usart.o
 .debug_loc     0x00002a54      0x1b8 ..\obj\stm32f10x_it.o
 .debug_loc     0x00002c0c      0x118 ..\obj\misc.o

.debug_aranges  0x00000000      0x7a0
 .debug_aranges
                0x00000000      0x2f0 ..\obj\stm32f10x_tim.o
 .debug_aranges
                0x000002f0       0xc8 ..\obj\core_cm3.o
 .debug_aranges
                0x000003b8       0x38 ..\obj\system_stm32f10x.o
 .debug_aranges
                0x000003f0       0x28 ..\obj\startup_stm32f10x_md.o
 .debug_aranges
                0x00000418       0xa8 ..\obj\stm32f10x_gpio.o
 .debug_aranges
                0x000004c0       0x20 ..\obj\main.o
 .debug_aranges
                0x000004e0      0x118 ..\obj\stm32f10x_rcc.o
 .debug_aranges
                0x000005f8      0x100 ..\obj\stm32f10x_usart.o
 .debug_aranges
                0x000006f8       0x68 ..\obj\stm32f10x_it.o
 .debug_aranges
                0x00000760       0x40 ..\obj\misc.o

.debug_ranges   0x00000000      0x700
 .debug_ranges  0x00000000      0x2e0 ..\obj\stm32f10x_tim.o
 .debug_ranges  0x000002e0       0xb8 ..\obj\core_cm3.o
 .debug_ranges  0x00000398       0x28 ..\obj\system_stm32f10x.o
 .debug_ranges  0x000003c0       0x18 ..\obj\startup_stm32f10x_md.o
 .debug_ranges  0x000003d8       0x98 ..\obj\stm32f10x_gpio.o
 .debug_ranges  0x00000470       0x10 ..\obj\main.o
 .debug_ranges  0x00000480      0x108 ..\obj\stm32f10x_rcc.o
 .debug_ranges  0x00000588       0xf0 ..\obj\stm32f10x_usart.o
 .debug_ranges  0x00000678       0x58 ..\obj\stm32f10x_it.o
 .debug_ranges  0x000006d0       0x30 ..\obj\misc.o

.debug_line     0x00000000     0x237c
 .debug_line    0x00000000      0xa86 ..\obj\stm32f10x_tim.o
 .debug_line    0x00000a86      0x29d ..\obj\core_cm3.o
 .debug_line    0x00000d23      0x24a ..\obj\system_stm32f10x.o
 .debug_line    0x00000f6d       0xaf ..\obj\startup_stm32f10x_md.o
 .debug_line    0x0000101c      0x3a0 ..\obj\stm32f10x_gpio.o
 .debug_line    0x000013bc      0x20a ..\obj\main.o
 .debug_line    0x000015c6      0x4ae ..\obj\stm32f10x_rcc.o
 .debug_line    0x00001a74      0x48c ..\obj\stm32f10x_usart.o
 .debug_line    0x00001f00      0x247 ..\obj\stm32f10x_it.o
 .debug_line    0x00002147      0x235 ..\obj\misc.o

.debug_str      0x00000000     0x2269
 .debug_str     0x00000000      0xce3 ..\obj\stm32f10x_tim.o
                                0xd84 (size before relaxing)
 .debug_str     0x00000ce3      0x17c ..\obj\core_cm3.o
                                0x273 (size before relaxing)
 .debug_str     0x00000e5f      0x179 ..\obj\system_stm32f10x.o
                                0x286 (size before relaxing)
 .debug_str     0x00000fd8       0xbd ..\obj\startup_stm32f10x_md.o
                                0x125 (size before relaxing)
 .debug_str     0x00001095      0x38b ..\obj\stm32f10x_gpio.o
                                0x4c0 (size before relaxing)
 .debug_str     0x00001420      0x3b5 ..\obj\main.o
                                0x76a (size before relaxing)
 .debug_str     0x000017d5      0x3f5 ..\obj\stm32f10x_rcc.o
                                0x5c1 (size before relaxing)
 .debug_str     0x00001bca      0x43c ..\obj\stm32f10x_usart.o
                                0x637 (size before relaxing)
 .debug_str     0x00002006       0xfd ..\obj\stm32f10x_it.o
                                0x31d (size before relaxing)
 .debug_str     0x00002103      0x166 ..\obj\misc.o
                                0x36a (size before relaxing)

.comment        0x00000000       0x70
 .comment       0x00000000       0x70 ..\obj\stm32f10x_tim.o
                                 0x71 (size before relaxing)
 .comment       0x00000000       0x71 ..\obj\core_cm3.o
 .comment       0x00000000       0x71 ..\obj\system_stm32f10x.o
 .comment       0x00000000       0x71 ..\obj\startup_stm32f10x_md.o
 .comment       0x00000000       0x71 ..\obj\stm32f10x_gpio.o
 .comment       0x00000000       0x71 ..\obj\main.o
 .comment       0x00000000       0x71 ..\obj\stm32f10x_rcc.o
 .comment       0x00000000       0x71 ..\obj\stm32f10x_usart.o
 .comment       0x00000000       0x71 ..\obj\stm32f10x_it.o
 .comment       0x00000000       0x71 ..\obj\misc.o

.ARM.attributes
                0x00000000       0x33
 .ARM.attributes
                0x00000000       0x33 ..\obj\stm32f10x_tim.o
 .ARM.attributes
                0x00000033       0x33 ..\obj\core_cm3.o
 .ARM.attributes
                0x00000066       0x33 ..\obj\system_stm32f10x.o
 .ARM.attributes
                0x00000099       0x33 ..\obj\startup_stm32f10x_md.o
 .ARM.attributes
                0x000000cc       0x33 ..\obj\stm32f10x_gpio.o
 .ARM.attributes
                0x000000ff       0x33 ..\obj\main.o
 .ARM.attributes
                0x00000132       0x33 ..\obj\stm32f10x_rcc.o
 .ARM.attributes
                0x00000165       0x33 ..\obj\stm32f10x_usart.o
 .ARM.attributes
                0x00000198       0x33 ..\obj\stm32f10x_it.o
 .ARM.attributes
                0x000001cb       0x33 ..\obj\misc.o

.debug_frame    0x00000000     0x1814
 .debug_frame   0x00000000      0xa20 ..\obj\stm32f10x_tim.o
 .debug_frame   0x00000a20      0x280 ..\obj\core_cm3.o
 .debug_frame   0x00000ca0       0x80 ..\obj\system_stm32f10x.o
 .debug_frame   0x00000d20       0x48 ..\obj\startup_stm32f10x_md.o
 .debug_frame   0x00000d68      0x210 ..\obj\stm32f10x_gpio.o
 .debug_frame   0x00000f78       0x30 ..\obj\main.o
 .debug_frame   0x00000fa8      0x388 ..\obj\stm32f10x_rcc.o
 .debug_frame   0x00001330      0x344 ..\obj\stm32f10x_usart.o
 .debug_frame   0x00001674      0x104 ..\obj\stm32f10x_it.o
 .debug_frame   0x00001778       0x9c ..\obj\misc.o
