<html>
<body>
<pre>
<h1>µVision Build Log</h1>
<h2>Project:</h2>
C:\Users\Je\Desktop\OK\NOKIA6100MatchboxARM\MDK-ARM\Project.uvproj
Project File Date:  01/21/2014

<h2>Output:</h2>
Rebuild target 'GPIO_Blink'
compiling main.c...
..\USER\main.c(217): warning:  #128-D: loop is not reachable from preceding code
..\USER\main.c(110): warning:  #177-D: variable "j" was declared but never referenced
..\USER\main.c(111): warning:  #177-D: variable "TempColor" was declared but never referenced
..\USER\main.c(114): warning:  #177-D: variable "TempChar" was declared but never referenced
compiling stm32f10x_it.c...
compiling misc.c...
compiling stm32f10x_flash.c...
compiling stm32f10x_gpio.c...
compiling stm32f10x_rcc.c...
compiling stm32f10x_adc.c...
compiling stm32f10x_bkp.c...
compiling stm32f10x_can.c...
compiling stm32f10x_cec.c...
compiling stm32f10x_crc.c...
compiling stm32f10x_dac.c...
compiling stm32f10x_dbgmcu.c...
compiling stm32f10x_dma.c...
compiling stm32f10x_exti.c...
compiling stm32f10x_fsmc.c...
compiling stm32f10x_i2c.c...
compiling stm32f10x_iwdg.c...
compiling stm32f10x_pwr.c...
compiling stm32f10x_rtc.c...
compiling stm32f10x_sdio.c...
compiling stm32f10x_spi.c...
compiling stm32f10x_tim.c...
compiling stm32f10x_usart.c...
compiling stm32f10x_wwdg.c...
compiling core_cm3.c...
compiling system_stm32f10x.c...
assembling startup_stm32f10x_md.s...
linking...
Program Size: Code=5452 RO-data=30084 RW-data=8 ZI-data=2272  
FromELF: creating hex file...
User command #1: fromelf --bin ".\Obj\Project.axf" --output ".\Project.bin"
".\Obj\Project.axf" - 0 Error(s), 4 Warning(s).
Rebuild target 'GPIO_Blink'
compiling main.c...
..\USER\main.c(130): warning:  #177-D: variable "j" was declared but never referenced
..\USER\main.c(131): warning:  #177-D: variable "TempColor" was declared but never referenced
..\USER\main.c(134): warning:  #177-D: variable "TempChar" was declared but never referenced
compiling stm32f10x_it.c...
compiling misc.c...
compiling stm32f10x_flash.c...
compiling stm32f10x_gpio.c...
compiling stm32f10x_rcc.c...
compiling stm32f10x_adc.c...
compiling stm32f10x_bkp.c...
compiling stm32f10x_can.c...
compiling stm32f10x_cec.c...
compiling stm32f10x_crc.c...
compiling stm32f10x_dac.c...
compiling stm32f10x_dbgmcu.c...
compiling stm32f10x_dma.c...
compiling stm32f10x_exti.c...
compiling stm32f10x_fsmc.c...
compiling stm32f10x_i2c.c...
compiling stm32f10x_iwdg.c...
compiling stm32f10x_pwr.c...
compiling stm32f10x_rtc.c...
compiling stm32f10x_sdio.c...
compiling stm32f10x_spi.c...
compiling stm32f10x_tim.c...
compiling stm32f10x_usart.c...
compiling stm32f10x_wwdg.c...
compiling core_cm3.c...
compiling system_stm32f10x.c...
assembling startup_stm32f10x_md.s...
linking...
Program Size: Code=5452 RO-data=30084 RW-data=8 ZI-data=2272  
FromELF: creating hex file...
User command #1: fromelf --bin ".\Obj\Project.axf" --output ".\Project.bin"
".\Obj\Project.axf" - 0 Error(s), 3 Warning(s).
Clean started: Project: 'Project'
   deleting intermediate output files for target 'GPIO_Blink'
Clean started: Project: 'Project'
   deleting intermediate output files for target 'GPIO_Blink'
