<!doctype html public "-//w3c//dtd html 4.0 transitional//en">
<html><head>
<title>Static Call Graph - [.\Obj\Project.axf]</title></head>
<body><HR>
<H1>Static Call Graph for image .\Obj\Project.axf</H1><HR>
<BR><P>#&#060CALLGRAPH&#062# ARM Linker, 4.1 [Build 894]: Last Updated: Thu Jan 21 10:06:11 2016
<BR><P>
<H3>Maximum Stack Usage =        196 bytes + Unknown(Functions without stacksize, Untraceable Function Pointers)</H3><H3>
Call chain for Maximum Stack Depth:</H3>
__rt_entry_main &rArr; main &rArr; eMBInit &rArr; eMBRTUInit &rArr; xMBPortSerialInit &rArr; USART_Init &rArr; RCC_GetClocksFreq
<P>
<H3>
Functions with no stack information
</H3><UL>
 <LI><a href="#[6b]">__user_initial_stackheap</a>
</UL>
</UL>
<P>
<H3>
Function Pointers
</H3><UL>
 <LI><a href="#[28]">ADC1_2_IRQHandler</a> from startup_stm32f10x_md.o(.text) referenced from startup_stm32f10x_md.o(RESET)
 <LI><a href="#[10]">BusFault_Handler</a> from stm32f10x_it.o(i.BusFault_Handler) referenced from startup_stm32f10x_md.o(RESET)
 <LI><a href="#[2b]">CAN1_RX1_IRQHandler</a> from startup_stm32f10x_md.o(.text) referenced from startup_stm32f10x_md.o(RESET)
 <LI><a href="#[2c]">CAN1_SCE_IRQHandler</a> from startup_stm32f10x_md.o(.text) referenced from startup_stm32f10x_md.o(RESET)
 <LI><a href="#[21]">DMA1_Channel1_IRQHandler</a> from startup_stm32f10x_md.o(.text) referenced from startup_stm32f10x_md.o(RESET)
 <LI><a href="#[22]">DMA1_Channel2_IRQHandler</a> from startup_stm32f10x_md.o(.text) referenced from startup_stm32f10x_md.o(RESET)
 <LI><a href="#[23]">DMA1_Channel3_IRQHandler</a> from startup_stm32f10x_md.o(.text) referenced from startup_stm32f10x_md.o(RESET)
 <LI><a href="#[24]">DMA1_Channel4_IRQHandler</a> from startup_stm32f10x_md.o(.text) referenced from startup_stm32f10x_md.o(RESET)
 <LI><a href="#[25]">DMA1_Channel5_IRQHandler</a> from startup_stm32f10x_md.o(.text) referenced from startup_stm32f10x_md.o(RESET)
 <LI><a href="#[26]">DMA1_Channel6_IRQHandler</a> from startup_stm32f10x_md.o(.text) referenced from startup_stm32f10x_md.o(RESET)
 <LI><a href="#[27]">DMA1_Channel7_IRQHandler</a> from startup_stm32f10x_md.o(.text) referenced from startup_stm32f10x_md.o(RESET)
 <LI><a href="#[13]">DebugMon_Handler</a> from stm32f10x_it.o(i.DebugMon_Handler) referenced from startup_stm32f10x_md.o(RESET)
 <LI><a href="#[1c]">EXTI0_IRQHandler</a> from startup_stm32f10x_md.o(.text) referenced from startup_stm32f10x_md.o(RESET)
 <LI><a href="#[3e]">EXTI15_10_IRQHandler</a> from startup_stm32f10x_md.o(.text) referenced from startup_stm32f10x_md.o(RESET)
 <LI><a href="#[1d]">EXTI1_IRQHandler</a> from startup_stm32f10x_md.o(.text) referenced from startup_stm32f10x_md.o(RESET)
 <LI><a href="#[1e]">EXTI2_IRQHandler</a> from startup_stm32f10x_md.o(.text) referenced from startup_stm32f10x_md.o(RESET)
 <LI><a href="#[1f]">EXTI3_IRQHandler</a> from startup_stm32f10x_md.o(.text) referenced from startup_stm32f10x_md.o(RESET)
 <LI><a href="#[20]">EXTI4_IRQHandler</a> from startup_stm32f10x_md.o(.text) referenced from startup_stm32f10x_md.o(RESET)
 <LI><a href="#[2d]">EXTI9_5_IRQHandler</a> from startup_stm32f10x_md.o(.text) referenced from startup_stm32f10x_md.o(RESET)
 <LI><a href="#[1a]">FLASH_IRQHandler</a> from startup_stm32f10x_md.o(.text) referenced from startup_stm32f10x_md.o(RESET)
 <LI><a href="#[e]">HardFault_Handler</a> from stm32f10x_it.o(i.HardFault_Handler) referenced from startup_stm32f10x_md.o(RESET)
 <LI><a href="#[36]">I2C1_ER_IRQHandler</a> from startup_stm32f10x_md.o(.text) referenced from startup_stm32f10x_md.o(RESET)
 <LI><a href="#[35]">I2C1_EV_IRQHandler</a> from startup_stm32f10x_md.o(.text) referenced from startup_stm32f10x_md.o(RESET)
 <LI><a href="#[38]">I2C2_ER_IRQHandler</a> from startup_stm32f10x_md.o(.text) referenced from startup_stm32f10x_md.o(RESET)
 <LI><a href="#[37]">I2C2_EV_IRQHandler</a> from startup_stm32f10x_md.o(.text) referenced from startup_stm32f10x_md.o(RESET)
 <LI><a href="#[f]">MemManage_Handler</a> from stm32f10x_it.o(i.MemManage_Handler) referenced from startup_stm32f10x_md.o(RESET)
 <LI><a href="#[d]">NMI_Handler</a> from stm32f10x_it.o(i.NMI_Handler) referenced from startup_stm32f10x_md.o(RESET)
 <LI><a href="#[17]">PVD_IRQHandler</a> from startup_stm32f10x_md.o(.text) referenced from startup_stm32f10x_md.o(RESET)
 <LI><a href="#[14]">PendSV_Handler</a> from stm32f10x_it.o(i.PendSV_Handler) referenced from startup_stm32f10x_md.o(RESET)
 <LI><a href="#[1b]">RCC_IRQHandler</a> from startup_stm32f10x_md.o(.text) referenced from startup_stm32f10x_md.o(RESET)
 <LI><a href="#[3f]">RTCAlarm_IRQHandler</a> from startup_stm32f10x_md.o(.text) referenced from startup_stm32f10x_md.o(RESET)
 <LI><a href="#[19]">RTC_IRQHandler</a> from startup_stm32f10x_md.o(.text) referenced from startup_stm32f10x_md.o(RESET)
 <LI><a href="#[c]">Reset_Handler</a> from startup_stm32f10x_md.o(.text) referenced from startup_stm32f10x_md.o(RESET)
 <LI><a href="#[39]">SPI1_IRQHandler</a> from startup_stm32f10x_md.o(.text) referenced from startup_stm32f10x_md.o(RESET)
 <LI><a href="#[3a]">SPI2_IRQHandler</a> from startup_stm32f10x_md.o(.text) referenced from startup_stm32f10x_md.o(RESET)
 <LI><a href="#[12]">SVC_Handler</a> from stm32f10x_it.o(i.SVC_Handler) referenced from startup_stm32f10x_md.o(RESET)
 <LI><a href="#[15]">SysTick_Handler</a> from stm32f10x_it.o(i.SysTick_Handler) referenced from startup_stm32f10x_md.o(RESET)
 <LI><a href="#[41]">SystemInit</a> from system_stm32f10x.o(i.SystemInit) referenced from startup_stm32f10x_md.o(.text)
 <LI><a href="#[18]">TAMPER_IRQHandler</a> from startup_stm32f10x_md.o(.text) referenced from startup_stm32f10x_md.o(RESET)
 <LI><a href="#[2e]">TIM1_BRK_IRQHandler</a> from startup_stm32f10x_md.o(.text) referenced from startup_stm32f10x_md.o(RESET)
 <LI><a href="#[31]">TIM1_CC_IRQHandler</a> from startup_stm32f10x_md.o(.text) referenced from startup_stm32f10x_md.o(RESET)
 <LI><a href="#[30]">TIM1_TRG_COM_IRQHandler</a> from startup_stm32f10x_md.o(.text) referenced from startup_stm32f10x_md.o(RESET)
 <LI><a href="#[2f]">TIM1_UP_IRQHandler</a> from startup_stm32f10x_md.o(.text) referenced from startup_stm32f10x_md.o(RESET)
 <LI><a href="#[32]">TIM2_IRQHandler</a> from startup_stm32f10x_md.o(.text) referenced from startup_stm32f10x_md.o(RESET)
 <LI><a href="#[33]">TIM3_IRQHandler</a> from startup_stm32f10x_md.o(.text) referenced from startup_stm32f10x_md.o(RESET)
 <LI><a href="#[34]">TIM4_IRQHandler</a> from stm32f10x_it.o(i.TIM4_IRQHandler) referenced from startup_stm32f10x_md.o(RESET)
 <LI><a href="#[3b]">USART1_IRQHandler</a> from stm32f10x_it.o(i.USART1_IRQHandler) referenced from startup_stm32f10x_md.o(RESET)
 <LI><a href="#[3c]">USART2_IRQHandler</a> from startup_stm32f10x_md.o(.text) referenced from startup_stm32f10x_md.o(RESET)
 <LI><a href="#[3d]">USART3_IRQHandler</a> from startup_stm32f10x_md.o(.text) referenced from startup_stm32f10x_md.o(RESET)
 <LI><a href="#[40]">USBWakeUp_IRQHandler</a> from startup_stm32f10x_md.o(.text) referenced from startup_stm32f10x_md.o(RESET)
 <LI><a href="#[29]">USB_HP_CAN1_TX_IRQHandler</a> from startup_stm32f10x_md.o(.text) referenced from startup_stm32f10x_md.o(RESET)
 <LI><a href="#[2a]">USB_LP_CAN1_RX0_IRQHandler</a> from startup_stm32f10x_md.o(.text) referenced from startup_stm32f10x_md.o(RESET)
 <LI><a href="#[11]">UsageFault_Handler</a> from stm32f10x_it.o(i.UsageFault_Handler) referenced from startup_stm32f10x_md.o(RESET)
 <LI><a href="#[16]">WWDG_IRQHandler</a> from startup_stm32f10x_md.o(.text) referenced from startup_stm32f10x_md.o(RESET)
 <LI><a href="#[51]">__main</a> from __main.o(!!!main) referenced from startup_stm32f10x_md.o(.text)
 <LI><a href="#[4d]">eMBASCIIReceive</a> from mbascii.o(i.eMBASCIIReceive) referenced from mb.o(i.eMBInit)
 <LI><a href="#[4c]">eMBASCIISend</a> from mbascii.o(i.eMBASCIISend) referenced from mb.o(i.eMBInit)
 <LI><a href="#[4a]">eMBASCIIStart</a> from mbascii.o(i.eMBASCIIStart) referenced from mb.o(i.eMBInit)
 <LI><a href="#[4b]">eMBASCIIStop</a> from mbascii.o(i.eMBASCIIStop) referenced from mb.o(i.eMBInit)
 <LI><a href="#[8]">eMBFuncReadCoils</a> from mbfunccoils.o(i.eMBFuncReadCoils) referenced 2 times from mb.o(.data)
 <LI><a href="#[b]">eMBFuncReadDiscreteInputs</a> from mbfuncdisc.o(i.eMBFuncReadDiscreteInputs) referenced 2 times from mb.o(.data)
 <LI><a href="#[4]">eMBFuncReadHoldingRegister</a> from mbfuncholding.o(i.eMBFuncReadHoldingRegister) referenced 2 times from mb.o(.data)
 <LI><a href="#[3]">eMBFuncReadInputRegister</a> from mbfuncinput.o(i.eMBFuncReadInputRegister) referenced 2 times from mb.o(.data)
 <LI><a href="#[7]">eMBFuncReadWriteMultipleHoldingRegister</a> from mbfuncholding.o(i.eMBFuncReadWriteMultipleHoldingRegister) referenced 2 times from mb.o(.data)
 <LI><a href="#[2]">eMBFuncReportSlaveID</a> from mbfuncother.o(i.eMBFuncReportSlaveID) referenced 2 times from mb.o(.data)
 <LI><a href="#[9]">eMBFuncWriteCoil</a> from mbfunccoils.o(i.eMBFuncWriteCoil) referenced 2 times from mb.o(.data)
 <LI><a href="#[6]">eMBFuncWriteHoldingRegister</a> from mbfuncholding.o(i.eMBFuncWriteHoldingRegister) referenced 2 times from mb.o(.data)
 <LI><a href="#[a]">eMBFuncWriteMultipleCoils</a> from mbfunccoils.o(i.eMBFuncWriteMultipleCoils) referenced 2 times from mb.o(.data)
 <LI><a href="#[5]">eMBFuncWriteMultipleHoldingRegister</a> from mbfuncholding.o(i.eMBFuncWriteMultipleHoldingRegister) referenced 2 times from mb.o(.data)
 <LI><a href="#[46]">eMBRTUReceive</a> from mbrtu.o(i.eMBRTUReceive) referenced from mb.o(i.eMBInit)
 <LI><a href="#[45]">eMBRTUSend</a> from mbrtu.o(i.eMBRTUSend) referenced from mb.o(i.eMBInit)
 <LI><a href="#[43]">eMBRTUStart</a> from mbrtu.o(i.eMBRTUStart) referenced from mb.o(i.eMBInit)
 <LI><a href="#[44]">eMBRTUStop</a> from mbrtu.o(i.eMBRTUStop) referenced from mb.o(i.eMBInit)
 <LI><a href="#[4e]">xMBASCIIReceiveFSM</a> from mbascii.o(i.xMBASCIIReceiveFSM) referenced from mb.o(i.eMBInit)
 <LI><a href="#[50]">xMBASCIITimerT1SExpired</a> from mbascii.o(i.xMBASCIITimerT1SExpired) referenced from mb.o(i.eMBInit)
 <LI><a href="#[4f]">xMBASCIITransmitFSM</a> from mbascii.o(i.xMBASCIITransmitFSM) referenced from mb.o(i.eMBInit)
 <LI><a href="#[47]">xMBRTUReceiveFSM</a> from mbrtu.o(i.xMBRTUReceiveFSM) referenced from mb.o(i.eMBInit)
 <LI><a href="#[49]">xMBRTUTimerT35Expired</a> from mbrtu.o(i.xMBRTUTimerT35Expired) referenced from mb.o(i.eMBInit)
 <LI><a href="#[48]">xMBRTUTransmitFSM</a> from mbrtu.o(i.xMBRTUTransmitFSM) referenced from mb.o(i.eMBInit)
</UL>
<P>
<H3>
Global Symbols
</H3>
<P><STRONG><a name="[51]"></a>__main</STRONG> (Thumb, 8 bytes, Stack size 0 bytes, __main.o(!!!main))
<BR><BR>[Calls]<UL><LI><a href="#[52]">&gt;&gt;</a>&nbsp;&nbsp;&nbsp;__scatterload
<LI><a href="#[53]">&gt;&gt;</a>&nbsp;&nbsp;&nbsp;__rt_entry
</UL>

<P><STRONG><a name="[52]"></a>__scatterload</STRONG> (Thumb, 0 bytes, Stack size unknown bytes, __scatter.o(!!!scatter))
<BR><BR>[Called By]<UL><LI><a href="#[51]">&gt;&gt;</a>&nbsp;&nbsp;&nbsp;__main
</UL>

<P><STRONG><a name="[54]"></a>__scatterload_rt2</STRONG> (Thumb, 44 bytes, Stack size unknown bytes, __scatter.o(!!!scatter), UNUSED)
<BR><BR>[Calls]<UL><LI><a href="#[53]">&gt;&gt;</a>&nbsp;&nbsp;&nbsp;__rt_entry
</UL>

<P><STRONG><a name="[c0]"></a>__scatterload_rt2_thumb_only</STRONG> (Thumb, 0 bytes, Stack size unknown bytes, __scatter.o(!!!scatter), UNUSED)

<P><STRONG><a name="[c1]"></a>__scatterload_null</STRONG> (Thumb, 0 bytes, Stack size unknown bytes, __scatter.o(!!!scatter), UNUSED)

<P><STRONG><a name="[c2]"></a>__decompress</STRONG> (Thumb, 90 bytes, Stack size unknown bytes, __dczerorl2.o(!!dczerorl2), UNUSED)

<P><STRONG><a name="[c3]"></a>__decompress1</STRONG> (Thumb, 0 bytes, Stack size unknown bytes, __dczerorl2.o(!!dczerorl2), UNUSED)

<P><STRONG><a name="[c4]"></a>__scatterload_zeroinit</STRONG> (Thumb, 28 bytes, Stack size unknown bytes, __scatter_zi.o(!!handler_zi), UNUSED)

<P><STRONG><a name="[55]"></a>__rt_lib_init</STRONG> (Thumb, 0 bytes, Stack size unknown bytes, libinit.o(.ARM.Collect$$libinit$$00000000))
<BR><BR>[Stack]<UL><LI>Max Depth = 8 + Unknown Stack Size
<LI>Call Chain = __rt_lib_init &rArr; _fp_init
</UL>
<BR>[Calls]<UL><LI><a href="#[56]">&gt;&gt;</a>&nbsp;&nbsp;&nbsp;_fp_init
</UL>
<BR>[Called By]<UL><LI><a href="#[59]">&gt;&gt;</a>&nbsp;&nbsp;&nbsp;__rt_entry_li
</UL>

<P><STRONG><a name="[c5]"></a>__rt_lib_init_alloca_1</STRONG> (Thumb, 0 bytes, Stack size unknown bytes, libinit2.o(.ARM.Collect$$libinit$$0000002A))

<P><STRONG><a name="[c6]"></a>__rt_lib_init_argv_1</STRONG> (Thumb, 0 bytes, Stack size unknown bytes, libinit2.o(.ARM.Collect$$libinit$$00000028))

<P><STRONG><a name="[c7]"></a>__rt_lib_init_atexit_1</STRONG> (Thumb, 0 bytes, Stack size unknown bytes, libinit2.o(.ARM.Collect$$libinit$$00000017))

<P><STRONG><a name="[c8]"></a>__rt_lib_init_clock_1</STRONG> (Thumb, 0 bytes, Stack size unknown bytes, libinit2.o(.ARM.Collect$$libinit$$0000001D))

<P><STRONG><a name="[c9]"></a>__rt_lib_init_cpp_1</STRONG> (Thumb, 0 bytes, Stack size unknown bytes, libinit2.o(.ARM.Collect$$libinit$$0000002E))

<P><STRONG><a name="[ca]"></a>__rt_lib_init_exceptions_1</STRONG> (Thumb, 0 bytes, Stack size unknown bytes, libinit2.o(.ARM.Collect$$libinit$$0000002C))

<P><STRONG><a name="[cb]"></a>__rt_lib_init_fp_trap_1</STRONG> (Thumb, 0 bytes, Stack size unknown bytes, libinit2.o(.ARM.Collect$$libinit$$0000001B))

<P><STRONG><a name="[cc]"></a>__rt_lib_init_getenv_1</STRONG> (Thumb, 0 bytes, Stack size unknown bytes, libinit2.o(.ARM.Collect$$libinit$$0000001F))

<P><STRONG><a name="[cd]"></a>__rt_lib_init_heap_1</STRONG> (Thumb, 0 bytes, Stack size unknown bytes, libinit2.o(.ARM.Collect$$libinit$$00000006))

<P><STRONG><a name="[ce]"></a>__rt_lib_init_lc_collate_1</STRONG> (Thumb, 0 bytes, Stack size unknown bytes, libinit2.o(.ARM.Collect$$libinit$$0000000D))

<P><STRONG><a name="[cf]"></a>__rt_lib_init_lc_ctype_1</STRONG> (Thumb, 0 bytes, Stack size unknown bytes, libinit2.o(.ARM.Collect$$libinit$$0000000F))

<P><STRONG><a name="[d0]"></a>__rt_lib_init_lc_monetary_1</STRONG> (Thumb, 0 bytes, Stack size unknown bytes, libinit2.o(.ARM.Collect$$libinit$$00000011))

<P><STRONG><a name="[d1]"></a>__rt_lib_init_lc_numeric_1</STRONG> (Thumb, 0 bytes, Stack size unknown bytes, libinit2.o(.ARM.Collect$$libinit$$00000013))

<P><STRONG><a name="[d2]"></a>__rt_lib_init_lc_time_1</STRONG> (Thumb, 0 bytes, Stack size unknown bytes, libinit2.o(.ARM.Collect$$libinit$$00000015))

<P><STRONG><a name="[d3]"></a>__rt_lib_init_rand_1</STRONG> (Thumb, 0 bytes, Stack size unknown bytes, libinit2.o(.ARM.Collect$$libinit$$0000000A))

<P><STRONG><a name="[d4]"></a>__rt_lib_init_return</STRONG> (Thumb, 0 bytes, Stack size unknown bytes, libinit2.o(.ARM.Collect$$libinit$$0000002F))

<P><STRONG><a name="[d5]"></a>__rt_lib_init_signal_1</STRONG> (Thumb, 0 bytes, Stack size unknown bytes, libinit2.o(.ARM.Collect$$libinit$$00000019))

<P><STRONG><a name="[d6]"></a>__rt_lib_init_stdio_1</STRONG> (Thumb, 0 bytes, Stack size unknown bytes, libinit2.o(.ARM.Collect$$libinit$$00000021))

<P><STRONG><a name="[d7]"></a>__rt_lib_init_user_alloc_1</STRONG> (Thumb, 0 bytes, Stack size unknown bytes, libinit2.o(.ARM.Collect$$libinit$$00000008))

<P><STRONG><a name="[5e]"></a>__rt_lib_shutdown</STRONG> (Thumb, 0 bytes, Stack size unknown bytes, libshutdown.o(.ARM.Collect$$libshutdown$$00000000))
<BR><BR>[Called By]<UL><LI><a href="#[5d]">&gt;&gt;</a>&nbsp;&nbsp;&nbsp;__rt_exit_ls
<LI><a href="#[63]">&gt;&gt;</a>&nbsp;&nbsp;&nbsp;abort
</UL>

<P><STRONG><a name="[d8]"></a>__rt_lib_shutdown_fp_trap_1</STRONG> (Thumb, 0 bytes, Stack size unknown bytes, libshutdown2.o(.ARM.Collect$$libshutdown$$00000006))

<P><STRONG><a name="[d9]"></a>__rt_lib_shutdown_heap_1</STRONG> (Thumb, 0 bytes, Stack size unknown bytes, libshutdown2.o(.ARM.Collect$$libshutdown$$0000000E))

<P><STRONG><a name="[da]"></a>__rt_lib_shutdown_return</STRONG> (Thumb, 0 bytes, Stack size unknown bytes, libshutdown2.o(.ARM.Collect$$libshutdown$$0000000F))

<P><STRONG><a name="[db]"></a>__rt_lib_shutdown_signal_1</STRONG> (Thumb, 0 bytes, Stack size unknown bytes, libshutdown2.o(.ARM.Collect$$libshutdown$$00000009))

<P><STRONG><a name="[dc]"></a>__rt_lib_shutdown_stdio_1</STRONG> (Thumb, 0 bytes, Stack size unknown bytes, libshutdown2.o(.ARM.Collect$$libshutdown$$00000003))

<P><STRONG><a name="[dd]"></a>__rt_lib_shutdown_user_alloc_1</STRONG> (Thumb, 0 bytes, Stack size unknown bytes, libshutdown2.o(.ARM.Collect$$libshutdown$$0000000B))

<P><STRONG><a name="[53]"></a>__rt_entry</STRONG> (Thumb, 0 bytes, Stack size unknown bytes, rtentry.o(.ARM.Collect$$rtentry$$00000000))
<BR><BR>[Called By]<UL><LI><a href="#[54]">&gt;&gt;</a>&nbsp;&nbsp;&nbsp;__scatterload_rt2
<LI><a href="#[51]">&gt;&gt;</a>&nbsp;&nbsp;&nbsp;__main
</UL>

<P><STRONG><a name="[de]"></a>__rt_entry_presh_1</STRONG> (Thumb, 0 bytes, Stack size unknown bytes, rtentry2.o(.ARM.Collect$$rtentry$$00000002))

<P><STRONG><a name="[57]"></a>__rt_entry_sh</STRONG> (Thumb, 0 bytes, Stack size unknown bytes, rtentry4.o(.ARM.Collect$$rtentry$$00000004))
<BR><BR>[Stack]<UL><LI>Max Depth = 8 + Unknown Stack Size
<LI>Call Chain = __rt_entry_sh &rArr; __user_setup_stackheap
</UL>
<BR>[Calls]<UL><LI><a href="#[58]">&gt;&gt;</a>&nbsp;&nbsp;&nbsp;__user_setup_stackheap
</UL>

<P><STRONG><a name="[59]"></a>__rt_entry_li</STRONG> (Thumb, 0 bytes, Stack size unknown bytes, rtentry2.o(.ARM.Collect$$rtentry$$0000000A))
<BR><BR>[Stack]<UL><LI>Max Depth = 8 + Unknown Stack Size
<LI>Call Chain = __rt_entry_li &rArr; __rt_lib_init &rArr; _fp_init
</UL>
<BR>[Calls]<UL><LI><a href="#[55]">&gt;&gt;</a>&nbsp;&nbsp;&nbsp;__rt_lib_init
</UL>

<P><STRONG><a name="[df]"></a>__rt_entry_postsh_1</STRONG> (Thumb, 0 bytes, Stack size unknown bytes, rtentry2.o(.ARM.Collect$$rtentry$$00000009))

<P><STRONG><a name="[5a]"></a>__rt_entry_main</STRONG> (Thumb, 0 bytes, Stack size unknown bytes, rtentry2.o(.ARM.Collect$$rtentry$$0000000D))
<BR><BR>[Stack]<UL><LI>Max Depth = 196 + Unknown Stack Size
<LI>Call Chain = __rt_entry_main &rArr; main &rArr; eMBInit &rArr; eMBRTUInit &rArr; xMBPortSerialInit &rArr; USART_Init &rArr; RCC_GetClocksFreq
</UL>
<BR>[Calls]<UL><LI><a href="#[5b]">&gt;&gt;</a>&nbsp;&nbsp;&nbsp;main
<LI><a href="#[5c]">&gt;&gt;</a>&nbsp;&nbsp;&nbsp;exit
</UL>

<P><STRONG><a name="[e0]"></a>__rt_entry_postli_1</STRONG> (Thumb, 0 bytes, Stack size unknown bytes, rtentry2.o(.ARM.Collect$$rtentry$$0000000C))

<P><STRONG><a name="[6c]"></a>__rt_exit</STRONG> (Thumb, 0 bytes, Stack size unknown bytes, rtexit.o(.ARM.Collect$$rtexit$$00000000))
<BR><BR>[Called By]<UL><LI><a href="#[5c]">&gt;&gt;</a>&nbsp;&nbsp;&nbsp;exit
</UL>

<P><STRONG><a name="[5d]"></a>__rt_exit_ls</STRONG> (Thumb, 0 bytes, Stack size unknown bytes, rtexit2.o(.ARM.Collect$$rtexit$$00000003))
<BR><BR>[Calls]<UL><LI><a href="#[5e]">&gt;&gt;</a>&nbsp;&nbsp;&nbsp;__rt_lib_shutdown
</UL>

<P><STRONG><a name="[e1]"></a>__rt_exit_prels_1</STRONG> (Thumb, 0 bytes, Stack size unknown bytes, rtexit2.o(.ARM.Collect$$rtexit$$00000002))

<P><STRONG><a name="[5f]"></a>__rt_exit_exit</STRONG> (Thumb, 0 bytes, Stack size unknown bytes, rtexit2.o(.ARM.Collect$$rtexit$$00000004))
<BR><BR>[Calls]<UL><LI><a href="#[60]">&gt;&gt;</a>&nbsp;&nbsp;&nbsp;_sys_exit
</UL>

<P><STRONG><a name="[e2]"></a>__get_PSP</STRONG> (Thumb, 6 bytes, Stack size 0 bytes, core_cm3.o(.emb_text), UNUSED)

<P><STRONG><a name="[e3]"></a>__set_PSP</STRONG> (Thumb, 6 bytes, Stack size 0 bytes, core_cm3.o(.emb_text), UNUSED)

<P><STRONG><a name="[e4]"></a>__get_MSP</STRONG> (Thumb, 6 bytes, Stack size 0 bytes, core_cm3.o(.emb_text), UNUSED)

<P><STRONG><a name="[e5]"></a>__set_MSP</STRONG> (Thumb, 6 bytes, Stack size 0 bytes, core_cm3.o(.emb_text), UNUSED)

<P><STRONG><a name="[92]"></a>__REV16</STRONG> (Thumb, 4 bytes, Stack size 0 bytes, core_cm3.o(.emb_text))
<BR><BR>[Called By]<UL><LI><a href="#[88]">&gt;&gt;</a>&nbsp;&nbsp;&nbsp;eMBRegHoldingCB
</UL>

<P><STRONG><a name="[e6]"></a>__REVSH</STRONG> (Thumb, 4 bytes, Stack size 0 bytes, core_cm3.o(.emb_text), UNUSED)

<P><STRONG><a name="[c]"></a>Reset_Handler</STRONG> (Thumb, 8 bytes, Stack size 0 bytes, startup_stm32f10x_md.o(.text))
<BR>[Address Reference Count : 1]<UL><LI> startup_stm32f10x_md.o(RESET)
</UL>
<P><STRONG><a name="[28]"></a>ADC1_2_IRQHandler</STRONG> (Thumb, 0 bytes, Stack size 0 bytes, startup_stm32f10x_md.o(.text))
<BR>[Address Reference Count : 1]<UL><LI> startup_stm32f10x_md.o(RESET)
</UL>
<P><STRONG><a name="[2b]"></a>CAN1_RX1_IRQHandler</STRONG> (Thumb, 0 bytes, Stack size 0 bytes, startup_stm32f10x_md.o(.text))
<BR>[Address Reference Count : 1]<UL><LI> startup_stm32f10x_md.o(RESET)
</UL>
<P><STRONG><a name="[2c]"></a>CAN1_SCE_IRQHandler</STRONG> (Thumb, 0 bytes, Stack size 0 bytes, startup_stm32f10x_md.o(.text))
<BR>[Address Reference Count : 1]<UL><LI> startup_stm32f10x_md.o(RESET)
</UL>
<P><STRONG><a name="[21]"></a>DMA1_Channel1_IRQHandler</STRONG> (Thumb, 0 bytes, Stack size 0 bytes, startup_stm32f10x_md.o(.text))
<BR>[Address Reference Count : 1]<UL><LI> startup_stm32f10x_md.o(RESET)
</UL>
<P><STRONG><a name="[22]"></a>DMA1_Channel2_IRQHandler</STRONG> (Thumb, 0 bytes, Stack size 0 bytes, startup_stm32f10x_md.o(.text))
<BR>[Address Reference Count : 1]<UL><LI> startup_stm32f10x_md.o(RESET)
</UL>
<P><STRONG><a name="[23]"></a>DMA1_Channel3_IRQHandler</STRONG> (Thumb, 0 bytes, Stack size 0 bytes, startup_stm32f10x_md.o(.text))
<BR>[Address Reference Count : 1]<UL><LI> startup_stm32f10x_md.o(RESET)
</UL>
<P><STRONG><a name="[24]"></a>DMA1_Channel4_IRQHandler</STRONG> (Thumb, 0 bytes, Stack size 0 bytes, startup_stm32f10x_md.o(.text))
<BR>[Address Reference Count : 1]<UL><LI> startup_stm32f10x_md.o(RESET)
</UL>
<P><STRONG><a name="[25]"></a>DMA1_Channel5_IRQHandler</STRONG> (Thumb, 0 bytes, Stack size 0 bytes, startup_stm32f10x_md.o(.text))
<BR>[Address Reference Count : 1]<UL><LI> startup_stm32f10x_md.o(RESET)
</UL>
<P><STRONG><a name="[26]"></a>DMA1_Channel6_IRQHandler</STRONG> (Thumb, 0 bytes, Stack size 0 bytes, startup_stm32f10x_md.o(.text))
<BR>[Address Reference Count : 1]<UL><LI> startup_stm32f10x_md.o(RESET)
</UL>
<P><STRONG><a name="[27]"></a>DMA1_Channel7_IRQHandler</STRONG> (Thumb, 0 bytes, Stack size 0 bytes, startup_stm32f10x_md.o(.text))
<BR>[Address Reference Count : 1]<UL><LI> startup_stm32f10x_md.o(RESET)
</UL>
<P><STRONG><a name="[1c]"></a>EXTI0_IRQHandler</STRONG> (Thumb, 0 bytes, Stack size 0 bytes, startup_stm32f10x_md.o(.text))
<BR>[Address Reference Count : 1]<UL><LI> startup_stm32f10x_md.o(RESET)
</UL>
<P><STRONG><a name="[3e]"></a>EXTI15_10_IRQHandler</STRONG> (Thumb, 0 bytes, Stack size 0 bytes, startup_stm32f10x_md.o(.text))
<BR>[Address Reference Count : 1]<UL><LI> startup_stm32f10x_md.o(RESET)
</UL>
<P><STRONG><a name="[1d]"></a>EXTI1_IRQHandler</STRONG> (Thumb, 0 bytes, Stack size 0 bytes, startup_stm32f10x_md.o(.text))
<BR>[Address Reference Count : 1]<UL><LI> startup_stm32f10x_md.o(RESET)
</UL>
<P><STRONG><a name="[1e]"></a>EXTI2_IRQHandler</STRONG> (Thumb, 0 bytes, Stack size 0 bytes, startup_stm32f10x_md.o(.text))
<BR>[Address Reference Count : 1]<UL><LI> startup_stm32f10x_md.o(RESET)
</UL>
<P><STRONG><a name="[1f]"></a>EXTI3_IRQHandler</STRONG> (Thumb, 0 bytes, Stack size 0 bytes, startup_stm32f10x_md.o(.text))
<BR>[Address Reference Count : 1]<UL><LI> startup_stm32f10x_md.o(RESET)
</UL>
<P><STRONG><a name="[20]"></a>EXTI4_IRQHandler</STRONG> (Thumb, 0 bytes, Stack size 0 bytes, startup_stm32f10x_md.o(.text))
<BR>[Address Reference Count : 1]<UL><LI> startup_stm32f10x_md.o(RESET)
</UL>
<P><STRONG><a name="[2d]"></a>EXTI9_5_IRQHandler</STRONG> (Thumb, 0 bytes, Stack size 0 bytes, startup_stm32f10x_md.o(.text))
<BR>[Address Reference Count : 1]<UL><LI> startup_stm32f10x_md.o(RESET)
</UL>
<P><STRONG><a name="[1a]"></a>FLASH_IRQHandler</STRONG> (Thumb, 0 bytes, Stack size 0 bytes, startup_stm32f10x_md.o(.text))
<BR>[Address Reference Count : 1]<UL><LI> startup_stm32f10x_md.o(RESET)
</UL>
<P><STRONG><a name="[36]"></a>I2C1_ER_IRQHandler</STRONG> (Thumb, 0 bytes, Stack size 0 bytes, startup_stm32f10x_md.o(.text))
<BR>[Address Reference Count : 1]<UL><LI> startup_stm32f10x_md.o(RESET)
</UL>
<P><STRONG><a name="[35]"></a>I2C1_EV_IRQHandler</STRONG> (Thumb, 0 bytes, Stack size 0 bytes, startup_stm32f10x_md.o(.text))
<BR>[Address Reference Count : 1]<UL><LI> startup_stm32f10x_md.o(RESET)
</UL>
<P><STRONG><a name="[38]"></a>I2C2_ER_IRQHandler</STRONG> (Thumb, 0 bytes, Stack size 0 bytes, startup_stm32f10x_md.o(.text))
<BR>[Address Reference Count : 1]<UL><LI> startup_stm32f10x_md.o(RESET)
</UL>
<P><STRONG><a name="[37]"></a>I2C2_EV_IRQHandler</STRONG> (Thumb, 0 bytes, Stack size 0 bytes, startup_stm32f10x_md.o(.text))
<BR>[Address Reference Count : 1]<UL><LI> startup_stm32f10x_md.o(RESET)
</UL>
<P><STRONG><a name="[17]"></a>PVD_IRQHandler</STRONG> (Thumb, 0 bytes, Stack size 0 bytes, startup_stm32f10x_md.o(.text))
<BR>[Address Reference Count : 1]<UL><LI> startup_stm32f10x_md.o(RESET)
</UL>
<P><STRONG><a name="[1b]"></a>RCC_IRQHandler</STRONG> (Thumb, 0 bytes, Stack size 0 bytes, startup_stm32f10x_md.o(.text))
<BR>[Address Reference Count : 1]<UL><LI> startup_stm32f10x_md.o(RESET)
</UL>
<P><STRONG><a name="[3f]"></a>RTCAlarm_IRQHandler</STRONG> (Thumb, 0 bytes, Stack size 0 bytes, startup_stm32f10x_md.o(.text))
<BR>[Address Reference Count : 1]<UL><LI> startup_stm32f10x_md.o(RESET)
</UL>
<P><STRONG><a name="[19]"></a>RTC_IRQHandler</STRONG> (Thumb, 0 bytes, Stack size 0 bytes, startup_stm32f10x_md.o(.text))
<BR>[Address Reference Count : 1]<UL><LI> startup_stm32f10x_md.o(RESET)
</UL>
<P><STRONG><a name="[39]"></a>SPI1_IRQHandler</STRONG> (Thumb, 0 bytes, Stack size 0 bytes, startup_stm32f10x_md.o(.text))
<BR>[Address Reference Count : 1]<UL><LI> startup_stm32f10x_md.o(RESET)
</UL>
<P><STRONG><a name="[3a]"></a>SPI2_IRQHandler</STRONG> (Thumb, 0 bytes, Stack size 0 bytes, startup_stm32f10x_md.o(.text))
<BR>[Address Reference Count : 1]<UL><LI> startup_stm32f10x_md.o(RESET)
</UL>
<P><STRONG><a name="[18]"></a>TAMPER_IRQHandler</STRONG> (Thumb, 0 bytes, Stack size 0 bytes, startup_stm32f10x_md.o(.text))
<BR>[Address Reference Count : 1]<UL><LI> startup_stm32f10x_md.o(RESET)
</UL>
<P><STRONG><a name="[2e]"></a>TIM1_BRK_IRQHandler</STRONG> (Thumb, 0 bytes, Stack size 0 bytes, startup_stm32f10x_md.o(.text))
<BR>[Address Reference Count : 1]<UL><LI> startup_stm32f10x_md.o(RESET)
</UL>
<P><STRONG><a name="[31]"></a>TIM1_CC_IRQHandler</STRONG> (Thumb, 0 bytes, Stack size 0 bytes, startup_stm32f10x_md.o(.text))
<BR>[Address Reference Count : 1]<UL><LI> startup_stm32f10x_md.o(RESET)
</UL>
<P><STRONG><a name="[30]"></a>TIM1_TRG_COM_IRQHandler</STRONG> (Thumb, 0 bytes, Stack size 0 bytes, startup_stm32f10x_md.o(.text))
<BR>[Address Reference Count : 1]<UL><LI> startup_stm32f10x_md.o(RESET)
</UL>
<P><STRONG><a name="[2f]"></a>TIM1_UP_IRQHandler</STRONG> (Thumb, 0 bytes, Stack size 0 bytes, startup_stm32f10x_md.o(.text))
<BR>[Address Reference Count : 1]<UL><LI> startup_stm32f10x_md.o(RESET)
</UL>
<P><STRONG><a name="[32]"></a>TIM2_IRQHandler</STRONG> (Thumb, 0 bytes, Stack size 0 bytes, startup_stm32f10x_md.o(.text))
<BR>[Address Reference Count : 1]<UL><LI> startup_stm32f10x_md.o(RESET)
</UL>
<P><STRONG><a name="[33]"></a>TIM3_IRQHandler</STRONG> (Thumb, 0 bytes, Stack size 0 bytes, startup_stm32f10x_md.o(.text))
<BR>[Address Reference Count : 1]<UL><LI> startup_stm32f10x_md.o(RESET)
</UL>
<P><STRONG><a name="[3c]"></a>USART2_IRQHandler</STRONG> (Thumb, 0 bytes, Stack size 0 bytes, startup_stm32f10x_md.o(.text))
<BR>[Address Reference Count : 1]<UL><LI> startup_stm32f10x_md.o(RESET)
</UL>
<P><STRONG><a name="[3d]"></a>USART3_IRQHandler</STRONG> (Thumb, 0 bytes, Stack size 0 bytes, startup_stm32f10x_md.o(.text))
<BR>[Address Reference Count : 1]<UL><LI> startup_stm32f10x_md.o(RESET)
</UL>
<P><STRONG><a name="[40]"></a>USBWakeUp_IRQHandler</STRONG> (Thumb, 0 bytes, Stack size 0 bytes, startup_stm32f10x_md.o(.text))
<BR>[Address Reference Count : 1]<UL><LI> startup_stm32f10x_md.o(RESET)
</UL>
<P><STRONG><a name="[29]"></a>USB_HP_CAN1_TX_IRQHandler</STRONG> (Thumb, 0 bytes, Stack size 0 bytes, startup_stm32f10x_md.o(.text))
<BR>[Address Reference Count : 1]<UL><LI> startup_stm32f10x_md.o(RESET)
</UL>
<P><STRONG><a name="[2a]"></a>USB_LP_CAN1_RX0_IRQHandler</STRONG> (Thumb, 0 bytes, Stack size 0 bytes, startup_stm32f10x_md.o(.text))
<BR>[Address Reference Count : 1]<UL><LI> startup_stm32f10x_md.o(RESET)
</UL>
<P><STRONG><a name="[16]"></a>WWDG_IRQHandler</STRONG> (Thumb, 0 bytes, Stack size 0 bytes, startup_stm32f10x_md.o(.text))
<BR>[Address Reference Count : 1]<UL><LI> startup_stm32f10x_md.o(RESET)
</UL>
<P><STRONG><a name="[6b]"></a>__user_initial_stackheap</STRONG> (Thumb, 0 bytes, Stack size unknown bytes, startup_stm32f10x_md.o(.text))
<BR><BR>[Called By]<UL><LI><a href="#[58]">&gt;&gt;</a>&nbsp;&nbsp;&nbsp;__user_setup_stackheap
</UL>

<P><STRONG><a name="[61]"></a>__aeabi_assert</STRONG> (Thumb, 84 bytes, Stack size 16 bytes, assert.o(.text))
<BR><BR>[Stack]<UL><LI>Max Depth = 56 + Unknown Stack Size
<LI>Call Chain = __aeabi_assert &rArr; abort &rArr; __rt_SIGABRT &rArr; __rt_SIGABRT_inner &rArr; __default_signal_display &rArr; _ttywrch
</UL>
<BR>[Calls]<UL><LI><a href="#[62]">&gt;&gt;</a>&nbsp;&nbsp;&nbsp;__assert_puts
<LI><a href="#[63]">&gt;&gt;</a>&nbsp;&nbsp;&nbsp;abort
</UL>
<BR>[Called By]<UL><LI><a href="#[95]">&gt;&gt;</a>&nbsp;&nbsp;&nbsp;prvucMBBIN2CHAR
<LI><a href="#[4f]">&gt;&gt;</a>&nbsp;&nbsp;&nbsp;xMBASCIITransmitFSM
<LI><a href="#[50]">&gt;&gt;</a>&nbsp;&nbsp;&nbsp;xMBASCIITimerT1SExpired
<LI><a href="#[4e]">&gt;&gt;</a>&nbsp;&nbsp;&nbsp;xMBASCIIReceiveFSM
<LI><a href="#[4d]">&gt;&gt;</a>&nbsp;&nbsp;&nbsp;eMBASCIIReceive
<LI><a href="#[48]">&gt;&gt;</a>&nbsp;&nbsp;&nbsp;xMBRTUTransmitFSM
<LI><a href="#[49]">&gt;&gt;</a>&nbsp;&nbsp;&nbsp;xMBRTUTimerT35Expired
<LI><a href="#[47]">&gt;&gt;</a>&nbsp;&nbsp;&nbsp;xMBRTUReceiveFSM
<LI><a href="#[46]">&gt;&gt;</a>&nbsp;&nbsp;&nbsp;eMBRTUReceive
</UL>

<P><STRONG><a name="[e7]"></a>__assert</STRONG> (Thumb, 0 bytes, Stack size 16 bytes, assert.o(.text), UNUSED)

<P><STRONG><a name="[8a]"></a>__aeabi_memcpy</STRONG> (Thumb, 0 bytes, Stack size 0 bytes, rt_memcpy_v6.o(.text))
<BR><BR>[Called By]<UL><LI><a href="#[2]">&gt;&gt;</a>&nbsp;&nbsp;&nbsp;eMBFuncReportSlaveID
</UL>

<P><STRONG><a name="[64]"></a>__rt_memcpy</STRONG> (Thumb, 138 bytes, Stack size 0 bytes, rt_memcpy_v6.o(.text), UNUSED)
<BR><BR>[Calls]<UL><LI><a href="#[65]">&gt;&gt;</a>&nbsp;&nbsp;&nbsp;__aeabi_memcpy4
</UL>

<P><STRONG><a name="[e8]"></a>_memcpy_lastbytes</STRONG> (Thumb, 0 bytes, Stack size unknown bytes, rt_memcpy_v6.o(.text), UNUSED)

<P><STRONG><a name="[e9]"></a>__use_two_region_memory</STRONG> (Thumb, 2 bytes, Stack size 0 bytes, heapauxi.o(.text), UNUSED)

<P><STRONG><a name="[ea]"></a>__rt_heap_escrow$2region</STRONG> (Thumb, 2 bytes, Stack size 0 bytes, heapauxi.o(.text), UNUSED)

<P><STRONG><a name="[eb]"></a>__rt_heap_expand$2region</STRONG> (Thumb, 2 bytes, Stack size 0 bytes, heapauxi.o(.text), UNUSED)

<P><STRONG><a name="[63]"></a>abort</STRONG> (Thumb, 16 bytes, Stack size 0 bytes, abort.o(.text))
<BR><BR>[Stack]<UL><LI>Max Depth = 40 + Unknown Stack Size
<LI>Call Chain = abort &rArr; __rt_SIGABRT &rArr; __rt_SIGABRT_inner &rArr; __default_signal_display &rArr; _ttywrch
</UL>
<BR>[Calls]<UL><LI><a href="#[5e]">&gt;&gt;</a>&nbsp;&nbsp;&nbsp;__rt_lib_shutdown
<LI><a href="#[66]">&gt;&gt;</a>&nbsp;&nbsp;&nbsp;__rt_SIGABRT
<LI><a href="#[60]">&gt;&gt;</a>&nbsp;&nbsp;&nbsp;_sys_exit
</UL>
<BR>[Called By]<UL><LI><a href="#[61]">&gt;&gt;</a>&nbsp;&nbsp;&nbsp;__aeabi_assert
</UL>

<P><STRONG><a name="[62]"></a>__assert_puts</STRONG> (Thumb, 20 bytes, Stack size 8 bytes, assert_puts.o(.text))
<BR><BR>[Stack]<UL><LI>Max Depth = 16<LI>Call Chain = __assert_puts &rArr; _ttywrch
</UL>
<BR>[Calls]<UL><LI><a href="#[67]">&gt;&gt;</a>&nbsp;&nbsp;&nbsp;_ttywrch
</UL>
<BR>[Called By]<UL><LI><a href="#[61]">&gt;&gt;</a>&nbsp;&nbsp;&nbsp;__aeabi_assert
</UL>

<P><STRONG><a name="[65]"></a>__aeabi_memcpy4</STRONG> (Thumb, 0 bytes, Stack size 8 bytes, rt_memcpy_w.o(.text), UNUSED)
<BR><BR>[Called By]<UL><LI><a href="#[64]">&gt;&gt;</a>&nbsp;&nbsp;&nbsp;__rt_memcpy
</UL>

<P><STRONG><a name="[ec]"></a>__aeabi_memcpy8</STRONG> (Thumb, 0 bytes, Stack size 8 bytes, rt_memcpy_w.o(.text), UNUSED)

<P><STRONG><a name="[ed]"></a>__rt_memcpy_w</STRONG> (Thumb, 100 bytes, Stack size 8 bytes, rt_memcpy_w.o(.text), UNUSED)

<P><STRONG><a name="[ee]"></a>_memcpy_lastbytes_aligned</STRONG> (Thumb, 0 bytes, Stack size unknown bytes, rt_memcpy_w.o(.text), UNUSED)

<P><STRONG><a name="[67]"></a>_ttywrch</STRONG> (Thumb, 14 bytes, Stack size 8 bytes, sys_wrch.o(.text))
<BR><BR>[Stack]<UL><LI>Max Depth = 8<LI>Call Chain = _ttywrch
</UL>
<BR>[Called By]<UL><LI><a href="#[6d]">&gt;&gt;</a>&nbsp;&nbsp;&nbsp;__default_signal_display
<LI><a href="#[62]">&gt;&gt;</a>&nbsp;&nbsp;&nbsp;__assert_puts
</UL>

<P><STRONG><a name="[60]"></a>_sys_exit</STRONG> (Thumb, 8 bytes, Stack size 0 bytes, sys_exit.o(.text))
<BR><BR>[Called By]<UL><LI><a href="#[5f]">&gt;&gt;</a>&nbsp;&nbsp;&nbsp;__rt_exit_exit
<LI><a href="#[69]">&gt;&gt;</a>&nbsp;&nbsp;&nbsp;__sig_exit
<LI><a href="#[63]">&gt;&gt;</a>&nbsp;&nbsp;&nbsp;abort
</UL>

<P><STRONG><a name="[66]"></a>__rt_SIGABRT</STRONG> (Thumb, 14 bytes, Stack size 8 bytes, defsig_abrt_outer.o(.text))
<BR><BR>[Stack]<UL><LI>Max Depth = 40<LI>Call Chain = __rt_SIGABRT &rArr; __rt_SIGABRT_inner &rArr; __default_signal_display &rArr; _ttywrch
</UL>
<BR>[Calls]<UL><LI><a href="#[68]">&gt;&gt;</a>&nbsp;&nbsp;&nbsp;__rt_SIGABRT_inner
<LI><a href="#[69]">&gt;&gt;</a>&nbsp;&nbsp;&nbsp;__sig_exit
</UL>
<BR>[Called By]<UL><LI><a href="#[63]">&gt;&gt;</a>&nbsp;&nbsp;&nbsp;abort
</UL>

<P><STRONG><a name="[ef]"></a>__I$use$semihosting</STRONG> (Thumb, 0 bytes, Stack size 0 bytes, use_no_semi.o(.text), UNUSED)

<P><STRONG><a name="[f0]"></a>__use_no_semihosting_swi</STRONG> (Thumb, 2 bytes, Stack size 0 bytes, use_no_semi.o(.text), UNUSED)

<P><STRONG><a name="[f1]"></a>__semihosting_library_function</STRONG> (Thumb, 0 bytes, Stack size 8 bytes, indicate_semi.o(.text), UNUSED)

<P><STRONG><a name="[58]"></a>__user_setup_stackheap</STRONG> (Thumb, 74 bytes, Stack size 8 bytes, sys_stackheap_outer.o(.text))
<BR><BR>[Stack]<UL><LI>Max Depth = 8 + Unknown Stack Size
<LI>Call Chain = __user_setup_stackheap
</UL>
<BR>[Calls]<UL><LI><a href="#[6a]">&gt;&gt;</a>&nbsp;&nbsp;&nbsp;__user_perproc_libspace
<LI><a href="#[6b]">&gt;&gt;</a>&nbsp;&nbsp;&nbsp;__user_initial_stackheap
</UL>
<BR>[Called By]<UL><LI><a href="#[57]">&gt;&gt;</a>&nbsp;&nbsp;&nbsp;__rt_entry_sh
</UL>

<P><STRONG><a name="[5c]"></a>exit</STRONG> (Thumb, 12 bytes, Stack size 0 bytes, exit.o(.text))
<BR><BR>[Calls]<UL><LI><a href="#[6c]">&gt;&gt;</a>&nbsp;&nbsp;&nbsp;__rt_exit
</UL>
<BR>[Called By]<UL><LI><a href="#[5a]">&gt;&gt;</a>&nbsp;&nbsp;&nbsp;__rt_entry_main
</UL>

<P><STRONG><a name="[69]"></a>__sig_exit</STRONG> (Thumb, 10 bytes, Stack size 0 bytes, defsig_exit.o(.text))
<BR><BR>[Calls]<UL><LI><a href="#[60]">&gt;&gt;</a>&nbsp;&nbsp;&nbsp;_sys_exit
</UL>
<BR>[Called By]<UL><LI><a href="#[66]">&gt;&gt;</a>&nbsp;&nbsp;&nbsp;__rt_SIGABRT
</UL>

<P><STRONG><a name="[68]"></a>__rt_SIGABRT_inner</STRONG> (Thumb, 14 bytes, Stack size 8 bytes, defsig_abrt_inner.o(.text))
<BR><BR>[Stack]<UL><LI>Max Depth = 32<LI>Call Chain = __rt_SIGABRT_inner &rArr; __default_signal_display &rArr; _ttywrch
</UL>
<BR>[Calls]<UL><LI><a href="#[6d]">&gt;&gt;</a>&nbsp;&nbsp;&nbsp;__default_signal_display
</UL>
<BR>[Called By]<UL><LI><a href="#[66]">&gt;&gt;</a>&nbsp;&nbsp;&nbsp;__rt_SIGABRT
</UL>

<P><STRONG><a name="[f2]"></a>__user_libspace</STRONG> (Thumb, 8 bytes, Stack size 0 bytes, libspace.o(.text), UNUSED)

<P><STRONG><a name="[6a]"></a>__user_perproc_libspace</STRONG> (Thumb, 0 bytes, Stack size 0 bytes, libspace.o(.text))
<BR><BR>[Called By]<UL><LI><a href="#[58]">&gt;&gt;</a>&nbsp;&nbsp;&nbsp;__user_setup_stackheap
</UL>

<P><STRONG><a name="[f3]"></a>__user_perthread_libspace</STRONG> (Thumb, 0 bytes, Stack size 0 bytes, libspace.o(.text), UNUSED)

<P><STRONG><a name="[6d]"></a>__default_signal_display</STRONG> (Thumb, 50 bytes, Stack size 16 bytes, defsig_general.o(.text))
<BR><BR>[Stack]<UL><LI>Max Depth = 24<LI>Call Chain = __default_signal_display &rArr; _ttywrch
</UL>
<BR>[Calls]<UL><LI><a href="#[67]">&gt;&gt;</a>&nbsp;&nbsp;&nbsp;_ttywrch
</UL>
<BR>[Called By]<UL><LI><a href="#[68]">&gt;&gt;</a>&nbsp;&nbsp;&nbsp;__rt_SIGABRT_inner
</UL>

<P><STRONG><a name="[a7]"></a>__rt_fp_status_addr</STRONG> (Thumb, 8 bytes, Stack size 0 bytes, rt_fp_status_addr_intlibspace.o(.text))
<BR><BR>[Called By]<UL><LI><a href="#[56]">&gt;&gt;</a>&nbsp;&nbsp;&nbsp;_fp_init
</UL>

<P><STRONG><a name="[10]"></a>BusFault_Handler</STRONG> (Thumb, 4 bytes, Stack size 0 bytes, stm32f10x_it.o(i.BusFault_Handler))
<BR>[Address Reference Count : 1]<UL><LI> startup_stm32f10x_md.o(RESET)
</UL>
<P><STRONG><a name="[13]"></a>DebugMon_Handler</STRONG> (Thumb, 2 bytes, Stack size 0 bytes, stm32f10x_it.o(i.DebugMon_Handler))
<BR>[Address Reference Count : 1]<UL><LI> startup_stm32f10x_md.o(RESET)
</UL>
<P><STRONG><a name="[7d]"></a>ENTER_CRITICAL_SECTION</STRONG> (Thumb, 10 bytes, Stack size 0 bytes, port.o(i.ENTER_CRITICAL_SECTION))
<BR><BR>[Called By]<UL><LI><a href="#[4b]">&gt;&gt;</a>&nbsp;&nbsp;&nbsp;eMBASCIIStop
<LI><a href="#[4a]">&gt;&gt;</a>&nbsp;&nbsp;&nbsp;eMBASCIIStart
<LI><a href="#[4c]">&gt;&gt;</a>&nbsp;&nbsp;&nbsp;eMBASCIISend
<LI><a href="#[4d]">&gt;&gt;</a>&nbsp;&nbsp;&nbsp;eMBASCIIReceive
<LI><a href="#[7c]">&gt;&gt;</a>&nbsp;&nbsp;&nbsp;eMBASCIIInit
<LI><a href="#[44]">&gt;&gt;</a>&nbsp;&nbsp;&nbsp;eMBRTUStop
<LI><a href="#[43]">&gt;&gt;</a>&nbsp;&nbsp;&nbsp;eMBRTUStart
<LI><a href="#[45]">&gt;&gt;</a>&nbsp;&nbsp;&nbsp;eMBRTUSend
<LI><a href="#[46]">&gt;&gt;</a>&nbsp;&nbsp;&nbsp;eMBRTUReceive
<LI><a href="#[8c]">&gt;&gt;</a>&nbsp;&nbsp;&nbsp;eMBRTUInit
</UL>

<P><STRONG><a name="[80]"></a>EXIT_CRITICAL_SECTION</STRONG> (Thumb, 10 bytes, Stack size 0 bytes, port.o(i.EXIT_CRITICAL_SECTION))
<BR><BR>[Called By]<UL><LI><a href="#[4b]">&gt;&gt;</a>&nbsp;&nbsp;&nbsp;eMBASCIIStop
<LI><a href="#[4a]">&gt;&gt;</a>&nbsp;&nbsp;&nbsp;eMBASCIIStart
<LI><a href="#[4c]">&gt;&gt;</a>&nbsp;&nbsp;&nbsp;eMBASCIISend
<LI><a href="#[4d]">&gt;&gt;</a>&nbsp;&nbsp;&nbsp;eMBASCIIReceive
<LI><a href="#[7c]">&gt;&gt;</a>&nbsp;&nbsp;&nbsp;eMBASCIIInit
<LI><a href="#[44]">&gt;&gt;</a>&nbsp;&nbsp;&nbsp;eMBRTUStop
<LI><a href="#[43]">&gt;&gt;</a>&nbsp;&nbsp;&nbsp;eMBRTUStart
<LI><a href="#[45]">&gt;&gt;</a>&nbsp;&nbsp;&nbsp;eMBRTUSend
<LI><a href="#[46]">&gt;&gt;</a>&nbsp;&nbsp;&nbsp;eMBRTUReceive
<LI><a href="#[8c]">&gt;&gt;</a>&nbsp;&nbsp;&nbsp;eMBRTUInit
</UL>

<P><STRONG><a name="[9e]"></a>GPIO_Init</STRONG> (Thumb, 274 bytes, Stack size 24 bytes, stm32f10x_gpio.o(i.GPIO_Init))
<BR><BR>[Stack]<UL><LI>Max Depth = 24<LI>Call Chain = GPIO_Init
</UL>
<BR>[Called By]<UL><LI><a href="#[7e]">&gt;&gt;</a>&nbsp;&nbsp;&nbsp;xMBPortSerialInit
</UL>

<P><STRONG><a name="[e]"></a>HardFault_Handler</STRONG> (Thumb, 4 bytes, Stack size 0 bytes, stm32f10x_it.o(i.HardFault_Handler))
<BR>[Address Reference Count : 1]<UL><LI> startup_stm32f10x_md.o(RESET)
</UL>
<P><STRONG><a name="[f]"></a>MemManage_Handler</STRONG> (Thumb, 4 bytes, Stack size 0 bytes, stm32f10x_it.o(i.MemManage_Handler))
<BR>[Address Reference Count : 1]<UL><LI> startup_stm32f10x_md.o(RESET)
</UL>
<P><STRONG><a name="[d]"></a>NMI_Handler</STRONG> (Thumb, 2 bytes, Stack size 0 bytes, stm32f10x_it.o(i.NMI_Handler))
<BR>[Address Reference Count : 1]<UL><LI> startup_stm32f10x_md.o(RESET)
</UL>
<P><STRONG><a name="[a1]"></a>NVIC_Init</STRONG> (Thumb, 102 bytes, Stack size 16 bytes, misc.o(i.NVIC_Init))
<BR><BR>[Stack]<UL><LI>Max Depth = 16<LI>Call Chain = NVIC_Init
</UL>
<BR>[Called By]<UL><LI><a href="#[7f]">&gt;&gt;</a>&nbsp;&nbsp;&nbsp;xMBPortTimersInit
<LI><a href="#[7e]">&gt;&gt;</a>&nbsp;&nbsp;&nbsp;xMBPortSerialInit
</UL>

<P><STRONG><a name="[a0]"></a>NVIC_PriorityGroupConfig</STRONG> (Thumb, 10 bytes, Stack size 0 bytes, misc.o(i.NVIC_PriorityGroupConfig))
<BR><BR>[Called By]<UL><LI><a href="#[7f]">&gt;&gt;</a>&nbsp;&nbsp;&nbsp;xMBPortTimersInit
<LI><a href="#[7e]">&gt;&gt;</a>&nbsp;&nbsp;&nbsp;xMBPortSerialInit
</UL>

<P><STRONG><a name="[93]"></a>NVIC_SetVectorTable</STRONG> (Thumb, 12 bytes, Stack size 0 bytes, misc.o(i.NVIC_SetVectorTable))
<BR><BR>[Called By]<UL><LI><a href="#[5b]">&gt;&gt;</a>&nbsp;&nbsp;&nbsp;main
</UL>

<P><STRONG><a name="[14]"></a>PendSV_Handler</STRONG> (Thumb, 2 bytes, Stack size 0 bytes, stm32f10x_it.o(i.PendSV_Handler))
<BR>[Address Reference Count : 1]<UL><LI> startup_stm32f10x_md.o(RESET)
</UL>
<P><STRONG><a name="[a4]"></a>RCC_APB1PeriphClockCmd</STRONG> (Thumb, 26 bytes, Stack size 0 bytes, stm32f10x_rcc.o(i.RCC_APB1PeriphClockCmd))
<BR><BR>[Called By]<UL><LI><a href="#[7f]">&gt;&gt;</a>&nbsp;&nbsp;&nbsp;xMBPortTimersInit
</UL>

<P><STRONG><a name="[9d]"></a>RCC_APB2PeriphClockCmd</STRONG> (Thumb, 26 bytes, Stack size 0 bytes, stm32f10x_rcc.o(i.RCC_APB2PeriphClockCmd))
<BR><BR>[Called By]<UL><LI><a href="#[7e]">&gt;&gt;</a>&nbsp;&nbsp;&nbsp;xMBPortSerialInit
</UL>

<P><STRONG><a name="[7b]"></a>RCC_GetClocksFreq</STRONG> (Thumb, 192 bytes, Stack size 12 bytes, stm32f10x_rcc.o(i.RCC_GetClocksFreq))
<BR><BR>[Stack]<UL><LI>Max Depth = 12<LI>Call Chain = RCC_GetClocksFreq
</UL>
<BR>[Called By]<UL><LI><a href="#[7a]">&gt;&gt;</a>&nbsp;&nbsp;&nbsp;USART_Init
</UL>

<P><STRONG><a name="[12]"></a>SVC_Handler</STRONG> (Thumb, 2 bytes, Stack size 0 bytes, stm32f10x_it.o(i.SVC_Handler))
<BR>[Address Reference Count : 1]<UL><LI> startup_stm32f10x_md.o(RESET)
</UL>
<P><STRONG><a name="[15]"></a>SysTick_Handler</STRONG> (Thumb, 18 bytes, Stack size 0 bytes, stm32f10x_it.o(i.SysTick_Handler))
<BR>[Address Reference Count : 1]<UL><LI> startup_stm32f10x_md.o(RESET)
</UL>
<P><STRONG><a name="[41]"></a>SystemInit</STRONG> (Thumb, 78 bytes, Stack size 8 bytes, system_stm32f10x.o(i.SystemInit))
<BR><BR>[Stack]<UL><LI>Max Depth = 16<LI>Call Chain = SystemInit &rArr; SetSysClock
</UL>
<BR>[Calls]<UL><LI><a href="#[6e]">&gt;&gt;</a>&nbsp;&nbsp;&nbsp;SetSysClock
</UL>
<BR>[Address Reference Count : 1]<UL><LI> startup_stm32f10x_md.o(.text)
</UL>
<P><STRONG><a name="[34]"></a>TIM4_IRQHandler</STRONG> (Thumb, 26 bytes, Stack size 8 bytes, stm32f10x_it.o(i.TIM4_IRQHandler))
<BR><BR>[Stack]<UL><LI>Max Depth = 20<LI>Call Chain = TIM4_IRQHandler &rArr; TIM_GetITStatus
</UL>
<BR>[Calls]<UL><LI><a href="#[72]">&gt;&gt;</a>&nbsp;&nbsp;&nbsp;prvvTIMERExpiredISR
<LI><a href="#[70]">&gt;&gt;</a>&nbsp;&nbsp;&nbsp;TIM_GetITStatus
<LI><a href="#[71]">&gt;&gt;</a>&nbsp;&nbsp;&nbsp;TIM_ClearITPendingBit
</UL>
<BR>[Address Reference Count : 1]<UL><LI> startup_stm32f10x_md.o(RESET)
</UL>
<P><STRONG><a name="[a6]"></a>TIM_ARRPreloadConfig</STRONG> (Thumb, 24 bytes, Stack size 0 bytes, stm32f10x_tim.o(i.TIM_ARRPreloadConfig))
<BR><BR>[Called By]<UL><LI><a href="#[7f]">&gt;&gt;</a>&nbsp;&nbsp;&nbsp;xMBPortTimersInit
</UL>

<P><STRONG><a name="[71]"></a>TIM_ClearITPendingBit</STRONG> (Thumb, 6 bytes, Stack size 0 bytes, stm32f10x_tim.o(i.TIM_ClearITPendingBit))
<BR><BR>[Called By]<UL><LI><a href="#[34]">&gt;&gt;</a>&nbsp;&nbsp;&nbsp;TIM4_IRQHandler
<LI><a href="#[7f]">&gt;&gt;</a>&nbsp;&nbsp;&nbsp;xMBPortTimersInit
<LI><a href="#[91]">&gt;&gt;</a>&nbsp;&nbsp;&nbsp;vMBPortTimersEnable
<LI><a href="#[84]">&gt;&gt;</a>&nbsp;&nbsp;&nbsp;vMBPortTimersDisable
</UL>

<P><STRONG><a name="[97]"></a>TIM_Cmd</STRONG> (Thumb, 24 bytes, Stack size 0 bytes, stm32f10x_tim.o(i.TIM_Cmd))
<BR><BR>[Called By]<UL><LI><a href="#[7f]">&gt;&gt;</a>&nbsp;&nbsp;&nbsp;xMBPortTimersInit
<LI><a href="#[91]">&gt;&gt;</a>&nbsp;&nbsp;&nbsp;vMBPortTimersEnable
<LI><a href="#[84]">&gt;&gt;</a>&nbsp;&nbsp;&nbsp;vMBPortTimersDisable
</UL>

<P><STRONG><a name="[70]"></a>TIM_GetITStatus</STRONG> (Thumb, 34 bytes, Stack size 12 bytes, stm32f10x_tim.o(i.TIM_GetITStatus))
<BR><BR>[Stack]<UL><LI>Max Depth = 12<LI>Call Chain = TIM_GetITStatus
</UL>
<BR>[Called By]<UL><LI><a href="#[34]">&gt;&gt;</a>&nbsp;&nbsp;&nbsp;TIM4_IRQHandler
</UL>

<P><STRONG><a name="[99]"></a>TIM_ITConfig</STRONG> (Thumb, 24 bytes, Stack size 8 bytes, stm32f10x_tim.o(i.TIM_ITConfig))
<BR><BR>[Stack]<UL><LI>Max Depth = 8<LI>Call Chain = TIM_ITConfig
</UL>
<BR>[Called By]<UL><LI><a href="#[7f]">&gt;&gt;</a>&nbsp;&nbsp;&nbsp;xMBPortTimersInit
<LI><a href="#[91]">&gt;&gt;</a>&nbsp;&nbsp;&nbsp;vMBPortTimersEnable
<LI><a href="#[84]">&gt;&gt;</a>&nbsp;&nbsp;&nbsp;vMBPortTimersDisable
</UL>

<P><STRONG><a name="[98]"></a>TIM_SetCounter</STRONG> (Thumb, 4 bytes, Stack size 0 bytes, stm32f10x_tim.o(i.TIM_SetCounter))
<BR><BR>[Called By]<UL><LI><a href="#[91]">&gt;&gt;</a>&nbsp;&nbsp;&nbsp;vMBPortTimersEnable
<LI><a href="#[84]">&gt;&gt;</a>&nbsp;&nbsp;&nbsp;vMBPortTimersDisable
</UL>

<P><STRONG><a name="[a5]"></a>TIM_TimeBaseInit</STRONG> (Thumb, 122 bytes, Stack size 0 bytes, stm32f10x_tim.o(i.TIM_TimeBaseInit))
<BR><BR>[Called By]<UL><LI><a href="#[7f]">&gt;&gt;</a>&nbsp;&nbsp;&nbsp;xMBPortTimersInit
</UL>

<P><STRONG><a name="[3b]"></a>USART1_IRQHandler</STRONG> (Thumb, 86 bytes, Stack size 8 bytes, stm32f10x_it.o(i.USART1_IRQHandler))
<BR><BR>[Stack]<UL><LI>Max Depth = 24<LI>Call Chain = USART1_IRQHandler &rArr; USART_GetITStatus
</UL>
<BR>[Calls]<UL><LI><a href="#[76]">&gt;&gt;</a>&nbsp;&nbsp;&nbsp;prvvUARTTxReadyISR
<LI><a href="#[74]">&gt;&gt;</a>&nbsp;&nbsp;&nbsp;prvvUARTRxISR
<LI><a href="#[79]">&gt;&gt;</a>&nbsp;&nbsp;&nbsp;USART_ReceiveData
<LI><a href="#[73]">&gt;&gt;</a>&nbsp;&nbsp;&nbsp;USART_GetITStatus
<LI><a href="#[77]">&gt;&gt;</a>&nbsp;&nbsp;&nbsp;USART_GetFlagStatus
<LI><a href="#[75]">&gt;&gt;</a>&nbsp;&nbsp;&nbsp;USART_ClearITPendingBit
<LI><a href="#[78]">&gt;&gt;</a>&nbsp;&nbsp;&nbsp;USART_ClearFlag
</UL>
<BR>[Address Reference Count : 1]<UL><LI> startup_stm32f10x_md.o(RESET)
</UL>
<P><STRONG><a name="[78]"></a>USART_ClearFlag</STRONG> (Thumb, 18 bytes, Stack size 0 bytes, stm32f10x_usart.o(i.USART_ClearFlag))
<BR><BR>[Called By]<UL><LI><a href="#[3b]">&gt;&gt;</a>&nbsp;&nbsp;&nbsp;USART1_IRQHandler
</UL>

<P><STRONG><a name="[75]"></a>USART_ClearITPendingBit</STRONG> (Thumb, 30 bytes, Stack size 8 bytes, stm32f10x_usart.o(i.USART_ClearITPendingBit))
<BR><BR>[Stack]<UL><LI>Max Depth = 8<LI>Call Chain = USART_ClearITPendingBit
</UL>
<BR>[Called By]<UL><LI><a href="#[3b]">&gt;&gt;</a>&nbsp;&nbsp;&nbsp;USART1_IRQHandler
</UL>

<P><STRONG><a name="[9f]"></a>USART_ClockInit</STRONG> (Thumb, 34 bytes, Stack size 8 bytes, stm32f10x_usart.o(i.USART_ClockInit))
<BR><BR>[Stack]<UL><LI>Max Depth = 8<LI>Call Chain = USART_ClockInit
</UL>
<BR>[Called By]<UL><LI><a href="#[7e]">&gt;&gt;</a>&nbsp;&nbsp;&nbsp;xMBPortSerialInit
</UL>

<P><STRONG><a name="[a2]"></a>USART_Cmd</STRONG> (Thumb, 24 bytes, Stack size 0 bytes, stm32f10x_usart.o(i.USART_Cmd))
<BR><BR>[Called By]<UL><LI><a href="#[7e]">&gt;&gt;</a>&nbsp;&nbsp;&nbsp;xMBPortSerialInit
</UL>

<P><STRONG><a name="[77]"></a>USART_GetFlagStatus</STRONG> (Thumb, 26 bytes, Stack size 0 bytes, stm32f10x_usart.o(i.USART_GetFlagStatus))
<BR><BR>[Called By]<UL><LI><a href="#[3b]">&gt;&gt;</a>&nbsp;&nbsp;&nbsp;USART1_IRQHandler
</UL>

<P><STRONG><a name="[73]"></a>USART_GetITStatus</STRONG> (Thumb, 84 bytes, Stack size 16 bytes, stm32f10x_usart.o(i.USART_GetITStatus))
<BR><BR>[Stack]<UL><LI>Max Depth = 16<LI>Call Chain = USART_GetITStatus
</UL>
<BR>[Called By]<UL><LI><a href="#[3b]">&gt;&gt;</a>&nbsp;&nbsp;&nbsp;USART1_IRQHandler
</UL>

<P><STRONG><a name="[96]"></a>USART_ITConfig</STRONG> (Thumb, 74 bytes, Stack size 20 bytes, stm32f10x_usart.o(i.USART_ITConfig))
<BR><BR>[Stack]<UL><LI>Max Depth = 20<LI>Call Chain = USART_ITConfig
</UL>
<BR>[Called By]<UL><LI><a href="#[82]">&gt;&gt;</a>&nbsp;&nbsp;&nbsp;vMBPortSerialEnable
</UL>

<P><STRONG><a name="[7a]"></a>USART_Init</STRONG> (Thumb, 210 bytes, Stack size 56 bytes, stm32f10x_usart.o(i.USART_Init))
<BR><BR>[Stack]<UL><LI>Max Depth = 68<LI>Call Chain = USART_Init &rArr; RCC_GetClocksFreq
</UL>
<BR>[Calls]<UL><LI><a href="#[7b]">&gt;&gt;</a>&nbsp;&nbsp;&nbsp;RCC_GetClocksFreq
</UL>
<BR>[Called By]<UL><LI><a href="#[7e]">&gt;&gt;</a>&nbsp;&nbsp;&nbsp;xMBPortSerialInit
</UL>

<P><STRONG><a name="[79]"></a>USART_ReceiveData</STRONG> (Thumb, 10 bytes, Stack size 0 bytes, stm32f10x_usart.o(i.USART_ReceiveData))
<BR><BR>[Called By]<UL><LI><a href="#[3b]">&gt;&gt;</a>&nbsp;&nbsp;&nbsp;USART1_IRQHandler
<LI><a href="#[9a]">&gt;&gt;</a>&nbsp;&nbsp;&nbsp;xMBPortSerialGetByte
</UL>

<P><STRONG><a name="[a3]"></a>USART_SendData</STRONG> (Thumb, 8 bytes, Stack size 0 bytes, stm32f10x_usart.o(i.USART_SendData))
<BR><BR>[Called By]<UL><LI><a href="#[9c]">&gt;&gt;</a>&nbsp;&nbsp;&nbsp;xMBPortSerialPutByte
</UL>

<P><STRONG><a name="[11]"></a>UsageFault_Handler</STRONG> (Thumb, 4 bytes, Stack size 0 bytes, stm32f10x_it.o(i.UsageFault_Handler))
<BR>[Address Reference Count : 1]<UL><LI> startup_stm32f10x_md.o(RESET)
</UL>
<P><STRONG><a name="[7c]"></a>eMBASCIIInit</STRONG> (Thumb, 68 bytes, Stack size 24 bytes, mbascii.o(i.eMBASCIIInit))
<BR><BR>[Stack]<UL><LI>Max Depth = 148<LI>Call Chain = eMBASCIIInit &rArr; xMBPortSerialInit &rArr; USART_Init &rArr; RCC_GetClocksFreq
</UL>
<BR>[Calls]<UL><LI><a href="#[7f]">&gt;&gt;</a>&nbsp;&nbsp;&nbsp;xMBPortTimersInit
<LI><a href="#[7e]">&gt;&gt;</a>&nbsp;&nbsp;&nbsp;xMBPortSerialInit
<LI><a href="#[80]">&gt;&gt;</a>&nbsp;&nbsp;&nbsp;EXIT_CRITICAL_SECTION
<LI><a href="#[7d]">&gt;&gt;</a>&nbsp;&nbsp;&nbsp;ENTER_CRITICAL_SECTION
</UL>
<BR>[Called By]<UL><LI><a href="#[8b]">&gt;&gt;</a>&nbsp;&nbsp;&nbsp;eMBInit
</UL>

<P><STRONG><a name="[4d]"></a>eMBASCIIReceive</STRONG> (Thumb, 96 bytes, Stack size 24 bytes, mbascii.o(i.eMBASCIIReceive))
<BR><BR>[Stack]<UL><LI>Max Depth = 80 + Unknown Stack Size
<LI>Call Chain = eMBASCIIReceive &rArr; __aeabi_assert &rArr; abort &rArr; __rt_SIGABRT &rArr; __rt_SIGABRT_inner &rArr; __default_signal_display &rArr; _ttywrch
</UL>
<BR>[Calls]<UL><LI><a href="#[61]">&gt;&gt;</a>&nbsp;&nbsp;&nbsp;__aeabi_assert
<LI><a href="#[81]">&gt;&gt;</a>&nbsp;&nbsp;&nbsp;prvucMBLRC
<LI><a href="#[80]">&gt;&gt;</a>&nbsp;&nbsp;&nbsp;EXIT_CRITICAL_SECTION
<LI><a href="#[7d]">&gt;&gt;</a>&nbsp;&nbsp;&nbsp;ENTER_CRITICAL_SECTION
</UL>
<BR>[Address Reference Count : 1]<UL><LI> mb.o(i.eMBInit)
</UL>
<P><STRONG><a name="[4c]"></a>eMBASCIISend</STRONG> (Thumb, 110 bytes, Stack size 24 bytes, mbascii.o(i.eMBASCIISend))
<BR><BR>[Stack]<UL><LI>Max Depth = 60<LI>Call Chain = eMBASCIISend &rArr; vMBPortSerialEnable &rArr; USART_ITConfig
</UL>
<BR>[Calls]<UL><LI><a href="#[81]">&gt;&gt;</a>&nbsp;&nbsp;&nbsp;prvucMBLRC
<LI><a href="#[82]">&gt;&gt;</a>&nbsp;&nbsp;&nbsp;vMBPortSerialEnable
<LI><a href="#[80]">&gt;&gt;</a>&nbsp;&nbsp;&nbsp;EXIT_CRITICAL_SECTION
<LI><a href="#[7d]">&gt;&gt;</a>&nbsp;&nbsp;&nbsp;ENTER_CRITICAL_SECTION
</UL>
<BR>[Address Reference Count : 1]<UL><LI> mb.o(i.eMBInit)
</UL>
<P><STRONG><a name="[4a]"></a>eMBASCIIStart</STRONG> (Thumb, 32 bytes, Stack size 8 bytes, mbascii.o(i.eMBASCIIStart))
<BR><BR>[Stack]<UL><LI>Max Depth = 44<LI>Call Chain = eMBASCIIStart &rArr; vMBPortSerialEnable &rArr; USART_ITConfig
</UL>
<BR>[Calls]<UL><LI><a href="#[83]">&gt;&gt;</a>&nbsp;&nbsp;&nbsp;xMBPortEventPost
<LI><a href="#[82]">&gt;&gt;</a>&nbsp;&nbsp;&nbsp;vMBPortSerialEnable
<LI><a href="#[80]">&gt;&gt;</a>&nbsp;&nbsp;&nbsp;EXIT_CRITICAL_SECTION
<LI><a href="#[7d]">&gt;&gt;</a>&nbsp;&nbsp;&nbsp;ENTER_CRITICAL_SECTION
</UL>
<BR>[Address Reference Count : 1]<UL><LI> mb.o(i.eMBInit)
</UL>
<P><STRONG><a name="[4b]"></a>eMBASCIIStop</STRONG> (Thumb, 24 bytes, Stack size 8 bytes, mbascii.o(i.eMBASCIIStop))
<BR><BR>[Stack]<UL><LI>Max Depth = 44<LI>Call Chain = eMBASCIIStop &rArr; vMBPortSerialEnable &rArr; USART_ITConfig
</UL>
<BR>[Calls]<UL><LI><a href="#[84]">&gt;&gt;</a>&nbsp;&nbsp;&nbsp;vMBPortTimersDisable
<LI><a href="#[82]">&gt;&gt;</a>&nbsp;&nbsp;&nbsp;vMBPortSerialEnable
<LI><a href="#[80]">&gt;&gt;</a>&nbsp;&nbsp;&nbsp;EXIT_CRITICAL_SECTION
<LI><a href="#[7d]">&gt;&gt;</a>&nbsp;&nbsp;&nbsp;ENTER_CRITICAL_SECTION
</UL>
<BR>[Address Reference Count : 1]<UL><LI> mb.o(i.eMBInit)
</UL>
<P><STRONG><a name="[94]"></a>eMBEnable</STRONG> (Thumb, 32 bytes, Stack size 8 bytes, mb.o(i.eMBEnable))
<BR><BR>[Stack]<UL><LI>Max Depth = 8<LI>Call Chain = eMBEnable
</UL>
<BR>[Called By]<UL><LI><a href="#[5b]">&gt;&gt;</a>&nbsp;&nbsp;&nbsp;main
</UL>

<P><STRONG><a name="[8]"></a>eMBFuncReadCoils</STRONG> (Thumb, 174 bytes, Stack size 40 bytes, mbfunccoils.o(i.eMBFuncReadCoils))
<BR><BR>[Stack]<UL><LI>Max Depth = 48<LI>Call Chain = eMBFuncReadCoils &rArr; eMBRegCoilsCB
</UL>
<BR>[Calls]<UL><LI><a href="#[86]">&gt;&gt;</a>&nbsp;&nbsp;&nbsp;prveMBError2Exception
<LI><a href="#[85]">&gt;&gt;</a>&nbsp;&nbsp;&nbsp;eMBRegCoilsCB
</UL>
<BR>[Address Reference Count : 1]<UL><LI> mb.o(.data)
</UL>
<P><STRONG><a name="[b]"></a>eMBFuncReadDiscreteInputs</STRONG> (Thumb, 172 bytes, Stack size 40 bytes, mbfuncdisc.o(i.eMBFuncReadDiscreteInputs))
<BR><BR>[Stack]<UL><LI>Max Depth = 40<LI>Call Chain = eMBFuncReadDiscreteInputs
</UL>
<BR>[Calls]<UL><LI><a href="#[87]">&gt;&gt;</a>&nbsp;&nbsp;&nbsp;eMBRegDiscreteCB
<LI><a href="#[86]">&gt;&gt;</a>&nbsp;&nbsp;&nbsp;prveMBError2Exception
</UL>
<BR>[Address Reference Count : 1]<UL><LI> mb.o(.data)
</UL>
<P><STRONG><a name="[4]"></a>eMBFuncReadHoldingRegister</STRONG> (Thumb, 140 bytes, Stack size 32 bytes, mbfuncholding.o(i.eMBFuncReadHoldingRegister))
<BR><BR>[Stack]<UL><LI>Max Depth = 64<LI>Call Chain = eMBFuncReadHoldingRegister &rArr; eMBRegHoldingCB
</UL>
<BR>[Calls]<UL><LI><a href="#[88]">&gt;&gt;</a>&nbsp;&nbsp;&nbsp;eMBRegHoldingCB
<LI><a href="#[86]">&gt;&gt;</a>&nbsp;&nbsp;&nbsp;prveMBError2Exception
</UL>
<BR>[Address Reference Count : 1]<UL><LI> mb.o(.data)
</UL>
<P><STRONG><a name="[3]"></a>eMBFuncReadInputRegister</STRONG> (Thumb, 140 bytes, Stack size 32 bytes, mbfuncinput.o(i.eMBFuncReadInputRegister))
<BR><BR>[Stack]<UL><LI>Max Depth = 52<LI>Call Chain = eMBFuncReadInputRegister &rArr; eMBRegInputCB
</UL>
<BR>[Calls]<UL><LI><a href="#[89]">&gt;&gt;</a>&nbsp;&nbsp;&nbsp;eMBRegInputCB
<LI><a href="#[86]">&gt;&gt;</a>&nbsp;&nbsp;&nbsp;prveMBError2Exception
</UL>
<BR>[Address Reference Count : 1]<UL><LI> mb.o(.data)
</UL>
<P><STRONG><a name="[7]"></a>eMBFuncReadWriteMultipleHoldingRegister</STRONG> (Thumb, 212 bytes, Stack size 48 bytes, mbfuncholding.o(i.eMBFuncReadWriteMultipleHoldingRegister))
<BR><BR>[Stack]<UL><LI>Max Depth = 80<LI>Call Chain = eMBFuncReadWriteMultipleHoldingRegister &rArr; eMBRegHoldingCB
</UL>
<BR>[Calls]<UL><LI><a href="#[88]">&gt;&gt;</a>&nbsp;&nbsp;&nbsp;eMBRegHoldingCB
<LI><a href="#[86]">&gt;&gt;</a>&nbsp;&nbsp;&nbsp;prveMBError2Exception
</UL>
<BR>[Address Reference Count : 1]<UL><LI> mb.o(.data)
</UL>
<P><STRONG><a name="[2]"></a>eMBFuncReportSlaveID</STRONG> (Thumb, 30 bytes, Stack size 16 bytes, mbfuncother.o(i.eMBFuncReportSlaveID))
<BR><BR>[Stack]<UL><LI>Max Depth = 16<LI>Call Chain = eMBFuncReportSlaveID
</UL>
<BR>[Calls]<UL><LI><a href="#[8a]">&gt;&gt;</a>&nbsp;&nbsp;&nbsp;__aeabi_memcpy
</UL>
<BR>[Address Reference Count : 1]<UL><LI> mb.o(.data)
</UL>
<P><STRONG><a name="[9]"></a>eMBFuncWriteCoil</STRONG> (Thumb, 112 bytes, Stack size 32 bytes, mbfunccoils.o(i.eMBFuncWriteCoil))
<BR><BR>[Stack]<UL><LI>Max Depth = 40<LI>Call Chain = eMBFuncWriteCoil &rArr; eMBRegCoilsCB
</UL>
<BR>[Calls]<UL><LI><a href="#[86]">&gt;&gt;</a>&nbsp;&nbsp;&nbsp;prveMBError2Exception
<LI><a href="#[85]">&gt;&gt;</a>&nbsp;&nbsp;&nbsp;eMBRegCoilsCB
</UL>
<BR>[Address Reference Count : 1]<UL><LI> mb.o(.data)
</UL>
<P><STRONG><a name="[6]"></a>eMBFuncWriteHoldingRegister</STRONG> (Thumb, 66 bytes, Stack size 24 bytes, mbfuncholding.o(i.eMBFuncWriteHoldingRegister))
<BR><BR>[Stack]<UL><LI>Max Depth = 56<LI>Call Chain = eMBFuncWriteHoldingRegister &rArr; eMBRegHoldingCB
</UL>
<BR>[Calls]<UL><LI><a href="#[88]">&gt;&gt;</a>&nbsp;&nbsp;&nbsp;eMBRegHoldingCB
<LI><a href="#[86]">&gt;&gt;</a>&nbsp;&nbsp;&nbsp;prveMBError2Exception
</UL>
<BR>[Address Reference Count : 1]<UL><LI> mb.o(.data)
</UL>
<P><STRONG><a name="[a]"></a>eMBFuncWriteMultipleCoils</STRONG> (Thumb, 144 bytes, Stack size 40 bytes, mbfunccoils.o(i.eMBFuncWriteMultipleCoils))
<BR><BR>[Stack]<UL><LI>Max Depth = 48<LI>Call Chain = eMBFuncWriteMultipleCoils &rArr; eMBRegCoilsCB
</UL>
<BR>[Calls]<UL><LI><a href="#[86]">&gt;&gt;</a>&nbsp;&nbsp;&nbsp;prveMBError2Exception
<LI><a href="#[85]">&gt;&gt;</a>&nbsp;&nbsp;&nbsp;eMBRegCoilsCB
</UL>
<BR>[Address Reference Count : 1]<UL><LI> mb.o(.data)
</UL>
<P><STRONG><a name="[5]"></a>eMBFuncWriteMultipleHoldingRegister</STRONG> (Thumb, 110 bytes, Stack size 32 bytes, mbfuncholding.o(i.eMBFuncWriteMultipleHoldingRegister))
<BR><BR>[Stack]<UL><LI>Max Depth = 64<LI>Call Chain = eMBFuncWriteMultipleHoldingRegister &rArr; eMBRegHoldingCB
</UL>
<BR>[Calls]<UL><LI><a href="#[88]">&gt;&gt;</a>&nbsp;&nbsp;&nbsp;eMBRegHoldingCB
<LI><a href="#[86]">&gt;&gt;</a>&nbsp;&nbsp;&nbsp;prveMBError2Exception
</UL>
<BR>[Address Reference Count : 1]<UL><LI> mb.o(.data)
</UL>
<P><STRONG><a name="[8b]"></a>eMBInit</STRONG> (Thumb, 222 bytes, Stack size 32 bytes, mb.o(i.eMBInit))
<BR><BR>[Stack]<UL><LI>Max Depth = 188<LI>Call Chain = eMBInit &rArr; eMBRTUInit &rArr; xMBPortSerialInit &rArr; USART_Init &rArr; RCC_GetClocksFreq
</UL>
<BR>[Calls]<UL><LI><a href="#[8d]">&gt;&gt;</a>&nbsp;&nbsp;&nbsp;xMBPortEventInit
<LI><a href="#[7c]">&gt;&gt;</a>&nbsp;&nbsp;&nbsp;eMBASCIIInit
<LI><a href="#[8c]">&gt;&gt;</a>&nbsp;&nbsp;&nbsp;eMBRTUInit
</UL>
<BR>[Called By]<UL><LI><a href="#[5b]">&gt;&gt;</a>&nbsp;&nbsp;&nbsp;main
</UL>

<P><STRONG><a name="[8e]"></a>eMBPoll</STRONG> (Thumb, 268 bytes, Stack size 16 bytes, mb.o(i.eMBPoll))
<BR><BR>[Stack]<UL><LI>Max Depth = 16<LI>Call Chain = eMBPoll
</UL>
<BR>[Calls]<UL><LI><a href="#[8f]">&gt;&gt;</a>&nbsp;&nbsp;&nbsp;xMBPortEventGet
<LI><a href="#[83]">&gt;&gt;</a>&nbsp;&nbsp;&nbsp;xMBPortEventPost
</UL>
<BR>[Called By]<UL><LI><a href="#[5b]">&gt;&gt;</a>&nbsp;&nbsp;&nbsp;main
</UL>

<P><STRONG><a name="[8c]"></a>eMBRTUInit</STRONG> (Thumb, 84 bytes, Stack size 32 bytes, mbrtu.o(i.eMBRTUInit))
<BR><BR>[Stack]<UL><LI>Max Depth = 156<LI>Call Chain = eMBRTUInit &rArr; xMBPortSerialInit &rArr; USART_Init &rArr; RCC_GetClocksFreq
</UL>
<BR>[Calls]<UL><LI><a href="#[7f]">&gt;&gt;</a>&nbsp;&nbsp;&nbsp;xMBPortTimersInit
<LI><a href="#[7e]">&gt;&gt;</a>&nbsp;&nbsp;&nbsp;xMBPortSerialInit
<LI><a href="#[80]">&gt;&gt;</a>&nbsp;&nbsp;&nbsp;EXIT_CRITICAL_SECTION
<LI><a href="#[7d]">&gt;&gt;</a>&nbsp;&nbsp;&nbsp;ENTER_CRITICAL_SECTION
</UL>
<BR>[Called By]<UL><LI><a href="#[8b]">&gt;&gt;</a>&nbsp;&nbsp;&nbsp;eMBInit
</UL>

<P><STRONG><a name="[46]"></a>eMBRTUReceive</STRONG> (Thumb, 98 bytes, Stack size 24 bytes, mbrtu.o(i.eMBRTUReceive))
<BR><BR>[Stack]<UL><LI>Max Depth = 80 + Unknown Stack Size
<LI>Call Chain = eMBRTUReceive &rArr; __aeabi_assert &rArr; abort &rArr; __rt_SIGABRT &rArr; __rt_SIGABRT_inner &rArr; __default_signal_display &rArr; _ttywrch
</UL>
<BR>[Calls]<UL><LI><a href="#[61]">&gt;&gt;</a>&nbsp;&nbsp;&nbsp;__aeabi_assert
<LI><a href="#[80]">&gt;&gt;</a>&nbsp;&nbsp;&nbsp;EXIT_CRITICAL_SECTION
<LI><a href="#[7d]">&gt;&gt;</a>&nbsp;&nbsp;&nbsp;ENTER_CRITICAL_SECTION
<LI><a href="#[90]">&gt;&gt;</a>&nbsp;&nbsp;&nbsp;usMBCRC16
</UL>
<BR>[Address Reference Count : 1]<UL><LI> mb.o(i.eMBInit)
</UL>
<P><STRONG><a name="[45]"></a>eMBRTUSend</STRONG> (Thumb, 124 bytes, Stack size 24 bytes, mbrtu.o(i.eMBRTUSend))
<BR><BR>[Stack]<UL><LI>Max Depth = 60<LI>Call Chain = eMBRTUSend &rArr; vMBPortSerialEnable &rArr; USART_ITConfig
</UL>
<BR>[Calls]<UL><LI><a href="#[82]">&gt;&gt;</a>&nbsp;&nbsp;&nbsp;vMBPortSerialEnable
<LI><a href="#[80]">&gt;&gt;</a>&nbsp;&nbsp;&nbsp;EXIT_CRITICAL_SECTION
<LI><a href="#[7d]">&gt;&gt;</a>&nbsp;&nbsp;&nbsp;ENTER_CRITICAL_SECTION
<LI><a href="#[90]">&gt;&gt;</a>&nbsp;&nbsp;&nbsp;usMBCRC16
</UL>
<BR>[Address Reference Count : 1]<UL><LI> mb.o(i.eMBInit)
</UL>
<P><STRONG><a name="[43]"></a>eMBRTUStart</STRONG> (Thumb, 30 bytes, Stack size 8 bytes, mbrtu.o(i.eMBRTUStart))
<BR><BR>[Stack]<UL><LI>Max Depth = 44<LI>Call Chain = eMBRTUStart &rArr; vMBPortSerialEnable &rArr; USART_ITConfig
</UL>
<BR>[Calls]<UL><LI><a href="#[91]">&gt;&gt;</a>&nbsp;&nbsp;&nbsp;vMBPortTimersEnable
<LI><a href="#[82]">&gt;&gt;</a>&nbsp;&nbsp;&nbsp;vMBPortSerialEnable
<LI><a href="#[80]">&gt;&gt;</a>&nbsp;&nbsp;&nbsp;EXIT_CRITICAL_SECTION
<LI><a href="#[7d]">&gt;&gt;</a>&nbsp;&nbsp;&nbsp;ENTER_CRITICAL_SECTION
</UL>
<BR>[Address Reference Count : 1]<UL><LI> mb.o(i.eMBInit)
</UL>
<P><STRONG><a name="[44]"></a>eMBRTUStop</STRONG> (Thumb, 24 bytes, Stack size 8 bytes, mbrtu.o(i.eMBRTUStop))
<BR><BR>[Stack]<UL><LI>Max Depth = 44<LI>Call Chain = eMBRTUStop &rArr; vMBPortSerialEnable &rArr; USART_ITConfig
</UL>
<BR>[Calls]<UL><LI><a href="#[84]">&gt;&gt;</a>&nbsp;&nbsp;&nbsp;vMBPortTimersDisable
<LI><a href="#[82]">&gt;&gt;</a>&nbsp;&nbsp;&nbsp;vMBPortSerialEnable
<LI><a href="#[80]">&gt;&gt;</a>&nbsp;&nbsp;&nbsp;EXIT_CRITICAL_SECTION
<LI><a href="#[7d]">&gt;&gt;</a>&nbsp;&nbsp;&nbsp;ENTER_CRITICAL_SECTION
</UL>
<BR>[Address Reference Count : 1]<UL><LI> mb.o(i.eMBInit)
</UL>
<P><STRONG><a name="[85]"></a>eMBRegCoilsCB</STRONG> (Thumb, 8 bytes, Stack size 8 bytes, port.o(i.eMBRegCoilsCB))
<BR><BR>[Stack]<UL><LI>Max Depth = 8<LI>Call Chain = eMBRegCoilsCB
</UL>
<BR>[Called By]<UL><LI><a href="#[a]">&gt;&gt;</a>&nbsp;&nbsp;&nbsp;eMBFuncWriteMultipleCoils
<LI><a href="#[9]">&gt;&gt;</a>&nbsp;&nbsp;&nbsp;eMBFuncWriteCoil
<LI><a href="#[8]">&gt;&gt;</a>&nbsp;&nbsp;&nbsp;eMBFuncReadCoils
</UL>

<P><STRONG><a name="[87]"></a>eMBRegDiscreteCB</STRONG> (Thumb, 6 bytes, Stack size 0 bytes, port.o(i.eMBRegDiscreteCB))
<BR><BR>[Called By]<UL><LI><a href="#[b]">&gt;&gt;</a>&nbsp;&nbsp;&nbsp;eMBFuncReadDiscreteInputs
</UL>

<P><STRONG><a name="[88]"></a>eMBRegHoldingCB</STRONG> (Thumb, 140 bytes, Stack size 32 bytes, port.o(i.eMBRegHoldingCB))
<BR><BR>[Stack]<UL><LI>Max Depth = 32<LI>Call Chain = eMBRegHoldingCB
</UL>
<BR>[Calls]<UL><LI><a href="#[92]">&gt;&gt;</a>&nbsp;&nbsp;&nbsp;__REV16
</UL>
<BR>[Called By]<UL><LI><a href="#[5]">&gt;&gt;</a>&nbsp;&nbsp;&nbsp;eMBFuncWriteMultipleHoldingRegister
<LI><a href="#[6]">&gt;&gt;</a>&nbsp;&nbsp;&nbsp;eMBFuncWriteHoldingRegister
<LI><a href="#[7]">&gt;&gt;</a>&nbsp;&nbsp;&nbsp;eMBFuncReadWriteMultipleHoldingRegister
<LI><a href="#[4]">&gt;&gt;</a>&nbsp;&nbsp;&nbsp;eMBFuncReadHoldingRegister
</UL>

<P><STRONG><a name="[89]"></a>eMBRegInputCB</STRONG> (Thumb, 76 bytes, Stack size 20 bytes, port.o(i.eMBRegInputCB))
<BR><BR>[Stack]<UL><LI>Max Depth = 20<LI>Call Chain = eMBRegInputCB
</UL>
<BR>[Called By]<UL><LI><a href="#[3]">&gt;&gt;</a>&nbsp;&nbsp;&nbsp;eMBFuncReadInputRegister
</UL>

<P><STRONG><a name="[5b]"></a>main</STRONG> (Thumb, 40 bytes, Stack size 8 bytes, main.o(i.main))
<BR><BR>[Stack]<UL><LI>Max Depth = 196<LI>Call Chain = main &rArr; eMBInit &rArr; eMBRTUInit &rArr; xMBPortSerialInit &rArr; USART_Init &rArr; RCC_GetClocksFreq
</UL>
<BR>[Calls]<UL><LI><a href="#[8e]">&gt;&gt;</a>&nbsp;&nbsp;&nbsp;eMBPoll
<LI><a href="#[8b]">&gt;&gt;</a>&nbsp;&nbsp;&nbsp;eMBInit
<LI><a href="#[94]">&gt;&gt;</a>&nbsp;&nbsp;&nbsp;eMBEnable
<LI><a href="#[93]">&gt;&gt;</a>&nbsp;&nbsp;&nbsp;NVIC_SetVectorTable
</UL>
<BR>[Called By]<UL><LI><a href="#[5a]">&gt;&gt;</a>&nbsp;&nbsp;&nbsp;__rt_entry_main
</UL>

<P><STRONG><a name="[86]"></a>prveMBError2Exception</STRONG> (Thumb, 34 bytes, Stack size 0 bytes, mbutils.o(i.prveMBError2Exception))
<BR><BR>[Called By]<UL><LI><a href="#[5]">&gt;&gt;</a>&nbsp;&nbsp;&nbsp;eMBFuncWriteMultipleHoldingRegister
<LI><a href="#[a]">&gt;&gt;</a>&nbsp;&nbsp;&nbsp;eMBFuncWriteMultipleCoils
<LI><a href="#[6]">&gt;&gt;</a>&nbsp;&nbsp;&nbsp;eMBFuncWriteHoldingRegister
<LI><a href="#[9]">&gt;&gt;</a>&nbsp;&nbsp;&nbsp;eMBFuncWriteCoil
<LI><a href="#[7]">&gt;&gt;</a>&nbsp;&nbsp;&nbsp;eMBFuncReadWriteMultipleHoldingRegister
<LI><a href="#[3]">&gt;&gt;</a>&nbsp;&nbsp;&nbsp;eMBFuncReadInputRegister
<LI><a href="#[4]">&gt;&gt;</a>&nbsp;&nbsp;&nbsp;eMBFuncReadHoldingRegister
<LI><a href="#[b]">&gt;&gt;</a>&nbsp;&nbsp;&nbsp;eMBFuncReadDiscreteInputs
<LI><a href="#[8]">&gt;&gt;</a>&nbsp;&nbsp;&nbsp;eMBFuncReadCoils
</UL>

<P><STRONG><a name="[72]"></a>prvvTIMERExpiredISR</STRONG> (Thumb, 10 bytes, Stack size 8 bytes, porttimer.o(i.prvvTIMERExpiredISR))
<BR><BR>[Stack]<UL><LI>Max Depth = 8<LI>Call Chain = prvvTIMERExpiredISR
</UL>
<BR>[Called By]<UL><LI><a href="#[34]">&gt;&gt;</a>&nbsp;&nbsp;&nbsp;TIM4_IRQHandler
</UL>

<P><STRONG><a name="[74]"></a>prvvUARTRxISR</STRONG> (Thumb, 10 bytes, Stack size 8 bytes, portserial.o(i.prvvUARTRxISR))
<BR><BR>[Stack]<UL><LI>Max Depth = 8<LI>Call Chain = prvvUARTRxISR
</UL>
<BR>[Called By]<UL><LI><a href="#[3b]">&gt;&gt;</a>&nbsp;&nbsp;&nbsp;USART1_IRQHandler
</UL>

<P><STRONG><a name="[76]"></a>prvvUARTTxReadyISR</STRONG> (Thumb, 10 bytes, Stack size 8 bytes, portserial.o(i.prvvUARTTxReadyISR))
<BR><BR>[Stack]<UL><LI>Max Depth = 8<LI>Call Chain = prvvUARTTxReadyISR
</UL>
<BR>[Called By]<UL><LI><a href="#[3b]">&gt;&gt;</a>&nbsp;&nbsp;&nbsp;USART1_IRQHandler
</UL>

<P><STRONG><a name="[90]"></a>usMBCRC16</STRONG> (Thumb, 48 bytes, Stack size 16 bytes, mbcrc.o(i.usMBCRC16))
<BR><BR>[Stack]<UL><LI>Max Depth = 16<LI>Call Chain = usMBCRC16
</UL>
<BR>[Called By]<UL><LI><a href="#[45]">&gt;&gt;</a>&nbsp;&nbsp;&nbsp;eMBRTUSend
<LI><a href="#[46]">&gt;&gt;</a>&nbsp;&nbsp;&nbsp;eMBRTUReceive
</UL>

<P><STRONG><a name="[82]"></a>vMBPortSerialEnable</STRONG> (Thumb, 68 bytes, Stack size 16 bytes, portserial.o(i.vMBPortSerialEnable))
<BR><BR>[Stack]<UL><LI>Max Depth = 36<LI>Call Chain = vMBPortSerialEnable &rArr; USART_ITConfig
</UL>
<BR>[Calls]<UL><LI><a href="#[96]">&gt;&gt;</a>&nbsp;&nbsp;&nbsp;USART_ITConfig
</UL>
<BR>[Called By]<UL><LI><a href="#[4f]">&gt;&gt;</a>&nbsp;&nbsp;&nbsp;xMBASCIITransmitFSM
<LI><a href="#[4b]">&gt;&gt;</a>&nbsp;&nbsp;&nbsp;eMBASCIIStop
<LI><a href="#[4a]">&gt;&gt;</a>&nbsp;&nbsp;&nbsp;eMBASCIIStart
<LI><a href="#[4c]">&gt;&gt;</a>&nbsp;&nbsp;&nbsp;eMBASCIISend
<LI><a href="#[48]">&gt;&gt;</a>&nbsp;&nbsp;&nbsp;xMBRTUTransmitFSM
<LI><a href="#[44]">&gt;&gt;</a>&nbsp;&nbsp;&nbsp;eMBRTUStop
<LI><a href="#[43]">&gt;&gt;</a>&nbsp;&nbsp;&nbsp;eMBRTUStart
<LI><a href="#[45]">&gt;&gt;</a>&nbsp;&nbsp;&nbsp;eMBRTUSend
</UL>

<P><STRONG><a name="[84]"></a>vMBPortTimersDisable</STRONG> (Thumb, 38 bytes, Stack size 8 bytes, porttimer.o(i.vMBPortTimersDisable))
<BR><BR>[Stack]<UL><LI>Max Depth = 16<LI>Call Chain = vMBPortTimersDisable &rArr; TIM_ITConfig
</UL>
<BR>[Calls]<UL><LI><a href="#[71]">&gt;&gt;</a>&nbsp;&nbsp;&nbsp;TIM_ClearITPendingBit
<LI><a href="#[98]">&gt;&gt;</a>&nbsp;&nbsp;&nbsp;TIM_SetCounter
<LI><a href="#[99]">&gt;&gt;</a>&nbsp;&nbsp;&nbsp;TIM_ITConfig
<LI><a href="#[97]">&gt;&gt;</a>&nbsp;&nbsp;&nbsp;TIM_Cmd
</UL>
<BR>[Called By]<UL><LI><a href="#[50]">&gt;&gt;</a>&nbsp;&nbsp;&nbsp;xMBASCIITimerT1SExpired
<LI><a href="#[4e]">&gt;&gt;</a>&nbsp;&nbsp;&nbsp;xMBASCIIReceiveFSM
<LI><a href="#[4b]">&gt;&gt;</a>&nbsp;&nbsp;&nbsp;eMBASCIIStop
<LI><a href="#[49]">&gt;&gt;</a>&nbsp;&nbsp;&nbsp;xMBRTUTimerT35Expired
<LI><a href="#[44]">&gt;&gt;</a>&nbsp;&nbsp;&nbsp;eMBRTUStop
</UL>

<P><STRONG><a name="[91]"></a>vMBPortTimersEnable</STRONG> (Thumb, 38 bytes, Stack size 8 bytes, porttimer.o(i.vMBPortTimersEnable))
<BR><BR>[Stack]<UL><LI>Max Depth = 16<LI>Call Chain = vMBPortTimersEnable &rArr; TIM_ITConfig
</UL>
<BR>[Calls]<UL><LI><a href="#[71]">&gt;&gt;</a>&nbsp;&nbsp;&nbsp;TIM_ClearITPendingBit
<LI><a href="#[98]">&gt;&gt;</a>&nbsp;&nbsp;&nbsp;TIM_SetCounter
<LI><a href="#[99]">&gt;&gt;</a>&nbsp;&nbsp;&nbsp;TIM_ITConfig
<LI><a href="#[97]">&gt;&gt;</a>&nbsp;&nbsp;&nbsp;TIM_Cmd
</UL>
<BR>[Called By]<UL><LI><a href="#[4e]">&gt;&gt;</a>&nbsp;&nbsp;&nbsp;xMBASCIIReceiveFSM
<LI><a href="#[47]">&gt;&gt;</a>&nbsp;&nbsp;&nbsp;xMBRTUReceiveFSM
<LI><a href="#[43]">&gt;&gt;</a>&nbsp;&nbsp;&nbsp;eMBRTUStart
</UL>

<P><STRONG><a name="[4e]"></a>xMBASCIIReceiveFSM</STRONG> (Thumb, 296 bytes, Stack size 16 bytes, mbascii.o(i.xMBASCIIReceiveFSM))
<BR><BR>[Stack]<UL><LI>Max Depth = 72 + Unknown Stack Size
<LI>Call Chain = xMBASCIIReceiveFSM &rArr; __aeabi_assert &rArr; abort &rArr; __rt_SIGABRT &rArr; __rt_SIGABRT_inner &rArr; __default_signal_display &rArr; _ttywrch
</UL>
<BR>[Calls]<UL><LI><a href="#[61]">&gt;&gt;</a>&nbsp;&nbsp;&nbsp;__aeabi_assert
<LI><a href="#[9b]">&gt;&gt;</a>&nbsp;&nbsp;&nbsp;prvucMBCHAR2BIN
<LI><a href="#[9a]">&gt;&gt;</a>&nbsp;&nbsp;&nbsp;xMBPortSerialGetByte
<LI><a href="#[83]">&gt;&gt;</a>&nbsp;&nbsp;&nbsp;xMBPortEventPost
<LI><a href="#[91]">&gt;&gt;</a>&nbsp;&nbsp;&nbsp;vMBPortTimersEnable
<LI><a href="#[84]">&gt;&gt;</a>&nbsp;&nbsp;&nbsp;vMBPortTimersDisable
</UL>
<BR>[Address Reference Count : 1]<UL><LI> mb.o(i.eMBInit)
</UL>
<P><STRONG><a name="[50]"></a>xMBASCIITimerT1SExpired</STRONG> (Thumb, 68 bytes, Stack size 8 bytes, mbascii.o(i.xMBASCIITimerT1SExpired))
<BR><BR>[Stack]<UL><LI>Max Depth = 64 + Unknown Stack Size
<LI>Call Chain = xMBASCIITimerT1SExpired &rArr; __aeabi_assert &rArr; abort &rArr; __rt_SIGABRT &rArr; __rt_SIGABRT_inner &rArr; __default_signal_display &rArr; _ttywrch
</UL>
<BR>[Calls]<UL><LI><a href="#[61]">&gt;&gt;</a>&nbsp;&nbsp;&nbsp;__aeabi_assert
<LI><a href="#[84]">&gt;&gt;</a>&nbsp;&nbsp;&nbsp;vMBPortTimersDisable
</UL>
<BR>[Address Reference Count : 1]<UL><LI> mb.o(i.eMBInit)
</UL>
<P><STRONG><a name="[4f]"></a>xMBASCIITransmitFSM</STRONG> (Thumb, 240 bytes, Stack size 16 bytes, mbascii.o(i.xMBASCIITransmitFSM))
<BR><BR>[Stack]<UL><LI>Max Depth = 80 + Unknown Stack Size
<LI>Call Chain = xMBASCIITransmitFSM &rArr; prvucMBBIN2CHAR &rArr; __aeabi_assert &rArr; abort &rArr; __rt_SIGABRT &rArr; __rt_SIGABRT_inner &rArr; __default_signal_display &rArr; _ttywrch
</UL>
<BR>[Calls]<UL><LI><a href="#[61]">&gt;&gt;</a>&nbsp;&nbsp;&nbsp;__aeabi_assert
<LI><a href="#[95]">&gt;&gt;</a>&nbsp;&nbsp;&nbsp;prvucMBBIN2CHAR
<LI><a href="#[9c]">&gt;&gt;</a>&nbsp;&nbsp;&nbsp;xMBPortSerialPutByte
<LI><a href="#[83]">&gt;&gt;</a>&nbsp;&nbsp;&nbsp;xMBPortEventPost
<LI><a href="#[82]">&gt;&gt;</a>&nbsp;&nbsp;&nbsp;vMBPortSerialEnable
</UL>
<BR>[Address Reference Count : 1]<UL><LI> mb.o(i.eMBInit)
</UL>
<P><STRONG><a name="[8f]"></a>xMBPortEventGet</STRONG> (Thumb, 26 bytes, Stack size 0 bytes, portevent.o(i.xMBPortEventGet))
<BR><BR>[Called By]<UL><LI><a href="#[8e]">&gt;&gt;</a>&nbsp;&nbsp;&nbsp;eMBPoll
</UL>

<P><STRONG><a name="[8d]"></a>xMBPortEventInit</STRONG> (Thumb, 10 bytes, Stack size 0 bytes, portevent.o(i.xMBPortEventInit))
<BR><BR>[Called By]<UL><LI><a href="#[8b]">&gt;&gt;</a>&nbsp;&nbsp;&nbsp;eMBInit
</UL>

<P><STRONG><a name="[83]"></a>xMBPortEventPost</STRONG> (Thumb, 16 bytes, Stack size 0 bytes, portevent.o(i.xMBPortEventPost))
<BR><BR>[Called By]<UL><LI><a href="#[8e]">&gt;&gt;</a>&nbsp;&nbsp;&nbsp;eMBPoll
<LI><a href="#[4f]">&gt;&gt;</a>&nbsp;&nbsp;&nbsp;xMBASCIITransmitFSM
<LI><a href="#[4e]">&gt;&gt;</a>&nbsp;&nbsp;&nbsp;xMBASCIIReceiveFSM
<LI><a href="#[4a]">&gt;&gt;</a>&nbsp;&nbsp;&nbsp;eMBASCIIStart
<LI><a href="#[48]">&gt;&gt;</a>&nbsp;&nbsp;&nbsp;xMBRTUTransmitFSM
<LI><a href="#[49]">&gt;&gt;</a>&nbsp;&nbsp;&nbsp;xMBRTUTimerT35Expired
</UL>

<P><STRONG><a name="[9a]"></a>xMBPortSerialGetByte</STRONG> (Thumb, 16 bytes, Stack size 8 bytes, portserial.o(i.xMBPortSerialGetByte))
<BR><BR>[Stack]<UL><LI>Max Depth = 8<LI>Call Chain = xMBPortSerialGetByte
</UL>
<BR>[Calls]<UL><LI><a href="#[79]">&gt;&gt;</a>&nbsp;&nbsp;&nbsp;USART_ReceiveData
</UL>
<BR>[Called By]<UL><LI><a href="#[4e]">&gt;&gt;</a>&nbsp;&nbsp;&nbsp;xMBASCIIReceiveFSM
<LI><a href="#[47]">&gt;&gt;</a>&nbsp;&nbsp;&nbsp;xMBRTUReceiveFSM
</UL>

<P><STRONG><a name="[7e]"></a>xMBPortSerialInit</STRONG> (Thumb, 188 bytes, Stack size 56 bytes, portserial.o(i.xMBPortSerialInit))
<BR><BR>[Stack]<UL><LI>Max Depth = 124<LI>Call Chain = xMBPortSerialInit &rArr; USART_Init &rArr; RCC_GetClocksFreq
</UL>
<BR>[Calls]<UL><LI><a href="#[9d]">&gt;&gt;</a>&nbsp;&nbsp;&nbsp;RCC_APB2PeriphClockCmd
<LI><a href="#[9e]">&gt;&gt;</a>&nbsp;&nbsp;&nbsp;GPIO_Init
<LI><a href="#[a0]">&gt;&gt;</a>&nbsp;&nbsp;&nbsp;NVIC_PriorityGroupConfig
<LI><a href="#[a1]">&gt;&gt;</a>&nbsp;&nbsp;&nbsp;NVIC_Init
<LI><a href="#[7a]">&gt;&gt;</a>&nbsp;&nbsp;&nbsp;USART_Init
<LI><a href="#[a2]">&gt;&gt;</a>&nbsp;&nbsp;&nbsp;USART_Cmd
<LI><a href="#[9f]">&gt;&gt;</a>&nbsp;&nbsp;&nbsp;USART_ClockInit
</UL>
<BR>[Called By]<UL><LI><a href="#[7c]">&gt;&gt;</a>&nbsp;&nbsp;&nbsp;eMBASCIIInit
<LI><a href="#[8c]">&gt;&gt;</a>&nbsp;&nbsp;&nbsp;eMBRTUInit
</UL>

<P><STRONG><a name="[9c]"></a>xMBPortSerialPutByte</STRONG> (Thumb, 16 bytes, Stack size 8 bytes, portserial.o(i.xMBPortSerialPutByte))
<BR><BR>[Stack]<UL><LI>Max Depth = 8<LI>Call Chain = xMBPortSerialPutByte
</UL>
<BR>[Calls]<UL><LI><a href="#[a3]">&gt;&gt;</a>&nbsp;&nbsp;&nbsp;USART_SendData
</UL>
<BR>[Called By]<UL><LI><a href="#[4f]">&gt;&gt;</a>&nbsp;&nbsp;&nbsp;xMBASCIITransmitFSM
<LI><a href="#[48]">&gt;&gt;</a>&nbsp;&nbsp;&nbsp;xMBRTUTransmitFSM
</UL>

<P><STRONG><a name="[7f]"></a>xMBPortTimersInit</STRONG> (Thumb, 134 bytes, Stack size 32 bytes, porttimer.o(i.xMBPortTimersInit))
<BR><BR>[Stack]<UL><LI>Max Depth = 48<LI>Call Chain = xMBPortTimersInit &rArr; NVIC_Init
</UL>
<BR>[Calls]<UL><LI><a href="#[a4]">&gt;&gt;</a>&nbsp;&nbsp;&nbsp;RCC_APB1PeriphClockCmd
<LI><a href="#[a0]">&gt;&gt;</a>&nbsp;&nbsp;&nbsp;NVIC_PriorityGroupConfig
<LI><a href="#[a1]">&gt;&gt;</a>&nbsp;&nbsp;&nbsp;NVIC_Init
<LI><a href="#[71]">&gt;&gt;</a>&nbsp;&nbsp;&nbsp;TIM_ClearITPendingBit
<LI><a href="#[a5]">&gt;&gt;</a>&nbsp;&nbsp;&nbsp;TIM_TimeBaseInit
<LI><a href="#[99]">&gt;&gt;</a>&nbsp;&nbsp;&nbsp;TIM_ITConfig
<LI><a href="#[97]">&gt;&gt;</a>&nbsp;&nbsp;&nbsp;TIM_Cmd
<LI><a href="#[a6]">&gt;&gt;</a>&nbsp;&nbsp;&nbsp;TIM_ARRPreloadConfig
</UL>
<BR>[Called By]<UL><LI><a href="#[7c]">&gt;&gt;</a>&nbsp;&nbsp;&nbsp;eMBASCIIInit
<LI><a href="#[8c]">&gt;&gt;</a>&nbsp;&nbsp;&nbsp;eMBRTUInit
</UL>

<P><STRONG><a name="[47]"></a>xMBRTUReceiveFSM</STRONG> (Thumb, 140 bytes, Stack size 16 bytes, mbrtu.o(i.xMBRTUReceiveFSM))
<BR><BR>[Stack]<UL><LI>Max Depth = 72 + Unknown Stack Size
<LI>Call Chain = xMBRTUReceiveFSM &rArr; __aeabi_assert &rArr; abort &rArr; __rt_SIGABRT &rArr; __rt_SIGABRT_inner &rArr; __default_signal_display &rArr; _ttywrch
</UL>
<BR>[Calls]<UL><LI><a href="#[61]">&gt;&gt;</a>&nbsp;&nbsp;&nbsp;__aeabi_assert
<LI><a href="#[9a]">&gt;&gt;</a>&nbsp;&nbsp;&nbsp;xMBPortSerialGetByte
<LI><a href="#[91]">&gt;&gt;</a>&nbsp;&nbsp;&nbsp;vMBPortTimersEnable
</UL>
<BR>[Address Reference Count : 1]<UL><LI> mb.o(i.eMBInit)
</UL>
<P><STRONG><a name="[49]"></a>xMBRTUTimerT35Expired</STRONG> (Thumb, 96 bytes, Stack size 8 bytes, mbrtu.o(i.xMBRTUTimerT35Expired))
<BR><BR>[Stack]<UL><LI>Max Depth = 64 + Unknown Stack Size
<LI>Call Chain = xMBRTUTimerT35Expired &rArr; __aeabi_assert &rArr; abort &rArr; __rt_SIGABRT &rArr; __rt_SIGABRT_inner &rArr; __default_signal_display &rArr; _ttywrch
</UL>
<BR>[Calls]<UL><LI><a href="#[61]">&gt;&gt;</a>&nbsp;&nbsp;&nbsp;__aeabi_assert
<LI><a href="#[83]">&gt;&gt;</a>&nbsp;&nbsp;&nbsp;xMBPortEventPost
<LI><a href="#[84]">&gt;&gt;</a>&nbsp;&nbsp;&nbsp;vMBPortTimersDisable
</UL>
<BR>[Address Reference Count : 1]<UL><LI> mb.o(i.eMBInit)
</UL>
<P><STRONG><a name="[48]"></a>xMBRTUTransmitFSM</STRONG> (Thumb, 116 bytes, Stack size 8 bytes, mbrtu.o(i.xMBRTUTransmitFSM))
<BR><BR>[Stack]<UL><LI>Max Depth = 64 + Unknown Stack Size
<LI>Call Chain = xMBRTUTransmitFSM &rArr; __aeabi_assert &rArr; abort &rArr; __rt_SIGABRT &rArr; __rt_SIGABRT_inner &rArr; __default_signal_display &rArr; _ttywrch
</UL>
<BR>[Calls]<UL><LI><a href="#[61]">&gt;&gt;</a>&nbsp;&nbsp;&nbsp;__aeabi_assert
<LI><a href="#[9c]">&gt;&gt;</a>&nbsp;&nbsp;&nbsp;xMBPortSerialPutByte
<LI><a href="#[83]">&gt;&gt;</a>&nbsp;&nbsp;&nbsp;xMBPortEventPost
<LI><a href="#[82]">&gt;&gt;</a>&nbsp;&nbsp;&nbsp;vMBPortSerialEnable
</UL>
<BR>[Address Reference Count : 1]<UL><LI> mb.o(i.eMBInit)
</UL>
<P><STRONG><a name="[56]"></a>_fp_init</STRONG> (Thumb, 14 bytes, Stack size 8 bytes, fpinit.o(x$fpl$fpinit))
<BR><BR>[Stack]<UL><LI>Max Depth = 8<LI>Call Chain = _fp_init
</UL>
<BR>[Calls]<UL><LI><a href="#[a7]">&gt;&gt;</a>&nbsp;&nbsp;&nbsp;__rt_fp_status_addr
</UL>
<BR>[Called By]<UL><LI><a href="#[55]">&gt;&gt;</a>&nbsp;&nbsp;&nbsp;__rt_lib_init
</UL>

<P><STRONG><a name="[f4]"></a>__fplib_config_pureend_doubles</STRONG> (Thumb, 0 bytes, Stack size unknown bytes, fpinit.o(x$fpl$fpinit), UNUSED)
<P>
<H3>
Local Symbols
</H3>
<P><STRONG><a name="[6e]"></a>SetSysClock</STRONG> (Thumb, 8 bytes, Stack size 8 bytes, system_stm32f10x.o(i.SetSysClock))
<BR><BR>[Stack]<UL><LI>Max Depth = 8<LI>Call Chain = SetSysClock
</UL>
<BR>[Calls]<UL><LI><a href="#[6f]">&gt;&gt;</a>&nbsp;&nbsp;&nbsp;SetSysClockTo72
</UL>
<BR>[Called By]<UL><LI><a href="#[41]">&gt;&gt;</a>&nbsp;&nbsp;&nbsp;SystemInit
</UL>

<P><STRONG><a name="[6f]"></a>SetSysClockTo72</STRONG> (Thumb, 192 bytes, Stack size 0 bytes, system_stm32f10x.o(i.SetSysClockTo72))
<BR><BR>[Called By]<UL><LI><a href="#[6e]">&gt;&gt;</a>&nbsp;&nbsp;&nbsp;SetSysClock
</UL>

<P><STRONG><a name="[95]"></a>prvucMBBIN2CHAR</STRONG> (Thumb, 44 bytes, Stack size 8 bytes, mbascii.o(i.prvucMBBIN2CHAR))
<BR><BR>[Stack]<UL><LI>Max Depth = 64 + Unknown Stack Size
<LI>Call Chain = prvucMBBIN2CHAR &rArr; __aeabi_assert &rArr; abort &rArr; __rt_SIGABRT &rArr; __rt_SIGABRT_inner &rArr; __default_signal_display &rArr; _ttywrch
</UL>
<BR>[Calls]<UL><LI><a href="#[61]">&gt;&gt;</a>&nbsp;&nbsp;&nbsp;__aeabi_assert
</UL>
<BR>[Called By]<UL><LI><a href="#[4f]">&gt;&gt;</a>&nbsp;&nbsp;&nbsp;xMBASCIITransmitFSM
</UL>

<P><STRONG><a name="[9b]"></a>prvucMBCHAR2BIN</STRONG> (Thumb, 38 bytes, Stack size 0 bytes, mbascii.o(i.prvucMBCHAR2BIN))
<BR><BR>[Called By]<UL><LI><a href="#[4e]">&gt;&gt;</a>&nbsp;&nbsp;&nbsp;xMBASCIIReceiveFSM
</UL>

<P><STRONG><a name="[81]"></a>prvucMBLRC</STRONG> (Thumb, 32 bytes, Stack size 8 bytes, mbascii.o(i.prvucMBLRC))
<BR><BR>[Stack]<UL><LI>Max Depth = 8<LI>Call Chain = prvucMBLRC
</UL>
<BR>[Called By]<UL><LI><a href="#[4c]">&gt;&gt;</a>&nbsp;&nbsp;&nbsp;eMBASCIISend
<LI><a href="#[4d]">&gt;&gt;</a>&nbsp;&nbsp;&nbsp;eMBASCIIReceive
</UL>
<P>
<H3>
Undefined Global Symbols
</H3>
<P><STRONG><a name="[be]"></a>_handle_redirection</STRONG> (ARM, 0 bytes, Stack size 0 bytes, UNDEFINED, UNUSED)
<BR><BR>[Called By]<UL></UL>
<HR></body></html>
