ARM Linker, 4.1 [Build 894] [Standard]

==============================================================================

Section Cross References

    main.o(i.main) refers to misc.o(i.NVIC_SetVectorTable) for NVIC_SetVectorTable
    main.o(i.main) refers to mb.o(i.eMBInit) for eMBInit
    main.o(i.main) refers to mb.o(i.eMBEnable) for eMBEnable
    main.o(i.main) refers to mb.o(i.eMBPoll) for eMBPoll
    stm32f10x_it.o(i.SysTick_Handler) refers to main.o(.data) for Timer1
    stm32f10x_it.o(i.TIM4_IRQHandler) refers to stm32f10x_tim.o(i.TIM_GetITStatus) for TIM_GetITStatus
    stm32f10x_it.o(i.TIM4_IRQHandler) refers to stm32f10x_tim.o(i.TIM_ClearITPendingBit) for TIM_ClearITPendingBit
    stm32f10x_it.o(i.TIM4_IRQHandler) refers to porttimer.o(i.prvvTIMERExpiredISR) for prvvTIMERExpiredISR
    stm32f10x_it.o(i.USART1_IRQHandler) refers to stm32f10x_usart.o(i.USART_GetITStatus) for USART_GetITStatus
    stm32f10x_it.o(i.USART1_IRQHandler) refers to portserial.o(i.prvvUARTRxISR) for prvvUARTRxISR
    stm32f10x_it.o(i.USART1_IRQHandler) refers to stm32f10x_usart.o(i.USART_ClearITPendingBit) for USART_ClearITPendingBit
    stm32f10x_it.o(i.USART1_IRQHandler) refers to portserial.o(i.prvvUARTTxReadyISR) for prvvUARTTxReadyISR
    stm32f10x_it.o(i.USART1_IRQHandler) refers to stm32f10x_usart.o(i.USART_GetFlagStatus) for USART_GetFlagStatus
    stm32f10x_it.o(i.USART1_IRQHandler) refers to stm32f10x_usart.o(i.USART_ClearFlag) for USART_ClearFlag
    stm32f10x_it.o(i.USART1_IRQHandler) refers to stm32f10x_usart.o(i.USART_ReceiveData) for USART_ReceiveData
    stm32f10x_flash.o(i.FLASH_EnableWriteProtection) refers to stm32f10x_flash.o(i.FLASH_WaitForLastOperation) for FLASH_WaitForLastOperation
    stm32f10x_flash.o(i.FLASH_EraseAllBank1Pages) refers to stm32f10x_flash.o(i.FLASH_WaitForLastBank1Operation) for FLASH_WaitForLastBank1Operation
    stm32f10x_flash.o(i.FLASH_EraseAllPages) refers to stm32f10x_flash.o(i.FLASH_WaitForLastOperation) for FLASH_WaitForLastOperation
    stm32f10x_flash.o(i.FLASH_EraseOptionBytes) refers to stm32f10x_flash.o(i.FLASH_GetReadOutProtectionStatus) for FLASH_GetReadOutProtectionStatus
    stm32f10x_flash.o(i.FLASH_EraseOptionBytes) refers to stm32f10x_flash.o(i.FLASH_WaitForLastOperation) for FLASH_WaitForLastOperation
    stm32f10x_flash.o(i.FLASH_ErasePage) refers to stm32f10x_flash.o(i.FLASH_WaitForLastOperation) for FLASH_WaitForLastOperation
    stm32f10x_flash.o(i.FLASH_ProgramHalfWord) refers to stm32f10x_flash.o(i.FLASH_WaitForLastOperation) for FLASH_WaitForLastOperation
    stm32f10x_flash.o(i.FLASH_ProgramOptionByteData) refers to stm32f10x_flash.o(i.FLASH_WaitForLastOperation) for FLASH_WaitForLastOperation
    stm32f10x_flash.o(i.FLASH_ProgramWord) refers to stm32f10x_flash.o(i.FLASH_WaitForLastOperation) for FLASH_WaitForLastOperation
    stm32f10x_flash.o(i.FLASH_ReadOutProtection) refers to stm32f10x_flash.o(i.FLASH_WaitForLastOperation) for FLASH_WaitForLastOperation
    stm32f10x_flash.o(i.FLASH_UserOptionByteConfig) refers to stm32f10x_flash.o(i.FLASH_WaitForLastOperation) for FLASH_WaitForLastOperation
    stm32f10x_flash.o(i.FLASH_WaitForLastBank1Operation) refers to stm32f10x_flash.o(i.FLASH_GetBank1Status) for FLASH_GetBank1Status
    stm32f10x_flash.o(i.FLASH_WaitForLastOperation) refers to stm32f10x_flash.o(i.FLASH_GetBank1Status) for FLASH_GetBank1Status
    stm32f10x_gpio.o(i.GPIO_AFIODeInit) refers to stm32f10x_rcc.o(i.RCC_APB2PeriphResetCmd) for RCC_APB2PeriphResetCmd
    stm32f10x_gpio.o(i.GPIO_DeInit) refers to stm32f10x_rcc.o(i.RCC_APB2PeriphResetCmd) for RCC_APB2PeriphResetCmd
    stm32f10x_rcc.o(i.RCC_GetClocksFreq) refers to stm32f10x_rcc.o(.data) for APBAHBPrescTable
    stm32f10x_rcc.o(i.RCC_WaitForHSEStartUp) refers to stm32f10x_rcc.o(i.RCC_GetFlagStatus) for RCC_GetFlagStatus
    stm32f10x_adc.o(i.ADC_DeInit) refers to stm32f10x_rcc.o(i.RCC_APB2PeriphResetCmd) for RCC_APB2PeriphResetCmd
    stm32f10x_bkp.o(i.BKP_DeInit) refers to stm32f10x_rcc.o(i.RCC_BackupResetCmd) for RCC_BackupResetCmd
    stm32f10x_can.o(i.CAN_DeInit) refers to stm32f10x_rcc.o(i.RCC_APB1PeriphResetCmd) for RCC_APB1PeriphResetCmd
    stm32f10x_can.o(i.CAN_GetITStatus) refers to stm32f10x_can.o(i.CheckITStatus) for CheckITStatus
    stm32f10x_can.o(i.CAN_Receive) refers to stm32f10x_can.o(i.CAN_FIFORelease) for CAN_FIFORelease
    stm32f10x_cec.o(i.CEC_DeInit) refers to stm32f10x_rcc.o(i.RCC_APB1PeriphResetCmd) for RCC_APB1PeriphResetCmd
    stm32f10x_dac.o(i.DAC_DeInit) refers to stm32f10x_rcc.o(i.RCC_APB1PeriphResetCmd) for RCC_APB1PeriphResetCmd
    stm32f10x_i2c.o(i.I2C_DeInit) refers to stm32f10x_rcc.o(i.RCC_APB1PeriphResetCmd) for RCC_APB1PeriphResetCmd
    stm32f10x_i2c.o(i.I2C_Init) refers to stm32f10x_rcc.o(i.RCC_GetClocksFreq) for RCC_GetClocksFreq
    stm32f10x_pwr.o(i.PWR_DeInit) refers to stm32f10x_rcc.o(i.RCC_APB1PeriphResetCmd) for RCC_APB1PeriphResetCmd
[...]
    Removing stm32f10x_spi.o(i.I2S_Cmd), (24 bytes).
    Removing stm32f10x_spi.o(i.I2S_Init), (228 bytes).
    Removing stm32f10x_spi.o(i.I2S_StructInit), (20 bytes).
    Removing stm32f10x_spi.o(i.SPI_BiDirectionalLineConfig), (28 bytes).
    Removing stm32f10x_spi.o(i.SPI_CalculateCRC), (24 bytes).
    Removing stm32f10x_spi.o(i.SPI_Cmd), (24 bytes).
    Removing stm32f10x_spi.o(i.SPI_DataSizeConfig), (18 bytes).
    Removing stm32f10x_spi.o(i.SPI_GetCRC), (16 bytes).
    Removing stm32f10x_spi.o(i.SPI_GetCRCPolynomial), (6 bytes).
    Removing stm32f10x_spi.o(i.SPI_I2S_ClearFlag), (6 bytes).
    Removing stm32f10x_spi.o(i.SPI_I2S_ClearITPendingBit), (20 bytes).
    Removing stm32f10x_spi.o(i.SPI_I2S_DMACmd), (24 bytes).
    Removing stm32f10x_spi.o(i.SPI_I2S_DeInit), (88 bytes).
    Removing stm32f10x_spi.o(i.SPI_I2S_GetFlagStatus), (18 bytes).
    Removing stm32f10x_spi.o(i.SPI_I2S_GetITStatus), (52 bytes).
    Removing stm32f10x_spi.o(i.SPI_I2S_ITConfig), (36 bytes).
    Removing stm32f10x_spi.o(i.SPI_I2S_ReceiveData), (6 bytes).
    Removing stm32f10x_spi.o(i.SPI_I2S_SendData), (4 bytes).
    Removing stm32f10x_spi.o(i.SPI_Init), (60 bytes).
    Removing stm32f10x_spi.o(i.SPI_NSSInternalSoftwareConfig), (30 bytes).
    Removing stm32f10x_spi.o(i.SPI_SSOutputCmd), (24 bytes).
    Removing stm32f10x_spi.o(i.SPI_StructInit), (24 bytes).
    Removing stm32f10x_spi.o(i.SPI_TransmitCRC), (10 bytes).
    Removing stm32f10x_tim.o(i.TI1_Config), (128 bytes).
    Removing stm32f10x_tim.o(i.TI2_Config), (140 bytes).
    Removing stm32f10x_tim.o(i.TI3_Config), (136 bytes).
    Removing stm32f10x_tim.o(i.TI4_Config), (140 bytes).
    Removing stm32f10x_tim.o(i.TIM_BDTRConfig), (32 bytes).
    Removing stm32f10x_tim.o(i.TIM_BDTRStructInit), (18 bytes).
    Removing stm32f10x_tim.o(i.TIM_CCPreloadControl), (24 bytes).
    Removing stm32f10x_tim.o(i.TIM_CCxCmd), (34 bytes).
    Removing stm32f10x_tim.o(i.TIM_CCxNCmd), (34 bytes).
    Removing stm32f10x_tim.o(i.TIM_ClearFlag), (6 bytes).
    Removing stm32f10x_tim.o(i.TIM_ClearOC1Ref), (18 bytes).
    Removing stm32f10x_tim.o(i.TIM_ClearOC2Ref), (20 bytes).
    Removing stm32f10x_tim.o(i.TIM_ClearOC3Ref), (18 bytes).
    Removing stm32f10x_tim.o(i.TIM_ClearOC4Ref), (20 bytes).
    Removing stm32f10x_tim.o(i.TIM_CounterModeConfig), (18 bytes).
    Removing stm32f10x_tim.o(i.TIM_CtrlPWMOutputs), (30 bytes).
    Removing stm32f10x_tim.o(i.TIM_DMACmd), (24 bytes).
    Removing stm32f10x_tim.o(i.TIM_DMAConfig), (10 bytes).
    Removing stm32f10x_tim.o(i.TIM_DeInit), (488 bytes).
    Removing stm32f10x_tim.o(i.TIM_ETRClockMode1Config), (54 bytes).
    Removing stm32f10x_tim.o(i.TIM_ETRClockMode2Config), (32 bytes).
    Removing stm32f10x_tim.o(i.TIM_ETRConfig), (24 bytes).
    Removing stm32f10x_tim.o(i.TIM_EncoderInterfaceConfig), (62 bytes).
    Removing stm32f10x_tim.o(i.TIM_ForcedOC1Config), (18 bytes).
    Removing stm32f10x_tim.o(i.TIM_ForcedOC2Config), (22 bytes).
    Removing stm32f10x_tim.o(i.TIM_ForcedOC3Config), (18 bytes).
    Removing stm32f10x_tim.o(i.TIM_ForcedOC4Config), (22 bytes).
    Removing stm32f10x_tim.o(i.TIM_GenerateEvent), (4 bytes).
    Removing stm32f10x_tim.o(i.TIM_GetCapture1), (6 bytes).
    Removing stm32f10x_tim.o(i.TIM_GetCapture2), (6 bytes).
    Removing stm32f10x_tim.o(i.TIM_GetCapture3), (6 bytes).
    Removing stm32f10x_tim.o(i.TIM_GetCapture4), (8 bytes).
    Removing stm32f10x_tim.o(i.TIM_GetCounter), (6 bytes).
    Removing stm32f10x_tim.o(i.TIM_GetFlagStatus), (18 bytes).
    Removing stm32f10x_tim.o(i.TIM_GetPrescaler), (6 bytes).
    Removing stm32f10x_tim.o(i.TIM_ICInit), (172 bytes).
    Removing stm32f10x_tim.o(i.TIM_ICStructInit), (18 bytes).
    Removing stm32f10x_tim.o(i.TIM_ITRxExternalClockConfig), (24 bytes).
    Removing stm32f10x_tim.o(i.TIM_InternalClockConfig), (12 bytes).
    Removing stm32f10x_tim.o(i.TIM_OC1FastConfig), (18 bytes).
    Removing stm32f10x_tim.o(i.TIM_OC1Init), (152 bytes).
    Removing stm32f10x_tim.o(i.TIM_OC1NPolarityConfig), (18 bytes).
    Removing stm32f10x_tim.o(i.TIM_OC1PolarityConfig), (18 bytes).
    Removing stm32f10x_tim.o(i.TIM_OC1PreloadConfig), (18 bytes).
    Removing stm32f10x_tim.o(i.TIM_OC2FastConfig), (22 bytes).
    Removing stm32f10x_tim.o(i.TIM_OC2Init), (156 bytes).
    Removing stm32f10x_tim.o(i.TIM_OC2NPolarityConfig), (22 bytes).
    Removing stm32f10x_tim.o(i.TIM_OC2PolarityConfig), (22 bytes).
    Removing stm32f10x_tim.o(i.TIM_OC2PreloadConfig), (22 bytes).
    Removing stm32f10x_tim.o(i.TIM_OC3FastConfig), (18 bytes).
    Removing stm32f10x_tim.o(i.TIM_OC3Init), (152 bytes).
    Removing stm32f10x_tim.o(i.TIM_OC3NPolarityConfig), (22 bytes).
    Removing stm32f10x_tim.o(i.TIM_OC3PolarityConfig), (22 bytes).
    Removing stm32f10x_tim.o(i.TIM_OC3PreloadConfig), (18 bytes).
    Removing stm32f10x_tim.o(i.TIM_OC4FastConfig), (22 bytes).
    Removing stm32f10x_tim.o(i.TIM_OC4Init), (116 bytes).
    Removing stm32f10x_tim.o(i.TIM_OC4PolarityConfig), (22 bytes).
    Removing stm32f10x_tim.o(i.TIM_OC4PreloadConfig), (22 bytes).
    Removing stm32f10x_tim.o(i.TIM_OCStructInit), (20 bytes).
    Removing stm32f10x_tim.o(i.TIM_PWMIConfig), (124 bytes).
    Removing stm32f10x_tim.o(i.TIM_PrescalerConfig), (6 bytes).
    Removing stm32f10x_tim.o(i.TIM_SelectCCDMA), (24 bytes).
    Removing stm32f10x_tim.o(i.TIM_SelectCOM), (24 bytes).
    Removing stm32f10x_tim.o(i.TIM_SelectHallSensor), (24 bytes).
    Removing stm32f10x_tim.o(i.TIM_SelectInputTrigger), (18 bytes).
    Removing stm32f10x_tim.o(i.TIM_SelectMasterSlaveMode), (18 bytes).
    Removing stm32f10x_tim.o(i.TIM_SelectOCxM), (82 bytes).
    Removing stm32f10x_tim.o(i.TIM_SelectOnePulseMode), (18 bytes).
    Removing stm32f10x_tim.o(i.TIM_SelectOutputTrigger), (18 bytes).
    Removing stm32f10x_tim.o(i.TIM_SelectSlaveMode), (18 bytes).
    Removing stm32f10x_tim.o(i.TIM_SetAutoreload), (4 bytes).
    Removing stm32f10x_tim.o(i.TIM_SetClockDivision), (18 bytes).
    Removing stm32f10x_tim.o(i.TIM_SetCompare1), (4 bytes).
    Removing stm32f10x_tim.o(i.TIM_SetCompare2), (4 bytes).
    Removing stm32f10x_tim.o(i.TIM_SetCompare3), (4 bytes).
    Removing stm32f10x_tim.o(i.TIM_SetCompare4), (6 bytes).
    Removing stm32f10x_tim.o(i.TIM_SetIC1Prescaler), (18 bytes).
    Removing stm32f10x_tim.o(i.TIM_SetIC2Prescaler), (22 bytes).
    Removing stm32f10x_tim.o(i.TIM_SetIC3Prescaler), (18 bytes).
    Removing stm32f10x_tim.o(i.TIM_SetIC4Prescaler), (22 bytes).
    Removing stm32f10x_tim.o(i.TIM_TIxExternalClockConfig), (62 bytes).
    Removing stm32f10x_tim.o(i.TIM_TimeBaseStructInit), (18 bytes).
    Removing stm32f10x_tim.o(i.TIM_UpdateDisableConfig), (24 bytes).
    Removing stm32f10x_tim.o(i.TIM_UpdateRequestConfig), (24 bytes).
    Removing stm32f10x_usart.o(i.USART_ClockStructInit), (12 bytes).
    Removing stm32f10x_usart.o(i.USART_DMACmd), (24 bytes).
    Removing stm32f10x_usart.o(i.USART_DeInit), (156 bytes).
    Removing stm32f10x_usart.o(i.USART_HalfDuplexCmd), (24 bytes).
    Removing stm32f10x_usart.o(i.USART_IrDACmd), (24 bytes).
    Removing stm32f10x_usart.o(i.USART_IrDAConfig), (18 bytes).
    Removing stm32f10x_usart.o(i.USART_LINBreakDetectLengthConfig), (18 bytes).
    Removing stm32f10x_usart.o(i.USART_LINCmd), (24 bytes).
    Removing stm32f10x_usart.o(i.USART_OneBitMethodCmd), (24 bytes).
    Removing stm32f10x_usart.o(i.USART_OverSampling8Cmd), (22 bytes).
    Removing stm32f10x_usart.o(i.USART_ReceiverWakeUpCmd), (24 bytes).
    Removing stm32f10x_usart.o(i.USART_SendBreak), (10 bytes).
    Removing stm32f10x_usart.o(i.USART_SetAddress), (18 bytes).
    Removing stm32f10x_usart.o(i.USART_SetGuardTime), (16 bytes).
    Removing stm32f10x_usart.o(i.USART_SetPrescaler), (16 bytes).
    Removing stm32f10x_usart.o(i.USART_SmartCardCmd), (24 bytes).
    Removing stm32f10x_usart.o(i.USART_SmartCardNACKCmd), (24 bytes).
    Removing stm32f10x_usart.o(i.USART_StructInit), (24 bytes).
    Removing stm32f10x_usart.o(i.USART_WakeUpConfig), (18 bytes).
    Removing stm32f10x_wwdg.o(i.WWDG_ClearFlag), (12 bytes).
    Removing stm32f10x_wwdg.o(i.WWDG_DeInit), (22 bytes).
    Removing stm32f10x_wwdg.o(i.WWDG_Enable), (16 bytes).
    Removing stm32f10x_wwdg.o(i.WWDG_EnableIT), (12 bytes).
    Removing stm32f10x_wwdg.o(i.WWDG_GetFlagStatus), (12 bytes).
    Removing stm32f10x_wwdg.o(i.WWDG_SetCounter), (16 bytes).
    Removing stm32f10x_wwdg.o(i.WWDG_SetPrescaler), (24 bytes).
    Removing stm32f10x_wwdg.o(i.WWDG_SetWindowValue), (28 bytes).
    Removing system_stm32f10x.o(i.SystemCoreClockUpdate), (164 bytes).
    Removing mb.o(i.eMBClose), (40 bytes).
    Removing mb.o(i.eMBDisable), (52 bytes).
    Removing mb.o(i.eMBRegisterCB), (144 bytes).
    Removing mbfuncother.o(i.eMBSetSlaveID), (120 bytes).
    Removing mbutils.o(i.xMBUtilGetBits), (42 bytes).
    Removing mbutils.o(i.xMBUtilSetBits), (156 bytes).

450 unused section(s) (total 17864 bytes) removed from the image.

==============================================================================

Image Symbol Table

    Local Symbols

    Symbol Name                              Value     Ov Type        Size  Object(Section)

    ../../angel/boardlib.s                   0x00000000   Number         0  boardinit1.o ABSOLUTE
    ../../angel/boardlib.s                   0x00000000   Number         0  boardinit3.o ABSOLUTE
    ../../angel/boardlib.s                   0x00000000   Number         0  boardinit2.o ABSOLUTE
    ../../angel/boardlib.s                   0x00000000   Number         0  boardshut.o ABSOLUTE
    ../../angel/dczerorl2.s                  0x00000000   Number         0  __dczerorl2.o ABSOLUTE
    ../../angel/handlers.s                   0x00000000   Number         0  __scatter_zi.o ABSOLUTE
    ../../angel/kernel.s                     0x00000000   Number         0  rtexit2.o ABSOLUTE
    ../../angel/kernel.s                     0x00000000   Number         0  rtexit.o ABSOLUTE
    ../../angel/kernel.s                     0x00000000   Number         0  rtentry4.o ABSOLUTE
    ../../angel/kernel.s                     0x00000000   Number         0  rtentry2.o ABSOLUTE
    ../../angel/kernel.s                     0x00000000   Number         0  rtentry.o ABSOLUTE
    ../../angel/rt.s                         0x00000000   Number         0  rt_raise.o ABSOLUTE
    ../../angel/rt.s                         0x00000000   Number         0  rt_fp_status_addr_intlibspace.o ABSOLUTE
    ../../angel/rt.s                         0x00000000   Number         0  rt_fp_status_addr.o ABSOLUTE
    ../../angel/scatter.s                    0x00000000   Number         0  __scatter.o ABSOLUTE
    ../../angel/startup.s                    0x00000000   Number         0  __main.o ABSOLUTE
    ../../angel/sys.s                        0x00000000   Number         0  indicate_semi.o ABSOLUTE
    ../../angel/sys.s                        0x00000000   Number         0  libspace.o ABSOLUTE
    ../../angel/sys.s                        0x00000000   Number         0  sys_stackheap_outer.o ABSOLUTE
    ../../angel/sys.s                        0x00000000   Number         0  use_no_semi.o ABSOLUTE
    ../../angel/sysapp.c                     0x00000000   Number         0  sys_wrch.o ABSOLUTE
    ../../angel/sysapp.c                     0x00000000   Number         0  sys_exit.o ABSOLUTE
    ../../angel/sysapp.c                     0x00000000   Number         0  sys_command.o ABSOLUTE
    ../../armsys.c                           0x00000000   Number         0  argv_veneer.o ABSOLUTE
    ../../armsys.c                           0x00000000   Number         0  argv_veneer.o ABSOLUTE
    ../../armsys.c                           0x00000000   Number         0  no_argv.o ABSOLUTE
    ../../armsys.c                           0x00000000   Number         0  _get_argv_nomalloc.o ABSOLUTE
    ../../assert.c                           0x00000000   Number         0  assert_puts.o ABSOLUTE
    ../../assert.c                           0x00000000   Number         0  assert.o ABSOLUTE
    ../../fpinit.s                           0x00000000   Number         0  fpinit.o ABSOLUTE
    ../../heapalloc.c                        0x00000000   Number         0  hrguard.o ABSOLUTE
    ../../heapaux.c                          0x00000000   Number         0  heapauxi.o ABSOLUTE
    ../../libinit.s                          0x00000000   Number         0  libshutdown.o ABSOLUTE
    ../../libinit.s                          0x00000000   Number         0  libshutdown2.o ABSOLUTE
    ../../libinit.s                          0x00000000   Number         0  libinit2.o ABSOLUTE
    ../../libinit.s                          0x00000000   Number         0  libinit.o ABSOLUTE
    ../../memcpset.s                         0x00000000   Number         0  rt_memcpy_v6.o ABSOLUTE
    ../../memcpset.s                         0x00000000   Number         0  rt_memcpy_w.o ABSOLUTE
    ../../signal.c                           0x00000000   Number         0  defsig_rtmem_outer.o ABSOLUTE
    ../../signal.c                           0x00000000   Number         0  defsig_rtmem_formal.o ABSOLUTE
    ../../signal.c                           0x00000000   Number         0  defsig_other.o ABSOLUTE
    ../../signal.c                           0x00000000   Number         0  defsig_exit.o ABSOLUTE
    ../../signal.c                           0x00000000   Number         0  defsig_cppl_inner.o ABSOLUTE
    ../../signal.c                           0x00000000   Number         0  defsig_segv_inner.o ABSOLUTE
    ../../signal.c                           0x00000000   Number         0  defsig_stak_inner.o ABSOLUTE
    ../../signal.c                           0x00000000   Number         0  defsig_rtmem_inner.o ABSOLUTE
    ../../signal.c                           0x00000000   Number         0  defsig_rtred_inner.o ABSOLUTE
    ../../signal.c                           0x00000000   Number         0  defsig_abrt_outer.o ABSOLUTE
    ../../signal.c                           0x00000000   Number         0  defsig_fpe_inner.o ABSOLUTE
    ../../signal.c                           0x00000000   Number         0  defsig_general.o ABSOLUTE
    ../../signal.c                           0x00000000   Number         0  __raise.o ABSOLUTE
    ../../signal.c                           0x00000000   Number         0  defsig_abrt_formal.o ABSOLUTE
    ../../signal.c                           0x00000000   Number         0  defsig_abrt_inner.o ABSOLUTE
    ../../signal.c                           0x00000000   Number         0  defsig_pvfn_inner.o ABSOLUTE
    ../../signal.s                           0x00000000   Number         0  defsig.o ABSOLUTE
    ../../stdlib.c                           0x00000000   Number         0  abort.o ABSOLUTE
    ../../stdlib.c                           0x00000000   Number         0  exit.o ABSOLUTE
    ..\Libraries\CMSIS\CM3\CoreSupport\core_cm3.c 0x00000000   Number         0  core_cm3.o ABSOLUTE
    ..\Libraries\STM32F10x_StdPeriph_Driver\src\misc.c 0x00000000   Number         0  misc.o ABSOLUTE
    ..\Libraries\STM32F10x_StdPeriph_Driver\src\stm32f10x_adc.c 0x00000000   Number         0  stm32f10x_adc.o ABSOLUTE
    ..\Libraries\STM32F10x_StdPeriph_Driver\src\stm32f10x_bkp.c 0x00000000   Number         0  stm32f10x_bkp.o ABSOLUTE
    ..\Libraries\STM32F10x_StdPeriph_Driver\src\stm32f10x_can.c 0x00000000   Number         0  stm32f10x_can.o ABSOLUTE
    ..\Libraries\STM32F10x_StdPeriph_Driver\src\stm32f10x_cec.c 0x00000000   Number         0  stm32f10x_cec.o ABSOLUTE
    ..\Libraries\STM32F10x_StdPeriph_Driver\src\stm32f10x_crc.c 0x00000000   Number         0  stm32f10x_crc.o ABSOLUTE
    ..\Libraries\STM32F10x_StdPeriph_Driver\src\stm32f10x_dac.c 0x00000000   Number         0  stm32f10x_dac.o ABSOLUTE
    ..\Libraries\STM32F10x_StdPeriph_Driver\src\stm32f10x_dbgmcu.c 0x00000000   Number         0  stm32f10x_dbgmcu.o ABSOLUTE
    ..\Libraries\STM32F10x_StdPeriph_Driver\src\stm32f10x_dma.c 0x00000000   Number         0  stm32f10x_dma.o ABSOLUTE
    ..\Libraries\STM32F10x_StdPeriph_Driver\src\stm32f10x_exti.c 0x00000000   Number         0  stm32f10x_exti.o ABSOLUTE
    ..\Libraries\STM32F10x_StdPeriph_Driver\src\stm32f10x_flash.c 0x00000000   Number         0  stm32f10x_flash.o ABSOLUTE
    ..\Libraries\STM32F10x_StdPeriph_Driver\src\stm32f10x_fsmc.c 0x00000000   Number         0  stm32f10x_fsmc.o ABSOLUTE
    ..\Libraries\STM32F10x_StdPeriph_Driver\src\stm32f10x_gpio.c 0x00000000   Number         0  stm32f10x_gpio.o ABSOLUTE
    ..\Libraries\STM32F10x_StdPeriph_Driver\src\stm32f10x_i2c.c 0x00000000   Number         0  stm32f10x_i2c.o ABSOLUTE
    ..\Libraries\STM32F10x_StdPeriph_Driver\src\stm32f10x_iwdg.c 0x00000000   Number         0  stm32f10x_iwdg.o ABSOLUTE
    ..\Libraries\STM32F10x_StdPeriph_Driver\src\stm32f10x_pwr.c 0x00000000   Number         0  stm32f10x_pwr.o ABSOLUTE
    ..\Libraries\STM32F10x_StdPeriph_Driver\src\stm32f10x_rcc.c 0x00000000   Number         0  stm32f10x_rcc.o ABSOLUTE
    ..\Libraries\STM32F10x_StdPeriph_Driver\src\stm32f10x_rtc.c 0x00000000   Number         0  stm32f10x_rtc.o ABSOLUTE
    ..\Libraries\STM32F10x_StdPeriph_Driver\src\stm32f10x_sdio.c 0x00000000   Number         0  stm32f10x_sdio.o ABSOLUTE
    ..\Libraries\STM32F10x_StdPeriph_Driver\src\stm32f10x_spi.c 0x00000000   Number         0  stm32f10x_spi.o ABSOLUTE
    ..\Libraries\STM32F10x_StdPeriph_Driver\src\stm32f10x_tim.c 0x00000000   Number         0  stm32f10x_tim.o ABSOLUTE
    ..\Libraries\STM32F10x_StdPeriph_Driver\src\stm32f10x_usart.c 0x00000000   Number         0  stm32f10x_usart.o ABSOLUTE
    ..\Libraries\STM32F10x_StdPeriph_Driver\src\stm32f10x_wwdg.c 0x00000000   Number         0  stm32f10x_wwdg.o ABSOLUTE
    ..\USER\main.c                           0x00000000   Number         0  main.o ABSOLUTE
    ..\USER\modbus\ascii\mbascii.c           0x00000000   Number         0  mbascii.o ABSOLUTE
    ..\USER\modbus\functions\mbfunccoils.c   0x00000000   Number         0  mbfunccoils.o ABSOLUTE
    ..\USER\modbus\functions\mbfuncdiag.c    0x00000000   Number         0  mbfuncdiag.o ABSOLUTE
    ..\USER\modbus\functions\mbfuncdisc.c    0x00000000   Number         0  mbfuncdisc.o ABSOLUTE
    ..\USER\modbus\functions\mbfuncholding.c 0x00000000   Number         0  mbfuncholding.o ABSOLUTE
    ..\USER\modbus\functions\mbfuncinput.c   0x00000000   Number         0  mbfuncinput.o ABSOLUTE
    ..\USER\modbus\functions\mbfuncother.c   0x00000000   Number         0  mbfuncother.o ABSOLUTE
    ..\USER\modbus\functions\mbutils.c       0x00000000   Number         0  mbutils.o ABSOLUTE
    ..\USER\modbus\mb.c                      0x00000000   Number         0  mb.o ABSOLUTE
    ..\USER\modbus\port\port.c               0x00000000   Number         0  port.o ABSOLUTE
    ..\USER\modbus\port\portevent.c          0x00000000   Number         0  portevent.o ABSOLUTE
    ..\USER\modbus\port\portserial.c         0x00000000   Number         0  portserial.o ABSOLUTE
    ..\USER\modbus\port\porttimer.c          0x00000000   Number         0  porttimer.o ABSOLUTE
    ..\USER\modbus\rtu\mbcrc.c               0x00000000   Number         0  mbcrc.o ABSOLUTE
    ..\USER\modbus\rtu\mbrtu.c               0x00000000   Number         0  mbrtu.o ABSOLUTE
    ..\USER\stm32f10x_it.c                   0x00000000   Number         0  stm32f10x_it.o ABSOLUTE
    ..\USER\system_stm32f10x.c               0x00000000   Number         0  system_stm32f10x.o ABSOLUTE
    ..\\Libraries\\CMSIS\\CM3\\CoreSupport\\core_cm3.c 0x00000000   Number         0  core_cm3.o ABSOLUTE
    ..\libraries\cmsis\cm3\devicesupport\st\stm32f10x\startup\arm\startup_stm32f10x_md.s 0x00000000   Number         0  startup_stm32f10x_md.o ABSOLUTE
    dc.s                                     0x00000000   Number         0  dc.o ABSOLUTE
    RESET                                    0x08004000   Section      236  startup_stm32f10x_md.o(RESET)
    !!!main                                  0x080040ec   Section        8  __main.o(!!!main)
    !!!scatter                               0x080040f4   Section       52  __scatter.o(!!!scatter)
    !!dczerorl2                              0x08004128   Section       90  __dczerorl2.o(!!dczerorl2)
    !!handler_zi                             0x08004184   Section       28  __scatter_zi.o(!!handler_zi)
    .ARM.Collect$$libinit$$00000000          0x080041a0   Section        6  libinit.o(.ARM.Collect$$libinit$$00000000)
    .ARM.Collect$$libinit$$00000006          0x080041a6   Section        0  libinit2.o(.ARM.Collect$$libinit$$00000006)
    .ARM.Collect$$libinit$$00000008          0x080041a6   Section        0  libinit2.o(.ARM.Collect$$libinit$$00000008)
    .ARM.Collect$$libinit$$0000000A          0x080041a6   Section        0  libinit2.o(.ARM.Collect$$libinit$$0000000A)
    .ARM.Collect$$libinit$$0000000D          0x080041a6   Section        0  libinit2.o(.ARM.Collect$$libinit$$0000000D)
    .ARM.Collect$$libinit$$0000000F          0x080041a6   Section        0  libinit2.o(.ARM.Collect$$libinit$$0000000F)
    .ARM.Collect$$libinit$$00000011          0x080041a6   Section        0  libinit2.o(.ARM.Collect$$libinit$$00000011)
    .ARM.Collect$$libinit$$00000013          0x080041a6   Section        0  libinit2.o(.ARM.Collect$$libinit$$00000013)
    .ARM.Collect$$libinit$$00000015          0x080041a6   Section        0  libinit2.o(.ARM.Collect$$libinit$$00000015)
    .ARM.Collect$$libinit$$00000017          0x080041a6   Section        0  libinit2.o(.ARM.Collect$$libinit$$00000017)
    .ARM.Collect$$libinit$$00000019          0x080041a6   Section        0  libinit2.o(.ARM.Collect$$libinit$$00000019)
    .ARM.Collect$$libinit$$0000001B          0x080041a6   Section        0  libinit2.o(.ARM.Collect$$libinit$$0000001B)
    .ARM.Collect$$libinit$$0000001D          0x080041a6   Section        0  libinit2.o(.ARM.Collect$$libinit$$0000001D)
    .ARM.Collect$$libinit$$0000001F          0x080041a6   Section        0  libinit2.o(.ARM.Collect$$libinit$$0000001F)
    .ARM.Collect$$libinit$$00000021          0x080041a6   Section        0  libinit2.o(.ARM.Collect$$libinit$$00000021)
    .ARM.Collect$$libinit$$00000028          0x080041a6   Section        0  libinit2.o(.ARM.Collect$$libinit$$00000028)
    .ARM.Collect$$libinit$$0000002A          0x080041a6   Section        0  libinit2.o(.ARM.Collect$$libinit$$0000002A)
    .ARM.Collect$$libinit$$0000002C          0x080041a6   Section        0  libinit2.o(.ARM.Collect$$libinit$$0000002C)
    .ARM.Collect$$libinit$$0000002E          0x080041a6   Section        0  libinit2.o(.ARM.Collect$$libinit$$0000002E)
    .ARM.Collect$$libinit$$0000002F          0x080041a6   Section        2  libinit2.o(.ARM.Collect$$libinit$$0000002F)
    .ARM.Collect$$libshutdown$$00000000      0x080041a8   Section        2  libshutdown.o(.ARM.Collect$$libshutdown$$00000000)
    .ARM.Collect$$libshutdown$$00000003      0x080041aa   Section        0  libshutdown2.o(.ARM.Collect$$libshutdown$$00000003)
    .ARM.Collect$$libshutdown$$00000006      0x080041aa   Section        0  libshutdown2.o(.ARM.Collect$$libshutdown$$00000006)
    .ARM.Collect$$libshutdown$$00000009      0x080041aa   Section        0  libshutdown2.o(.ARM.Collect$$libshutdown$$00000009)
    .ARM.Collect$$libshutdown$$0000000B      0x080041aa   Section        0  libshutdown2.o(.ARM.Collect$$libshutdown$$0000000B)
    .ARM.Collect$$libshutdown$$0000000E      0x080041aa   Section        0  libshutdown2.o(.ARM.Collect$$libshutdown$$0000000E)
    .ARM.Collect$$libshutdown$$0000000F      0x080041aa   Section        2  libshutdown2.o(.ARM.Collect$$libshutdown$$0000000F)
    .ARM.Collect$$rtentry$$00000000          0x080041ac   Section        0  rtentry.o(.ARM.Collect$$rtentry$$00000000)
    .ARM.Collect$$rtentry$$00000002          0x080041ac   Section        0  rtentry2.o(.ARM.Collect$$rtentry$$00000002)
    .ARM.Collect$$rtentry$$00000004          0x080041ac   Section        6  rtentry4.o(.ARM.Collect$$rtentry$$00000004)
    .ARM.Collect$$rtentry$$00000009          0x080041b2   Section        0  rtentry2.o(.ARM.Collect$$rtentry$$00000009)
    .ARM.Collect$$rtentry$$0000000A          0x080041b2   Section        4  rtentry2.o(.ARM.Collect$$rtentry$$0000000A)
    .ARM.Collect$$rtentry$$0000000C          0x080041b6   Section        0  rtentry2.o(.ARM.Collect$$rtentry$$0000000C)
    .ARM.Collect$$rtentry$$0000000D          0x080041b6   Section        8  rtentry2.o(.ARM.Collect$$rtentry$$0000000D)
    .ARM.Collect$$rtexit$$00000000           0x080041be   Section        2  rtexit.o(.ARM.Collect$$rtexit$$00000000)
    .ARM.Collect$$rtexit$$00000002           0x080041c0   Section        0  rtexit2.o(.ARM.Collect$$rtexit$$00000002)
    .ARM.Collect$$rtexit$$00000003           0x080041c0   Section        4  rtexit2.o(.ARM.Collect$$rtexit$$00000003)
    .ARM.Collect$$rtexit$$00000004           0x080041c4   Section        6  rtexit2.o(.ARM.Collect$$rtexit$$00000004)
    .emb_text                                0x080041cc   Section       32  core_cm3.o(.emb_text)
    .text                                    0x080041ec   Section       64  startup_stm32f10x_md.o(.text)
    .text                                    0x0800422c   Section        0  assert.o(.text)
    .text                                    0x080042a8   Section      138  rt_memcpy_v6.o(.text)
    .text                                    0x08004332   Section        0  heapauxi.o(.text)
    .text                                    0x08004338   Section        0  abort.o(.text)
    .text                                    0x08004348   Section        0  assert_puts.o(.text)
    .text                                    0x0800435c   Section      100  rt_memcpy_w.o(.text)
    .text                                    0x080043c0   Section        0  sys_wrch.o(.text)
    .text                                    0x080043d0   Section        0  sys_exit.o(.text)
    .text                                    0x080043dc   Section        0  defsig_abrt_outer.o(.text)
    .text                                    0x080043ea   Section        2  use_no_semi.o(.text)
    .text                                    0x080043ec   Section        0  indicate_semi.o(.text)
    .text                                    0x080043ec   Section       74  sys_stackheap_outer.o(.text)
    .text                                    0x08004436   Section        0  exit.o(.text)
    .text                                    0x08004442   Section        0  defsig_exit.o(.text)
    .text                                    0x0800444c   Section        0  defsig_abrt_inner.o(.text)
    .text                                    0x0800447c   Section        8  libspace.o(.text)
    .text                                    0x08004484   Section        0  defsig_general.o(.text)
    .text                                    0x080044b8   Section        8  rt_fp_status_addr_intlibspace.o(.text)
    i.BusFault_Handler                       0x080044c0   Section        0  stm32f10x_it.o(i.BusFault_Handler)
    i.DebugMon_Handler                       0x080044c4   Section        0  stm32f10x_it.o(i.DebugMon_Handler)
    i.ENTER_CRITICAL_SECTION                 0x080044c6   Section        0  port.o(i.ENTER_CRITICAL_SECTION)
    i.EXIT_CRITICAL_SECTION                  0x080044d0   Section        0  port.o(i.EXIT_CRITICAL_SECTION)
    i.GPIO_Init                              0x080044da   Section        0  stm32f10x_gpio.o(i.GPIO_Init)
    i.HardFault_Handler                      0x080045ec   Section        0  stm32f10x_it.o(i.HardFault_Handler)
    i.MemManage_Handler                      0x080045f0   Section        0  stm32f10x_it.o(i.MemManage_Handler)
    i.NMI_Handler                            0x080045f4   Section        0  stm32f10x_it.o(i.NMI_Handler)
    i.NVIC_Init                              0x080045f8   Section        0  misc.o(i.NVIC_Init)
    i.NVIC_PriorityGroupConfig               0x0800466c   Section        0  misc.o(i.NVIC_PriorityGroupConfig)
    i.NVIC_SetVectorTable                    0x08004680   Section        0  misc.o(i.NVIC_SetVectorTable)
    i.PendSV_Handler                         0x08004694   Section        0  stm32f10x_it.o(i.PendSV_Handler)
    i.RCC_APB1PeriphClockCmd                 0x08004698   Section        0  stm32f10x_rcc.o(i.RCC_APB1PeriphClockCmd)
    i.RCC_APB2PeriphClockCmd                 0x080046b8   Section        0  stm32f10x_rcc.o(i.RCC_APB2PeriphClockCmd)
    i.RCC_GetClocksFreq                      0x080046d8   Section        0  stm32f10x_rcc.o(i.RCC_GetClocksFreq)
    i.SVC_Handler                            0x080047ac   Section        0  stm32f10x_it.o(i.SVC_Handler)
    i.SetSysClock                            0x080047ae   Section        0  system_stm32f10x.o(i.SetSysClock)
    SetSysClock                              0x080047af   Thumb Code     8  system_stm32f10x.o(i.SetSysClock)
    i.SetSysClockTo72                        0x080047b8   Section        0  system_stm32f10x.o(i.SetSysClockTo72)
    SetSysClockTo72                          0x080047b9   Thumb Code   192  system_stm32f10x.o(i.SetSysClockTo72)
    i.SysTick_Handler                        0x08004880   Section        0  stm32f10x_it.o(i.SysTick_Handler)
    i.SystemInit                             0x08004898   Section        0  system_stm32f10x.o(i.SystemInit)
    i.TIM4_IRQHandler                        0x080048f8   Section        0  stm32f10x_it.o(i.TIM4_IRQHandler)
    i.TIM_ARRPreloadConfig                   0x08004918   Section        0  stm32f10x_tim.o(i.TIM_ARRPreloadConfig)
    i.TIM_ClearITPendingBit                  0x08004930   Section        0  stm32f10x_tim.o(i.TIM_ClearITPendingBit)
    i.TIM_Cmd                                0x08004936   Section        0  stm32f10x_tim.o(i.TIM_Cmd)
    i.TIM_GetITStatus                        0x0800494e   Section        0  stm32f10x_tim.o(i.TIM_GetITStatus)
    i.TIM_ITConfig                           0x08004970   Section        0  stm32f10x_tim.o(i.TIM_ITConfig)
    i.TIM_SetCounter                         0x08004988   Section        0  stm32f10x_tim.o(i.TIM_SetCounter)
    i.TIM_TimeBaseInit                       0x0800498c   Section        0  stm32f10x_tim.o(i.TIM_TimeBaseInit)
    i.USART1_IRQHandler                      0x08004a30   Section        0  stm32f10x_it.o(i.USART1_IRQHandler)
    i.USART_ClearFlag                        0x08004a8c   Section        0  stm32f10x_usart.o(i.USART_ClearFlag)
    i.USART_ClearITPendingBit                0x08004a9e   Section        0  stm32f10x_usart.o(i.USART_ClearITPendingBit)
    i.USART_ClockInit                        0x08004abc   Section        0  stm32f10x_usart.o(i.USART_ClockInit)
    i.USART_Cmd                              0x08004ade   Section        0  stm32f10x_usart.o(i.USART_Cmd)
    i.USART_GetFlagStatus                    0x08004af6   Section        0  stm32f10x_usart.o(i.USART_GetFlagStatus)
    i.USART_GetITStatus                      0x08004b10   Section        0  stm32f10x_usart.o(i.USART_GetITStatus)
    i.USART_ITConfig                         0x08004b64   Section        0  stm32f10x_usart.o(i.USART_ITConfig)
    i.USART_Init                             0x08004bb0   Section        0  stm32f10x_usart.o(i.USART_Init)
    i.USART_ReceiveData                      0x08004c88   Section        0  stm32f10x_usart.o(i.USART_ReceiveData)
    i.USART_SendData                         0x08004c92   Section        0  stm32f10x_usart.o(i.USART_SendData)
    i.UsageFault_Handler                     0x08004c9a   Section        0  stm32f10x_it.o(i.UsageFault_Handler)
    i.eMBASCIIInit                           0x08004ca0   Section        0  mbascii.o(i.eMBASCIIInit)
    i.eMBASCIIReceive                        0x08004ce8   Section        0  mbascii.o(i.eMBASCIIReceive)
    i.eMBASCIISend                           0x08004d98   Section        0  mbascii.o(i.eMBASCIISend)
    i.eMBASCIIStart                          0x08004e1c   Section        0  mbascii.o(i.eMBASCIIStart)
    i.eMBASCIIStop                           0x08004e40   Section        0  mbascii.o(i.eMBASCIIStop)
    i.eMBEnable                              0x08004e58   Section        0  mb.o(i.eMBEnable)
    i.eMBFuncReadCoils                       0x08004e80   Section        0  mbfunccoils.o(i.eMBFuncReadCoils)
    i.eMBFuncReadDiscreteInputs              0x08004f2e   Section        0  mbfuncdisc.o(i.eMBFuncReadDiscreteInputs)
    i.eMBFuncReadHoldingRegister             0x08004fda   Section        0  mbfuncholding.o(i.eMBFuncReadHoldingRegister)
    i.eMBFuncReadInputRegister               0x08005066   Section        0  mbfuncinput.o(i.eMBFuncReadInputRegister)
    i.eMBFuncReadWriteMultipleHoldingRegister 0x080050f2   Section        0  mbfuncholding.o(i.eMBFuncReadWriteMultipleHoldingRegister)
    i.eMBFuncReportSlaveID                   0x080051c8   Section        0  mbfuncother.o(i.eMBFuncReportSlaveID)
    i.eMBFuncWriteCoil                       0x080051f0   Section        0  mbfunccoils.o(i.eMBFuncWriteCoil)
    i.eMBFuncWriteHoldingRegister            0x08005260   Section        0  mbfuncholding.o(i.eMBFuncWriteHoldingRegister)
    i.eMBFuncWriteMultipleCoils              0x080052a2   Section        0  mbfunccoils.o(i.eMBFuncWriteMultipleCoils)
    i.eMBFuncWriteMultipleHoldingRegister    0x08005332   Section        0  mbfuncholding.o(i.eMBFuncWriteMultipleHoldingRegister)
    i.eMBInit                                0x080053a0   Section        0  mb.o(i.eMBInit)
    i.eMBPoll                                0x080054e4   Section        0  mb.o(i.eMBPoll)
    i.eMBRTUInit                             0x0800561c   Section        0  mbrtu.o(i.eMBRTUInit)
    i.eMBRTUReceive                          0x08005674   Section        0  mbrtu.o(i.eMBRTUReceive)
    i.eMBRTUSend                             0x08005724   Section        0  mbrtu.o(i.eMBRTUSend)
    i.eMBRTUStart                            0x080057b4   Section        0  mbrtu.o(i.eMBRTUStart)
    i.eMBRTUStop                             0x080057d8   Section        0  mbrtu.o(i.eMBRTUStop)
    i.eMBRegCoilsCB                          0x080057f0   Section        0  port.o(i.eMBRegCoilsCB)
    i.eMBRegDiscreteCB                       0x080057f8   Section        0  port.o(i.eMBRegDiscreteCB)
    i.eMBRegHoldingCB                        0x08005800   Section        0  port.o(i.eMBRegHoldingCB)
    i.eMBRegInputCB                          0x0800589c   Section        0  port.o(i.eMBRegInputCB)
    i.main                                   0x080058f8   Section        0  main.o(i.main)
    i.prveMBError2Exception                  0x08005920   Section        0  mbutils.o(i.prveMBError2Exception)
    i.prvucMBBIN2CHAR                        0x08005944   Section        0  mbascii.o(i.prvucMBBIN2CHAR)
    prvucMBBIN2CHAR                          0x08005945   Thumb Code    44  mbascii.o(i.prvucMBBIN2CHAR)
    i.prvucMBCHAR2BIN                        0x08005994   Section        0  mbascii.o(i.prvucMBCHAR2BIN)
    prvucMBCHAR2BIN                          0x08005995   Thumb Code    38  mbascii.o(i.prvucMBCHAR2BIN)
    i.prvucMBLRC                             0x080059ba   Section        0  mbascii.o(i.prvucMBLRC)
    prvucMBLRC                               0x080059bb   Thumb Code    32  mbascii.o(i.prvucMBLRC)
    i.prvvTIMERExpiredISR                    0x080059dc   Section        0  porttimer.o(i.prvvTIMERExpiredISR)
    i.prvvUARTRxISR                          0x080059ec   Section        0  portserial.o(i.prvvUARTRxISR)
    i.prvvUARTTxReadyISR                     0x080059fc   Section        0  portserial.o(i.prvvUARTTxReadyISR)
    i.usMBCRC16                              0x08005a0c   Section        0  mbcrc.o(i.usMBCRC16)
    i.vMBPortSerialEnable                    0x08005a44   Section        0  portserial.o(i.vMBPortSerialEnable)
    i.vMBPortTimersDisable                   0x08005a8c   Section        0  porttimer.o(i.vMBPortTimersDisable)
    i.vMBPortTimersEnable                    0x08005ab8   Section        0  porttimer.o(i.vMBPortTimersEnable)
    i.xMBASCIIReceiveFSM                     0x08005ae4   Section        0  mbascii.o(i.xMBASCIIReceiveFSM)
    i.xMBASCIITimerT1SExpired                0x08005c60   Section        0  mbascii.o(i.xMBASCIITimerT1SExpired)
    i.xMBASCIITransmitFSM                    0x08005ccc   Section        0  mbascii.o(i.xMBASCIITransmitFSM)
    i.xMBPortEventGet                        0x08005e10   Section        0  portevent.o(i.xMBPortEventGet)
    i.xMBPortEventInit                       0x08005e34   Section        0  portevent.o(i.xMBPortEventInit)
    i.xMBPortEventPost                       0x08005e44   Section        0  portevent.o(i.xMBPortEventPost)
    i.xMBPortSerialGetByte                   0x08005e5c   Section        0  portserial.o(i.xMBPortSerialGetByte)
    i.xMBPortSerialInit                      0x08005e70   Section        0  portserial.o(i.xMBPortSerialInit)
    i.xMBPortSerialPutByte                   0x08005f34   Section        0  portserial.o(i.xMBPortSerialPutByte)
    i.xMBPortTimersInit                      0x08005f48   Section        0  porttimer.o(i.xMBPortTimersInit)
    i.xMBRTUReceiveFSM                       0x08005fd8   Section        0  mbrtu.o(i.xMBRTUReceiveFSM)
    i.xMBRTUTimerT35Expired                  0x080060ac   Section        0  mbrtu.o(i.xMBRTUTimerT35Expired)
    i.xMBRTUTransmitFSM                      0x08006130   Section        0  mbrtu.o(i.xMBRTUTransmitFSM)
    x$fpl$fpinit                             0x080061ec   Section       14  fpinit.o(x$fpl$fpinit)
    .constdata                               0x080061fa   Section      512  mbcrc.o(.constdata)
    aucCRCHi                                 0x080061fa   Data         256  mbcrc.o(.constdata)
    aucCRCLo                                 0x080062fa   Data         256  mbcrc.o(.constdata)
    .constdata                               0x080063fc   Section       99  mbrtu.o(.constdata)
    .constdata                               0x08006460   Section       68  mbascii.o(.constdata)
    .data                                    0x20000000   Section        4  main.o(.data)
    .data                                    0x20000004   Section       20  stm32f10x_rcc.o(.data)
    APBAHBPrescTable                         0x20000004   Data          16  stm32f10x_rcc.o(.data)
    ADCPrescTable                            0x20000014   Data           4  stm32f10x_rcc.o(.data)
    .data                                    0x20000018   Section       20  system_stm32f10x.o(.data)
    .data                                    0x2000002c   Section       12  mbrtu.o(.data)
    eSndState                                0x2000002c   Data           1  mbrtu.o(.data)
    eRcvState                                0x2000002d   Data           1  mbrtu.o(.data)
    pucSndBufferCur                          0x20000030   Data           4  mbrtu.o(.data)
    usSndBufferCount                         0x20000034   Data           2  mbrtu.o(.data)
    usRcvBufferPos                           0x20000036   Data           2  mbrtu.o(.data)
    .data                                    0x20000038   Section      184  mb.o(.data)
    eMBState                                 0x20000038   Data           1  mb.o(.data)
    xFuncHandlers                            0x2000003c   Data         128  mb.o(.data)
    ucMBFrame                                0x200000bc   Data           4  mb.o(.data)
    ucRcvAddress                             0x200000c0   Data           1  mb.o(.data)
    ucFunctionCode                           0x200000c1   Data           1  mb.o(.data)
    usLength                                 0x200000c2   Data           2  mb.o(.data)
    eException                               0x200000c4   Data           1  mb.o(.data)
    ucMBAddress                              0x200000c5   Data           1  mb.o(.data)
    eMBCurrentMode                           0x200000c6   Data           1  mb.o(.data)
    peMBFrameSendCur                         0x200000c8   Data           4  mb.o(.data)
    pvMBFrameStartCur                        0x200000cc   Data           4  mb.o(.data)
    pvMBFrameStopCur                         0x200000d0   Data           4  mb.o(.data)
    peMBFrameReceiveCur                      0x200000d4   Data           4  mb.o(.data)
    pvMBFrameCloseCur                        0x200000d8   Data           4  mb.o(.data)
    .data                                    0x200000f0   Section        2  mbfuncother.o(.data)
    usMBSlaveIDLen                           0x200000f0   Data           2  mbfuncother.o(.data)
    .data                                    0x200000f4   Section       20  mbascii.o(.data)
    ucASCIIBuf                               0x200000f4   Data           4  mbascii.o(.data)
    eSndState                                0x200000f8   Data           1  mbascii.o(.data)
    eRcvState                                0x200000f9   Data           1  mbascii.o(.data)
    usRcvBufferPos                           0x200000fa   Data           2  mbascii.o(.data)
    eBytePos                                 0x200000fc   Data           1  mbascii.o(.data)
    pucSndBufferCur                          0x20000100   Data           4  mbascii.o(.data)
    usSndBufferCount                         0x20000104   Data           2  mbascii.o(.data)
    ucLRC                                    0x20000106   Data           1  mbascii.o(.data)
    ucMBLFCharacter                          0x20000107   Data           1  mbascii.o(.data)
    .data                                    0x20000108   Section      214  port.o(.data)
    .data                                    0x200001de   Section        2  portevent.o(.data)
    eQueuedEvent                             0x200001de   Data           1  portevent.o(.data)
    xEventInQueue                            0x200001df   Data           1  portevent.o(.data)
    .bss                                     0x200001e0   Section      256  mbrtu.o(.bss)
    .bss                                     0x200002e0   Section       32  mbfuncother.o(.bss)
    ucMBSlaveID                              0x200002e0   Data          32  mbfuncother.o(.bss)
    .bss                                     0x20000300   Section       96  libspace.o(.bss)
    HEAP                                     0x20000360   Section      512  startup_stm32f10x_md.o(HEAP)
    Heap_Mem                                 0x20000360   Data         512  startup_stm32f10x_md.o(HEAP)
    STACK                                    0x20000560   Section     1024  startup_stm32f10x_md.o(STACK)
    Stack_Mem                                0x20000560   Data        1024  startup_stm32f10x_md.o(STACK)
    __initial_sp                             0x20000960   Data           0  startup_stm32f10x_md.o(STACK)

    Global Symbols

    Symbol Name                              Value     Ov Type        Size  Object(Section)

    BuildAttributes$$THM_ISAv4$P$D$K$B$S$PE$A:L22UL41UL21$X:L11$S22US41US21$IEEE1$IW$USESV6$~STKCKD$USESV7$~SHL$OSPACE$ROPI$EBA8$UX$STANDARDLIB$REQ8$PRES8$EABIv2 0x00000000   Number         0  anon$$obj.o ABSOLUTE
    __ARM_use_no_argv                        0x00000000   Number         0  main.o ABSOLUTE
    __ARM_exceptions_init                     - Undefined Weak Reference
    __alloca_initialize                       - Undefined Weak Reference
    __cpp_initialize__aeabi_                  - Undefined Weak Reference
    __cxa_finalize                            - Undefined Weak Reference
    __rt_locale                               - Undefined Weak Reference
    __sigvec_lookup                           - Undefined Weak Reference
    _atexit_init                              - Undefined Weak Reference
    _call_atexit_fns                          - Undefined Weak Reference
    _clock_init                               - Undefined Weak Reference
    _fp_trap_init                             - Undefined Weak Reference
    _fp_trap_shutdown                         - Undefined Weak Reference
    _get_lc_collate                           - Undefined Weak Reference
    _get_lc_ctype                             - Undefined Weak Reference
    _get_lc_monetary                          - Undefined Weak Reference
    _get_lc_numeric                           - Undefined Weak Reference
    _get_lc_time                              - Undefined Weak Reference
    _getenv_init                              - Undefined Weak Reference
    _handle_redirection                       - Undefined Weak Reference
    _init_alloc                               - Undefined Weak Reference
    _init_user_alloc                          - Undefined Weak Reference
    _initio                                   - Undefined Weak Reference
    _rand_init                                - Undefined Weak Reference
    _signal_finish                            - Undefined Weak Reference
    _signal_init                              - Undefined Weak Reference
    _terminate_alloc                          - Undefined Weak Reference
    _terminate_user_alloc                     - Undefined Weak Reference
    _terminateio                              - Undefined Weak Reference
    __Vectors_Size                           0x000000ec   Number         0  startup_stm32f10x_md.o ABSOLUTE
    __Vectors                                0x08004000   Data           4  startup_stm32f10x_md.o(RESET)
    __Vectors_End                            0x080040ec   Data           0  startup_stm32f10x_md.o(RESET)
    __main                                   0x080040ed   Thumb Code     8  __main.o(!!!main)
    __scatterload                            0x080040f5   Thumb Code     0  __scatter.o(!!!scatter)
    __scatterload_rt2                        0x080040f5   Thumb Code    44  __scatter.o(!!!scatter)
    __scatterload_rt2_thumb_only             0x080040f5   Thumb Code     0  __scatter.o(!!!scatter)
    __scatterload_null                       0x08004103   Thumb Code     0  __scatter.o(!!!scatter)
    __decompress                             0x08004129   Thumb Code    90  __dczerorl2.o(!!dczerorl2)
    __decompress1                            0x08004129   Thumb Code     0  __dczerorl2.o(!!dczerorl2)
    __scatterload_zeroinit                   0x08004185   Thumb Code    28  __scatter_zi.o(!!handler_zi)
    __rt_lib_init                            0x080041a1   Thumb Code     0  libinit.o(.ARM.Collect$$libinit$$00000000)
    __rt_lib_init_alloca_1                   0x080041a7   Thumb Code     0  libinit2.o(.ARM.Collect$$libinit$$0000002A)
    __rt_lib_init_argv_1                     0x080041a7   Thumb Code     0  libinit2.o(.ARM.Collect$$libinit$$00000028)
    __rt_lib_init_atexit_1                   0x080041a7   Thumb Code     0  libinit2.o(.ARM.Collect$$libinit$$00000017)
    __rt_lib_init_clock_1                    0x080041a7   Thumb Code     0  libinit2.o(.ARM.Collect$$libinit$$0000001D)
    __rt_lib_init_cpp_1                      0x080041a7   Thumb Code     0  libinit2.o(.ARM.Collect$$libinit$$0000002E)
    __rt_lib_init_exceptions_1               0x080041a7   Thumb Code     0  libinit2.o(.ARM.Collect$$libinit$$0000002C)
    __rt_lib_init_fp_trap_1                  0x080041a7   Thumb Code     0  libinit2.o(.ARM.Collect$$libinit$$0000001B)
    __rt_lib_init_getenv_1                   0x080041a7   Thumb Code     0  libinit2.o(.ARM.Collect$$libinit$$0000001F)
    __rt_lib_init_heap_1                     0x080041a7   Thumb Code     0  libinit2.o(.ARM.Collect$$libinit$$00000006)
    __rt_lib_init_lc_collate_1               0x080041a7   Thumb Code     0  libinit2.o(.ARM.Collect$$libinit$$0000000D)
    __rt_lib_init_lc_ctype_1                 0x080041a7   Thumb Code     0  libinit2.o(.ARM.Collect$$libinit$$0000000F)
    __rt_lib_init_lc_monetary_1              0x080041a7   Thumb Code     0  libinit2.o(.ARM.Collect$$libinit$$00000011)
    __rt_lib_init_lc_numeric_1               0x080041a7   Thumb Code     0  libinit2.o(.ARM.Collect$$libinit$$00000013)
    __rt_lib_init_lc_time_1                  0x080041a7   Thumb Code     0  libinit2.o(.ARM.Collect$$libinit$$00000015)
    __rt_lib_init_rand_1                     0x080041a7   Thumb Code     0  libinit2.o(.ARM.Collect$$libinit$$0000000A)
    __rt_lib_init_return                     0x080041a7   Thumb Code     0  libinit2.o(.ARM.Collect$$libinit$$0000002F)
    __rt_lib_init_signal_1                   0x080041a7   Thumb Code     0  libinit2.o(.ARM.Collect$$libinit$$00000019)
    __rt_lib_init_stdio_1                    0x080041a7   Thumb Code     0  libinit2.o(.ARM.Collect$$libinit$$00000021)
    __rt_lib_init_user_alloc_1               0x080041a7   Thumb Code     0  libinit2.o(.ARM.Collect$$libinit$$00000008)
    __rt_lib_shutdown                        0x080041a9   Thumb Code     0  libshutdown.o(.ARM.Collect$$libshutdown$$00000000)
    __rt_lib_shutdown_fp_trap_1              0x080041ab   Thumb Code     0  libshutdown2.o(.ARM.Collect$$libshutdown$$00000006)
    __rt_lib_shutdown_heap_1                 0x080041ab   Thumb Code     0  libshutdown2.o(.ARM.Collect$$libshutdown$$0000000E)
    __rt_lib_shutdown_return                 0x080041ab   Thumb Code     0  libshutdown2.o(.ARM.Collect$$libshutdown$$0000000F)
    __rt_lib_shutdown_signal_1               0x080041ab   Thumb Code     0  libshutdown2.o(.ARM.Collect$$libshutdown$$00000009)
    __rt_lib_shutdown_stdio_1                0x080041ab   Thumb Code     0  libshutdown2.o(.ARM.Collect$$libshutdown$$00000003)
    __rt_lib_shutdown_user_alloc_1           0x080041ab   Thumb Code     0  libshutdown2.o(.ARM.Collect$$libshutdown$$0000000B)
    __rt_entry                               0x080041ad   Thumb Code     0  rtentry.o(.ARM.Collect$$rtentry$$00000000)
    __rt_entry_presh_1                       0x080041ad   Thumb Code     0  rtentry2.o(.ARM.Collect$$rtentry$$00000002)
    __rt_entry_sh                            0x080041ad   Thumb Code     0  rtentry4.o(.ARM.Collect$$rtentry$$00000004)
    __rt_entry_li                            0x080041b3   Thumb Code     0  rtentry2.o(.ARM.Collect$$rtentry$$0000000A)
    __rt_entry_postsh_1                      0x080041b3   Thumb Code     0  rtentry2.o(.ARM.Collect$$rtentry$$00000009)
    __rt_entry_main                          0x080041b7   Thumb Code     0  rtentry2.o(.ARM.Collect$$rtentry$$0000000D)
    __rt_entry_postli_1                      0x080041b7   Thumb Code     0  rtentry2.o(.ARM.Collect$$rtentry$$0000000C)
    __rt_exit                                0x080041bf   Thumb Code     0  rtexit.o(.ARM.Collect$$rtexit$$00000000)
    __rt_exit_ls                             0x080041c1   Thumb Code     0  rtexit2.o(.ARM.Collect$$rtexit$$00000003)
    __rt_exit_prels_1                        0x080041c1   Thumb Code     0  rtexit2.o(.ARM.Collect$$rtexit$$00000002)
    __rt_exit_exit                           0x080041c5   Thumb Code     0  rtexit2.o(.ARM.Collect$$rtexit$$00000004)
    __get_PSP                                0x080041cd   Thumb Code     6  core_cm3.o(.emb_text)
    __set_PSP                                0x080041d3   Thumb Code     6  core_cm3.o(.emb_text)
    __get_MSP                                0x080041d9   Thumb Code     6  core_cm3.o(.emb_text)
    __set_MSP                                0x080041df   Thumb Code     6  core_cm3.o(.emb_text)
    __REV16                                  0x080041e5   Thumb Code     4  core_cm3.o(.emb_text)
    __REVSH                                  0x080041e9   Thumb Code     4  core_cm3.o(.emb_text)
    Reset_Handler                            0x080041ed   Thumb Code     8  startup_stm32f10x_md.o(.text)
    ADC1_2_IRQHandler                        0x08004207   Thumb Code     0  startup_stm32f10x_md.o(.text)
    CAN1_RX1_IRQHandler                      0x08004207   Thumb Code     0  startup_stm32f10x_md.o(.text)
    CAN1_SCE_IRQHandler                      0x08004207   Thumb Code     0  startup_stm32f10x_md.o(.text)
    DMA1_Channel1_IRQHandler                 0x08004207   Thumb Code     0  startup_stm32f10x_md.o(.text)
    DMA1_Channel2_IRQHandler                 0x08004207   Thumb Code     0  startup_stm32f10x_md.o(.text)
    DMA1_Channel3_IRQHandler                 0x08004207   Thumb Code     0  startup_stm32f10x_md.o(.text)
    DMA1_Channel4_IRQHandler                 0x08004207   Thumb Code     0  startup_stm32f10x_md.o(.text)
    DMA1_Channel5_IRQHandler                 0x08004207   Thumb Code     0  startup_stm32f10x_md.o(.text)
    DMA1_Channel6_IRQHandler                 0x08004207   Thumb Code     0  startup_stm32f10x_md.o(.text)
    DMA1_Channel7_IRQHandler                 0x08004207   Thumb Code     0  startup_stm32f10x_md.o(.text)
    EXTI0_IRQHandler                         0x08004207   Thumb Code     0  startup_stm32f10x_md.o(.text)
    EXTI15_10_IRQHandler                     0x08004207   Thumb Code     0  startup_stm32f10x_md.o(.text)
    EXTI1_IRQHandler                         0x08004207   Thumb Code     0  startup_stm32f10x_md.o(.text)
    EXTI2_IRQHandler                         0x08004207   Thumb Code     0  startup_stm32f10x_md.o(.text)
    EXTI3_IRQHandler                         0x08004207   Thumb Code     0  startup_stm32f10x_md.o(.text)
    EXTI4_IRQHandler                         0x08004207   Thumb Code     0  startup_stm32f10x_md.o(.text)
    EXTI9_5_IRQHandler                       0x08004207   Thumb Code     0  startup_stm32f10x_md.o(.text)
    FLASH_IRQHandler                         0x08004207   Thumb Code     0  startup_stm32f10x_md.o(.text)
    I2C1_ER_IRQHandler                       0x08004207   Thumb Code     0  startup_stm32f10x_md.o(.text)
    I2C1_EV_IRQHandler                       0x08004207   Thumb Code     0  startup_stm32f10x_md.o(.text)
    I2C2_ER_IRQHandler                       0x08004207   Thumb Code     0  startup_stm32f10x_md.o(.text)
    I2C2_EV_IRQHandler                       0x08004207   Thumb Code     0  startup_stm32f10x_md.o(.text)
    PVD_IRQHandler                           0x08004207   Thumb Code     0  startup_stm32f10x_md.o(.text)
    RCC_IRQHandler                           0x08004207   Thumb Code     0  startup_stm32f10x_md.o(.text)
    RTCAlarm_IRQHandler                      0x08004207   Thumb Code     0  startup_stm32f10x_md.o(.text)
    RTC_IRQHandler                           0x08004207   Thumb Code     0  startup_stm32f10x_md.o(.text)
    SPI1_IRQHandler                          0x08004207   Thumb Code     0  startup_stm32f10x_md.o(.text)
    SPI2_IRQHandler                          0x08004207   Thumb Code     0  startup_stm32f10x_md.o(.text)
    TAMPER_IRQHandler                        0x08004207   Thumb Code     0  startup_stm32f10x_md.o(.text)
    TIM1_BRK_IRQHandler                      0x08004207   Thumb Code     0  startup_stm32f10x_md.o(.text)
    TIM1_CC_IRQHandler                       0x08004207   Thumb Code     0  startup_stm32f10x_md.o(.text)
    TIM1_TRG_COM_IRQHandler                  0x08004207   Thumb Code     0  startup_stm32f10x_md.o(.text)
    TIM1_UP_IRQHandler                       0x08004207   Thumb Code     0  startup_stm32f10x_md.o(.text)
    TIM2_IRQHandler                          0x08004207   Thumb Code     0  startup_stm32f10x_md.o(.text)
    TIM3_IRQHandler                          0x08004207   Thumb Code     0  startup_stm32f10x_md.o(.text)
    USART2_IRQHandler                        0x08004207   Thumb Code     0  startup_stm32f10x_md.o(.text)
    USART3_IRQHandler                        0x08004207   Thumb Code     0  startup_stm32f10x_md.o(.text)
    USBWakeUp_IRQHandler                     0x08004207   Thumb Code     0  startup_stm32f10x_md.o(.text)
    USB_HP_CAN1_TX_IRQHandler                0x08004207   Thumb Code     0  startup_stm32f10x_md.o(.text)
    USB_LP_CAN1_RX0_IRQHandler               0x08004207   Thumb Code     0  startup_stm32f10x_md.o(.text)
    WWDG_IRQHandler                          0x08004207   Thumb Code     0  startup_stm32f10x_md.o(.text)
    __user_initial_stackheap                 0x08004209   Thumb Code     0  startup_stm32f10x_md.o(.text)
    __aeabi_assert                           0x0800422d   Thumb Code    84  assert.o(.text)
    __assert                                 0x0800422d   Thumb Code     0  assert.o(.text)
    __aeabi_memcpy                           0x080042a9   Thumb Code     0  rt_memcpy_v6.o(.text)
    __rt_memcpy                              0x080042a9   Thumb Code   138  rt_memcpy_v6.o(.text)
    _memcpy_lastbytes                        0x0800430f   Thumb Code     0  rt_memcpy_v6.o(.text)
    __use_two_region_memory                  0x08004333   Thumb Code     2  heapauxi.o(.text)
    __rt_heap_escrow$2region                 0x08004335   Thumb Code     2  heapauxi.o(.text)
    __rt_heap_expand$2region                 0x08004337   Thumb Code     2  heapauxi.o(.text)
    abort                                    0x08004339   Thumb Code    16  abort.o(.text)
    __assert_puts                            0x08004349   Thumb Code    20  assert_puts.o(.text)
    __aeabi_memcpy4                          0x0800435d   Thumb Code     0  rt_memcpy_w.o(.text)
    __aeabi_memcpy8                          0x0800435d   Thumb Code     0  rt_memcpy_w.o(.text)
    __rt_memcpy_w                            0x0800435d   Thumb Code   100  rt_memcpy_w.o(.text)
    _memcpy_lastbytes_aligned                0x080043a5   Thumb Code     0  rt_memcpy_w.o(.text)
    _ttywrch                                 0x080043c1   Thumb Code    14  sys_wrch.o(.text)
    _sys_exit                                0x080043d1   Thumb Code     8  sys_exit.o(.text)
    __rt_SIGABRT                             0x080043dd   Thumb Code    14  defsig_abrt_outer.o(.text)
    __I$use$semihosting                      0x080043eb   Thumb Code     0  use_no_semi.o(.text)
    __use_no_semihosting_swi                 0x080043eb   Thumb Code     2  use_no_semi.o(.text)
    __semihosting_library_function           0x080043ed   Thumb Code     0  indicate_semi.o(.text)
    __user_setup_stackheap                   0x080043ed   Thumb Code    74  sys_stackheap_outer.o(.text)
    exit                                     0x08004437   Thumb Code    12  exit.o(.text)
    __sig_exit                               0x08004443   Thumb Code    10  defsig_exit.o(.text)
    __rt_SIGABRT_inner                       0x0800444d   Thumb Code    14  defsig_abrt_inner.o(.text)
    __user_libspace                          0x0800447d   Thumb Code     8  libspace.o(.text)
    __user_perproc_libspace                  0x0800447d   Thumb Code     0  libspace.o(.text)
    __user_perthread_libspace                0x0800447d   Thumb Code     0  libspace.o(.text)
    __default_signal_display                 0x08004485   Thumb Code    50  defsig_general.o(.text)
    __rt_fp_status_addr                      0x080044b9   Thumb Code     8  rt_fp_status_addr_intlibspace.o(.text)
    BusFault_Handler                         0x080044c1   Thumb Code     4  stm32f10x_it.o(i.BusFault_Handler)
    DebugMon_Handler                         0x080044c5   Thumb Code     2  stm32f10x_it.o(i.DebugMon_Handler)
    ENTER_CRITICAL_SECTION                   0x080044c7   Thumb Code    10  port.o(i.ENTER_CRITICAL_SECTION)
    EXIT_CRITICAL_SECTION                    0x080044d1   Thumb Code    10  port.o(i.EXIT_CRITICAL_SECTION)
    GPIO_Init                                0x080044db   Thumb Code   274  stm32f10x_gpio.o(i.GPIO_Init)
    HardFault_Handler                        0x080045ed   Thumb Code     4  stm32f10x_it.o(i.HardFault_Handler)
    MemManage_Handler                        0x080045f1   Thumb Code     4  stm32f10x_it.o(i.MemManage_Handler)
    NMI_Handler                              0x080045f5   Thumb Code     2  stm32f10x_it.o(i.NMI_Handler)
    NVIC_Init                                0x080045f9   Thumb Code   102  misc.o(i.NVIC_Init)
    NVIC_PriorityGroupConfig                 0x0800466d   Thumb Code    10  misc.o(i.NVIC_PriorityGroupConfig)
    NVIC_SetVectorTable                      0x08004681   Thumb Code    12  misc.o(i.NVIC_SetVectorTable)
    PendSV_Handler                           0x08004695   Thumb Code     2  stm32f10x_it.o(i.PendSV_Handler)
    RCC_APB1PeriphClockCmd                   0x08004699   Thumb Code    26  stm32f10x_rcc.o(i.RCC_APB1PeriphClockCmd)
    RCC_APB2PeriphClockCmd                   0x080046b9   Thumb Code    26  stm32f10x_rcc.o(i.RCC_APB2PeriphClockCmd)
    RCC_GetClocksFreq                        0x080046d9   Thumb Code   192  stm32f10x_rcc.o(i.RCC_GetClocksFreq)
    SVC_Handler                              0x080047ad   Thumb Code     2  stm32f10x_it.o(i.SVC_Handler)
    SysTick_Handler                          0x08004881   Thumb Code    18  stm32f10x_it.o(i.SysTick_Handler)
    SystemInit                               0x08004899   Thumb Code    78  system_stm32f10x.o(i.SystemInit)
    TIM4_IRQHandler                          0x080048f9   Thumb Code    26  stm32f10x_it.o(i.TIM4_IRQHandler)
    TIM_ARRPreloadConfig                     0x08004919   Thumb Code    24  stm32f10x_tim.o(i.TIM_ARRPreloadConfig)
    TIM_ClearITPendingBit                    0x08004931   Thumb Code     6  stm32f10x_tim.o(i.TIM_ClearITPendingBit)
    TIM_Cmd                                  0x08004937   Thumb Code    24  stm32f10x_tim.o(i.TIM_Cmd)
    TIM_GetITStatus                          0x0800494f   Thumb Code    34  stm32f10x_tim.o(i.TIM_GetITStatus)
    TIM_ITConfig                             0x08004971   Thumb Code    24  stm32f10x_tim.o(i.TIM_ITConfig)
    TIM_SetCounter                           0x08004989   Thumb Code     4  stm32f10x_tim.o(i.TIM_SetCounter)
    TIM_TimeBaseInit                         0x0800498d   Thumb Code   122  stm32f10x_tim.o(i.TIM_TimeBaseInit)
    USART1_IRQHandler                        0x08004a31   Thumb Code    86  stm32f10x_it.o(i.USART1_IRQHandler)
    USART_ClearFlag                          0x08004a8d   Thumb Code    18  stm32f10x_usart.o(i.USART_ClearFlag)
    USART_ClearITPendingBit                  0x08004a9f   Thumb Code    30  stm32f10x_usart.o(i.USART_ClearITPendingBit)
    USART_ClockInit                          0x08004abd   Thumb Code    34  stm32f10x_usart.o(i.USART_ClockInit)
    USART_Cmd                                0x08004adf   Thumb Code    24  stm32f10x_usart.o(i.USART_Cmd)
    USART_GetFlagStatus                      0x08004af7   Thumb Code    26  stm32f10x_usart.o(i.USART_GetFlagStatus)
    USART_GetITStatus                        0x08004b11   Thumb Code    84  stm32f10x_usart.o(i.USART_GetITStatus)
    USART_ITConfig                           0x08004b65   Thumb Code    74  stm32f10x_usart.o(i.USART_ITConfig)
    USART_Init                               0x08004bb1   Thumb Code   210  stm32f10x_usart.o(i.USART_Init)
    USART_ReceiveData                        0x08004c89   Thumb Code    10  stm32f10x_usart.o(i.USART_ReceiveData)
    USART_SendData                           0x08004c93   Thumb Code     8  stm32f10x_usart.o(i.USART_SendData)
    UsageFault_Handler                       0x08004c9b   Thumb Code     4  stm32f10x_it.o(i.UsageFault_Handler)
    eMBASCIIInit                             0x08004ca1   Thumb Code    68  mbascii.o(i.eMBASCIIInit)
    eMBASCIIReceive                          0x08004ce9   Thumb Code    96  mbascii.o(i.eMBASCIIReceive)
    eMBASCIISend                             0x08004d99   Thumb Code   110  mbascii.o(i.eMBASCIISend)
    eMBASCIIStart                            0x08004e1d   Thumb Code    32  mbascii.o(i.eMBASCIIStart)
    eMBASCIIStop                             0x08004e41   Thumb Code    24  mbascii.o(i.eMBASCIIStop)
    eMBEnable                                0x08004e59   Thumb Code    32  mb.o(i.eMBEnable)
    eMBFuncReadCoils                         0x08004e81   Thumb Code   174  mbfunccoils.o(i.eMBFuncReadCoils)
    eMBFuncReadDiscreteInputs                0x08004f2f   Thumb Code   172  mbfuncdisc.o(i.eMBFuncReadDiscreteInputs)
    eMBFuncReadHoldingRegister               0x08004fdb   Thumb Code   140  mbfuncholding.o(i.eMBFuncReadHoldingRegister)
    eMBFuncReadInputRegister                 0x08005067   Thumb Code   140  mbfuncinput.o(i.eMBFuncReadInputRegister)
    eMBFuncReadWriteMultipleHoldingRegister  0x080050f3   Thumb Code   212  mbfuncholding.o(i.eMBFuncReadWriteMultipleHoldingRegister)
    eMBFuncReportSlaveID                     0x080051c9   Thumb Code    30  mbfuncother.o(i.eMBFuncReportSlaveID)
    eMBFuncWriteCoil                         0x080051f1   Thumb Code   112  mbfunccoils.o(i.eMBFuncWriteCoil)
    eMBFuncWriteHoldingRegister              0x08005261   Thumb Code    66  mbfuncholding.o(i.eMBFuncWriteHoldingRegister)
    eMBFuncWriteMultipleCoils                0x080052a3   Thumb Code   144  mbfunccoils.o(i.eMBFuncWriteMultipleCoils)
    eMBFuncWriteMultipleHoldingRegister      0x08005333   Thumb Code   110  mbfuncholding.o(i.eMBFuncWriteMultipleHoldingRegister)
    eMBInit                                  0x080053a1   Thumb Code   222  mb.o(i.eMBInit)
    eMBPoll                                  0x080054e5   Thumb Code   268  mb.o(i.eMBPoll)
    eMBRTUInit                               0x0800561d   Thumb Code    84  mbrtu.o(i.eMBRTUInit)
    eMBRTUReceive                            0x08005675   Thumb Code    98  mbrtu.o(i.eMBRTUReceive)
    eMBRTUSend                               0x08005725   Thumb Code   124  mbrtu.o(i.eMBRTUSend)
    eMBRTUStart                              0x080057b5   Thumb Code    30  mbrtu.o(i.eMBRTUStart)
    eMBRTUStop                               0x080057d9   Thumb Code    24  mbrtu.o(i.eMBRTUStop)
    eMBRegCoilsCB                            0x080057f1   Thumb Code     8  port.o(i.eMBRegCoilsCB)
    eMBRegDiscreteCB                         0x080057f9   Thumb Code     6  port.o(i.eMBRegDiscreteCB)
    eMBRegHoldingCB                          0x08005801   Thumb Code   140  port.o(i.eMBRegHoldingCB)
    eMBRegInputCB                            0x0800589d   Thumb Code    76  port.o(i.eMBRegInputCB)
    main                                     0x080058f9   Thumb Code    40  main.o(i.main)
    prveMBError2Exception                    0x08005921   Thumb Code    34  mbutils.o(i.prveMBError2Exception)
    prvvTIMERExpiredISR                      0x080059dd   Thumb Code    10  porttimer.o(i.prvvTIMERExpiredISR)
    prvvUARTRxISR                            0x080059ed   Thumb Code    10  portserial.o(i.prvvUARTRxISR)
    prvvUARTTxReadyISR                       0x080059fd   Thumb Code    10  portserial.o(i.prvvUARTTxReadyISR)
    usMBCRC16                                0x08005a0d   Thumb Code    48  mbcrc.o(i.usMBCRC16)
    vMBPortSerialEnable                      0x08005a45   Thumb Code    68  portserial.o(i.vMBPortSerialEnable)
    vMBPortTimersDisable                     0x08005a8d   Thumb Code    38  porttimer.o(i.vMBPortTimersDisable)
    vMBPortTimersEnable                      0x08005ab9   Thumb Code    38  porttimer.o(i.vMBPortTimersEnable)
    xMBASCIIReceiveFSM                       0x08005ae5   Thumb Code   296  mbascii.o(i.xMBASCIIReceiveFSM)
    xMBASCIITimerT1SExpired                  0x08005c61   Thumb Code    68  mbascii.o(i.xMBASCIITimerT1SExpired)
    xMBASCIITransmitFSM                      0x08005ccd   Thumb Code   240  mbascii.o(i.xMBASCIITransmitFSM)
    xMBPortEventGet                          0x08005e11   Thumb Code    26  portevent.o(i.xMBPortEventGet)
    xMBPortEventInit                         0x08005e35   Thumb Code    10  portevent.o(i.xMBPortEventInit)
    xMBPortEventPost                         0x08005e45   Thumb Code    16  portevent.o(i.xMBPortEventPost)
    xMBPortSerialGetByte                     0x08005e5d   Thumb Code    16  portserial.o(i.xMBPortSerialGetByte)
    xMBPortSerialInit                        0x08005e71   Thumb Code   188  portserial.o(i.xMBPortSerialInit)
    xMBPortSerialPutByte                     0x08005f35   Thumb Code    16  portserial.o(i.xMBPortSerialPutByte)
    xMBPortTimersInit                        0x08005f49   Thumb Code   134  porttimer.o(i.xMBPortTimersInit)
    xMBRTUReceiveFSM                         0x08005fd9   Thumb Code   140  mbrtu.o(i.xMBRTUReceiveFSM)
    xMBRTUTimerT35Expired                    0x080060ad   Thumb Code    96  mbrtu.o(i.xMBRTUTimerT35Expired)
    xMBRTUTransmitFSM                        0x08006131   Thumb Code   116  mbrtu.o(i.xMBRTUTransmitFSM)
    _fp_init                                 0x080061ed   Thumb Code    14  fpinit.o(x$fpl$fpinit)
    __fplib_config_pureend_doubles           0x080061f9   Thumb Code     0  fpinit.o(x$fpl$fpinit)
    Region$$Table$$Base                      0x080064a4   Number         0  anon$$obj.o(Region$$Table)
    Region$$Table$$Limit                     0x080064c4   Number         0  anon$$obj.o(Region$$Table)
    Timer1                                   0x20000000   Data           4  main.o(.data)
    SystemCoreClock                          0x20000018   Data           4  system_stm32f10x.o(.data)
    AHBPrescTable                            0x2000001c   Data          16  system_stm32f10x.o(.data)
    pxMBFrameCBByteReceived                  0x200000dc   Data           4  mb.o(.data)
    pxMBFrameCBTransmitterEmpty              0x200000e0   Data           4  mb.o(.data)
    pxMBPortCBTimerExpired                   0x200000e4   Data           4  mb.o(.data)
    pxMBFrameCBReceiveFSMCur                 0x200000e8   Data           4  mb.o(.data)
    pxMBFrameCBTransmitFSMCur                0x200000ec   Data           4  mb.o(.data)
    usRegInputBuf                            0x20000108   Data         202  port.o(.data)
    usRegHoldingBuf                          0x200001d4   Data           4  port.o(.data)
    REG_INPUT_START                          0x200001d8   Data           1  port.o(.data)
    REG_HOLDING_START                        0x200001d9   Data           1  port.o(.data)
    REG_INPUT_NREGS                          0x200001da   Data           1  port.o(.data)
    REG_HOLDING_NREGS                        0x200001db   Data           1  port.o(.data)
    usRegInputStart                          0x200001dc   Data           1  port.o(.data)
    usRegHoldingStart                        0x200001dd   Data           1  port.o(.data)
    ucRTUBuf                                 0x200001e0   Data         256  mbrtu.o(.bss)
    __libspace_start                         0x20000300   Data          96  libspace.o(.bss)
    __temporary_stack_top$libspace           0x20000360   Data           0  libspace.o(.bss)



==============================================================================

Memory Map of the image

  Image Entry point : 0x080040ed

  Load Region LR_IROM1 (Base: 0x08004000, Size: 0x000026a4, Max: 0x0000c000, ABSOLUTE, COMPRESSED[0x000025ec])

    Execution Region ER_IROM1 (Base: 0x08004000, Size: 0x000024c4, Max: 0x0000c000, ABSOLUTE)

    Base Addr    Size         Type   Attr      Idx    E Section Name        Object

    0x08004000   0x000000ec   Data   RO         3183    RESET               startup_stm32f10x_md.o
    0x080040ec   0x00000008   Code   RO         3703  * !!!main             c_w.l(__main.o)
    0x080040f4   0x00000034   Code   RO         3872    !!!scatter          c_w.l(__scatter.o)
    0x08004128   0x0000005a   Code   RO         3870    !!dczerorl2         c_w.l(__dczerorl2.o)
    0x08004182   0x00000002   PAD
    0x08004184   0x0000001c   Code   RO         3874    !!handler_zi        c_w.l(__scatter_zi.o)
    0x080041a0   0x00000006   Code   RO         3753    .ARM.Collect$$libinit$$00000000  c_w.l(libinit.o)
    0x080041a6   0x00000000   Code   RO         3765    .ARM.Collect$$libinit$$00000006  c_w.l(libinit2.o)
    0x080041a6   0x00000000   Code   RO         3767    .ARM.Collect$$libinit$$00000008  c_w.l(libinit2.o)
    0x080041a6   0x00000000   Code   RO         3769    .ARM.Collect$$libinit$$0000000A  c_w.l(libinit2.o)
    0x080041a6   0x00000000   Code   RO         3772    .ARM.Collect$$libinit$$0000000D  c_w.l(libinit2.o)
    0x080041a6   0x00000000   Code   RO         3774    .ARM.Collect$$libinit$$0000000F  c_w.l(libinit2.o)
    0x080041a6   0x00000000   Code   RO         3776    .ARM.Collect$$libinit$$00000011  c_w.l(libinit2.o)
    0x080041a6   0x00000000   Code   RO         3778    .ARM.Collect$$libinit$$00000013  c_w.l(libinit2.o)
    0x080041a6   0x00000000   Code   RO         3780    .ARM.Collect$$libinit$$00000015  c_w.l(libinit2.o)
    0x080041a6   0x00000000   Code   RO         3782    .ARM.Collect$$libinit$$00000017  c_w.l(libinit2.o)
    0x080041a6   0x00000000   Code   RO         3784    .ARM.Collect$$libinit$$00000019  c_w.l(libinit2.o)
    0x080041a6   0x00000000   Code   RO         3786    .ARM.Collect$$libinit$$0000001B  c_w.l(libinit2.o)
    0x080041a6   0x00000000   Code   RO         3788    .ARM.Collect$$libinit$$0000001D  c_w.l(libinit2.o)
    0x080041a6   0x00000000   Code   RO         3790    .ARM.Collect$$libinit$$0000001F  c_w.l(libinit2.o)
    0x080041a6   0x00000000   Code   RO         3792    .ARM.Collect$$libinit$$00000021  c_w.l(libinit2.o)
    0x080041a6   0x00000000   Code   RO         3796    .ARM.Collect$$libinit$$00000028  c_w.l(libinit2.o)
    0x080041a6   0x00000000   Code   RO         3798    .ARM.Collect$$libinit$$0000002A  c_w.l(libinit2.o)
    0x080041a6   0x00000000   Code   RO         3800    .ARM.Collect$$libinit$$0000002C  c_w.l(libinit2.o)
    0x080041a6   0x00000000   Code   RO         3802    .ARM.Collect$$libinit$$0000002E  c_w.l(libinit2.o)
    0x080041a6   0x00000002   Code   RO         3803    .ARM.Collect$$libinit$$0000002F  c_w.l(libinit2.o)
    0x080041a8   0x00000002   Code   RO         3844    .ARM.Collect$$libshutdown$$00000000  c_w.l(libshutdown.o)
    0x080041aa   0x00000000   Code   RO         3855    .ARM.Collect$$libshutdown$$00000003  c_w.l(libshutdown2.o)
    0x080041aa   0x00000000   Code   RO         3858    .ARM.Collect$$libshutdown$$00000006  c_w.l(libshutdown2.o)
    0x080041aa   0x00000000   Code   RO         3861    .ARM.Collect$$libshutdown$$00000009  c_w.l(libshutdown2.o)
    0x080041aa   0x00000000   Code   RO         3863    .ARM.Collect$$libshutdown$$0000000B  c_w.l(libshutdown2.o)
    0x080041aa   0x00000000   Code   RO         3866    .ARM.Collect$$libshutdown$$0000000E  c_w.l(libshutdown2.o)
    0x080041aa   0x00000002   Code   RO         3867    .ARM.Collect$$libshutdown$$0000000F  c_w.l(libshutdown2.o)
    0x080041ac   0x00000000   Code   RO         3705    .ARM.Collect$$rtentry$$00000000  c_w.l(rtentry.o)
    0x080041ac   0x00000000   Code   RO         3717    .ARM.Collect$$rtentry$$00000002  c_w.l(rtentry2.o)
    0x080041ac   0x00000006   Code   RO         3729    .ARM.Collect$$rtentry$$00000004  c_w.l(rtentry4.o)
    0x080041b2   0x00000000   Code   RO         3719    .ARM.Collect$$rtentry$$00000009  c_w.l(rtentry2.o)
    0x080041b2   0x00000004   Code   RO         3720    .ARM.Collect$$rtentry$$0000000A  c_w.l(rtentry2.o)
    0x080041b6   0x00000000   Code   RO         3722    .ARM.Collect$$rtentry$$0000000C  c_w.l(rtentry2.o)
    0x080041b6   0x00000008   Code   RO         3723    .ARM.Collect$$rtentry$$0000000D  c_w.l(rtentry2.o)
    0x080041be   0x00000002   Code   RO         3757    .ARM.Collect$$rtexit$$00000000  c_w.l(rtexit.o)
    0x080041c0   0x00000000   Code   RO         3807    .ARM.Collect$$rtexit$$00000002  c_w.l(rtexit2.o)
    0x080041c0   0x00000004   Code   RO         3808    .ARM.Collect$$rtexit$$00000003  c_w.l(rtexit2.o)
    0x080041c4   0x00000006   Code   RO         3809    .ARM.Collect$$rtexit$$00000004  c_w.l(rtexit2.o)
    0x080041ca   0x00000002   PAD
    0x080041cc   0x00000020   Code   RO         3136    .emb_text           core_cm3.o
    0x080041ec   0x00000040   Code   RO         3184    .text               startup_stm32f10x_md.o
    0x0800422c   0x0000007c   Code   RO         3697    .text               c_w.l(assert.o)
    0x080042a8   0x0000008a   Code   RO         3699    .text               c_w.l(rt_memcpy_v6.o)
    0x08004332   0x00000006   Code   RO         3701    .text               c_w.l(heapauxi.o)
    0x08004338   0x00000010   Code   RO         3706    .text               c_w.l(abort.o)
    0x08004348   0x00000014   Code   RO         3708    .text               c_w.l(assert_puts.o)
    0x0800435c   0x00000064   Code   RO         3710    .text               c_w.l(rt_memcpy_w.o)
    0x080043c0   0x0000000e   Code   RO         3712    .text               c_w.l(sys_wrch.o)
    0x080043ce   0x00000002   PAD
    0x080043d0   0x0000000c   Code   RO         3714    .text               c_w.l(sys_exit.o)
    0x080043dc   0x0000000e   Code   RO         3731    .text               c_w.l(defsig_abrt_outer.o)
    0x080043ea   0x00000002   Code   RO         3735    .text               c_w.l(use_no_semi.o)
    0x080043ec   0x00000000   Code   RO         3737    .text               c_w.l(indicate_semi.o)
    0x080043ec   0x0000004a   Code   RO         3738    .text               c_w.l(sys_stackheap_outer.o)
    0x08004436   0x0000000c   Code   RO         3742    .text               c_w.l(exit.o)
    0x08004442   0x0000000a   Code   RO         3744    .text               c_w.l(defsig_exit.o)
    0x0800444c   0x00000030   Code   RO         3746    .text               c_w.l(defsig_abrt_inner.o)
    0x0800447c   0x00000008   Code   RO         3754    .text               c_w.l(libspace.o)
    0x08004484   0x00000032   Code   RO         3761    .text               c_w.l(defsig_general.o)
    0x080044b6   0x00000002   PAD
    0x080044b8   0x00000008   Code   RO         3816    .text               c_w.l(rt_fp_status_addr_intlibspace.o)
    0x080044c0   0x00000004   Code   RO           75    i.BusFault_Handler  stm32f10x_it.o
    0x080044c4   0x00000002   Code   RO           76    i.DebugMon_Handler  stm32f10x_it.o
    0x080044c6   0x0000000a   Code   RO         3535    i.ENTER_CRITICAL_SECTION  port.o
    0x080044d0   0x0000000a   Code   RO         3536    i.EXIT_CRITICAL_SECTION  port.o
    0x080044da   0x00000112   Code   RO          370    i.GPIO_Init         stm32f10x_gpio.o
    0x080045ec   0x00000004   Code   RO           77    i.HardFault_Handler  stm32f10x_it.o
    0x080045f0   0x00000004   Code   RO           78    i.MemManage_Handler  stm32f10x_it.o
    0x080045f4   0x00000002   Code   RO           79    i.NMI_Handler       stm32f10x_it.o
    0x080045f6   0x00000002   PAD
    0x080045f8   0x00000074   Code   RO          151    i.NVIC_Init         misc.o
    0x0800466c   0x00000014   Code   RO          152    i.NVIC_PriorityGroupConfig  misc.o
    0x08004680   0x00000014   Code   RO          153    i.NVIC_SetVectorTable  misc.o
    0x08004694   0x00000002   Code   RO           80    i.PendSV_Handler    stm32f10x_it.o
    0x08004696   0x00000002   PAD
    0x08004698   0x00000020   Code   RO          480    i.RCC_APB1PeriphClockCmd  stm32f10x_rcc.o
    0x080046b8   0x00000020   Code   RO          482    i.RCC_APB2PeriphClockCmd  stm32f10x_rcc.o
    0x080046d8   0x000000d4   Code   RO          490    i.RCC_GetClocksFreq  stm32f10x_rcc.o
    0x080047ac   0x00000002   Code   RO           81    i.SVC_Handler       stm32f10x_it.o
    0x080047ae   0x00000008   Code   RO         3147    i.SetSysClock       system_stm32f10x.o
    0x080047b6   0x00000002   PAD
    0x080047b8   0x000000c8   Code   RO         3148    i.SetSysClockTo72   system_stm32f10x.o
    0x08004880   0x00000018   Code   RO           82    i.SysTick_Handler   stm32f10x_it.o
    0x08004898   0x00000060   Code   RO         3150    i.SystemInit        system_stm32f10x.o
    0x080048f8   0x00000020   Code   RO           83    i.TIM4_IRQHandler   stm32f10x_it.o
    0x08004918   0x00000018   Code   RO         2355    i.TIM_ARRPreloadConfig  stm32f10x_tim.o
    0x08004930   0x00000006   Code   RO         2362    i.TIM_ClearITPendingBit  stm32f10x_tim.o
    0x08004936   0x00000018   Code   RO         2367    i.TIM_Cmd           stm32f10x_tim.o
    0x0800494e   0x00000022   Code   RO         2388    i.TIM_GetITStatus   stm32f10x_tim.o
    0x08004970   0x00000018   Code   RO         2392    i.TIM_ITConfig      stm32f10x_tim.o
    0x08004988   0x00000004   Code   RO         2432    i.TIM_SetCounter    stm32f10x_tim.o
    0x0800498c   0x000000a4   Code   RO         2438    i.TIM_TimeBaseInit  stm32f10x_tim.o
    0x08004a30   0x0000005c   Code   RO           84    i.USART1_IRQHandler  stm32f10x_it.o
    0x08004a8c   0x00000012   Code   RO         2899    i.USART_ClearFlag   stm32f10x_usart.o
    0x08004a9e   0x0000001e   Code   RO         2900    i.USART_ClearITPendingBit  stm32f10x_usart.o
    0x08004abc   0x00000022   Code   RO         2901    i.USART_ClockInit   stm32f10x_usart.o
    0x08004ade   0x00000018   Code   RO         2903    i.USART_Cmd         stm32f10x_usart.o
    0x08004af6   0x0000001a   Code   RO         2906    i.USART_GetFlagStatus  stm32f10x_usart.o
    0x08004b10   0x00000054   Code   RO         2907    i.USART_GetITStatus  stm32f10x_usart.o
    0x08004b64   0x0000004a   Code   RO         2909    i.USART_ITConfig    stm32f10x_usart.o
    0x08004bae   0x00000002   PAD
    0x08004bb0   0x000000d8   Code   RO         2910    i.USART_Init        stm32f10x_usart.o
    0x08004c88   0x0000000a   Code   RO         2917    i.USART_ReceiveData  stm32f10x_usart.o
    0x08004c92   0x00000008   Code   RO         2920    i.USART_SendData    stm32f10x_usart.o
    0x08004c9a   0x00000004   Code   RO           85    i.UsageFault_Handler  stm32f10x_it.o
    0x08004c9e   0x00000002   PAD
    0x08004ca0   0x00000048   Code   RO         3462    i.eMBASCIIInit      mbascii.o
    0x08004ce8   0x000000b0   Code   RO         3463    i.eMBASCIIReceive   mbascii.o
    0x08004d98   0x00000084   Code   RO         3464    i.eMBASCIISend      mbascii.o
    0x08004e1c   0x00000024   Code   RO         3465    i.eMBASCIIStart     mbascii.o
    0x08004e40   0x00000018   Code   RO         3466    i.eMBASCIIStop      mbascii.o
    0x08004e58   0x00000028   Code   RO         3281    i.eMBEnable         mb.o
    0x08004e80   0x000000ae   Code   RO         3336    i.eMBFuncReadCoils  mbfunccoils.o
    0x08004f2e   0x000000ac   Code   RO         3363    i.eMBFuncReadDiscreteInputs  mbfuncdisc.o
    0x08004fda   0x0000008c   Code   RO         3375    i.eMBFuncReadHoldingRegister  mbfuncholding.o
    0x08005066   0x0000008c   Code   RO         3405    i.eMBFuncReadInputRegister  mbfuncinput.o
    0x080050f2   0x000000d4   Code   RO         3376    i.eMBFuncReadWriteMultipleHoldingRegister  mbfuncholding.o
    0x080051c6   0x00000002   PAD
    0x080051c8   0x00000028   Code   RO         3417    i.eMBFuncReportSlaveID  mbfuncother.o
    0x080051f0   0x00000070   Code   RO         3337    i.eMBFuncWriteCoil  mbfunccoils.o
    0x08005260   0x00000042   Code   RO         3377    i.eMBFuncWriteHoldingRegister  mbfuncholding.o
    0x080052a2   0x00000090   Code   RO         3338    i.eMBFuncWriteMultipleCoils  mbfunccoils.o
    0x08005332   0x0000006e   Code   RO         3378    i.eMBFuncWriteMultipleHoldingRegister  mbfuncholding.o
    0x080053a0   0x00000144   Code   RO         3282    i.eMBInit           mb.o
    0x080054e4   0x00000138   Code   RO         3283    i.eMBPoll           mb.o
    0x0800561c   0x00000058   Code   RO         3202    i.eMBRTUInit        mbrtu.o
    0x08005674   0x000000b0   Code   RO         3203    i.eMBRTUReceive     mbrtu.o
    0x08005724   0x00000090   Code   RO         3204    i.eMBRTUSend        mbrtu.o
    0x080057b4   0x00000024   Code   RO         3205    i.eMBRTUStart       mbrtu.o
    0x080057d8   0x00000018   Code   RO         3206    i.eMBRTUStop        mbrtu.o
    0x080057f0   0x00000008   Code   RO         3537    i.eMBRegCoilsCB     port.o
    0x080057f8   0x00000006   Code   RO         3538    i.eMBRegDiscreteCB  port.o
    0x080057fe   0x00000002   PAD
    0x08005800   0x0000009c   Code   RO         3539    i.eMBRegHoldingCB   port.o
    0x0800589c   0x0000005c   Code   RO         3540    i.eMBRegInputCB     port.o
    0x080058f8   0x00000028   Code   RO            2    i.main              main.o
    0x08005920   0x00000022   Code   RO         3438    i.prveMBError2Exception  mbutils.o
    0x08005942   0x00000002   PAD
    0x08005944   0x00000050   Code   RO         3467    i.prvucMBBIN2CHAR   mbascii.o
    0x08005994   0x00000026   Code   RO         3468    i.prvucMBCHAR2BIN   mbascii.o
    0x080059ba   0x00000020   Code   RO         3469    i.prvucMBLRC        mbascii.o
    0x080059da   0x00000002   PAD
    0x080059dc   0x00000010   Code   RO         3665    i.prvvTIMERExpiredISR  porttimer.o
    0x080059ec   0x00000010   Code   RO         3610    i.prvvUARTRxISR     portserial.o
    0x080059fc   0x00000010   Code   RO         3611    i.prvvUARTTxReadyISR  portserial.o
    0x08005a0c   0x00000038   Code   RO         3188    i.usMBCRC16         mbcrc.o
    0x08005a44   0x00000048   Code   RO         3612    i.vMBPortSerialEnable  portserial.o
    0x08005a8c   0x0000002c   Code   RO         3666    i.vMBPortTimersDisable  porttimer.o
    0x08005ab8   0x0000002c   Code   RO         3667    i.vMBPortTimersEnable  porttimer.o
    0x08005ae4   0x0000017c   Code   RO         3470    i.xMBASCIIReceiveFSM  mbascii.o
    0x08005c60   0x0000006c   Code   RO         3471    i.xMBASCIITimerT1SExpired  mbascii.o
    0x08005ccc   0x00000144   Code   RO         3472    i.xMBASCIITransmitFSM  mbascii.o
    0x08005e10   0x00000024   Code   RO         3584    i.xMBPortEventGet   portevent.o
    0x08005e34   0x00000010   Code   RO         3585    i.xMBPortEventInit  portevent.o
    0x08005e44   0x00000018   Code   RO         3586    i.xMBPortEventPost  portevent.o
    0x08005e5c   0x00000014   Code   RO         3613    i.xMBPortSerialGetByte  portserial.o
    0x08005e70   0x000000c4   Code   RO         3614    i.xMBPortSerialInit  portserial.o
    0x08005f34   0x00000014   Code   RO         3615    i.xMBPortSerialPutByte  portserial.o
    0x08005f48   0x00000090   Code   RO         3668    i.xMBPortTimersInit  porttimer.o
    0x08005fd8   0x000000d4   Code   RO         3207    i.xMBRTUReceiveFSM  mbrtu.o
    0x080060ac   0x00000084   Code   RO         3208    i.xMBRTUTimerT35Expired  mbrtu.o
    0x08006130   0x000000bc   Code   RO         3209    i.xMBRTUTransmitFSM  mbrtu.o
    0x080061ec   0x0000000e   Code   RO         3804    x$fpl$fpinit        fz_ws.l(fpinit.o)
    0x080061fa   0x00000200   Data   RO         3189    .constdata          mbcrc.o
    0x080063fa   0x00000002   PAD
    0x080063fc   0x00000063   Data   RO         3211    .constdata          mbrtu.o
    0x0800645f   0x00000001   PAD
    0x08006460   0x00000044   Data   RO         3473    .constdata          mbascii.o
    0x080064a4   0x00000020   Data   RO         3868    Region$$Table       anon$$obj.o


    Execution Region RW_IRAM1 (Base: 0x20000000, Size: 0x00000960, Max: 0x00005000, ABSOLUTE, COMPRESSED[0x00000128])

    Base Addr    Size         Type   Attr      Idx    E Section Name        Object

    0x20000000   0x00000004   Data   RW            3    .data               main.o
    0x20000004   0x00000014   Data   RW          510    .data               stm32f10x_rcc.o
    0x20000018   0x00000014   Data   RW         3151    .data               system_stm32f10x.o
    0x2000002c   0x0000000c   Data   RW         3212    .data               mbrtu.o
    0x20000038   0x000000b8   Data   RW         3285    .data               mb.o
    0x200000f0   0x00000002   Data   RW         3420    .data               mbfuncother.o
    0x200000f2   0x00000002   PAD
    0x200000f4   0x00000014   Data   RW         3474    .data               mbascii.o
    0x20000108   0x000000d6   Data   RW         3541    .data               port.o
    0x200001de   0x00000002   Data   RW         3587    .data               portevent.o
    0x200001e0   0x00000100   Zero   RW         3210    .bss                mbrtu.o
    0x200002e0   0x00000020   Zero   RW         3419    .bss                mbfuncother.o
    0x20000300   0x00000060   Zero   RW         3755    .bss                c_w.l(libspace.o)
    0x20000360   0x00000200   Zero   RW         3182    HEAP                startup_stm32f10x_md.o
    0x20000560   0x00000400   Zero   RW         3181    STACK               startup_stm32f10x_md.o


==============================================================================

Image component sizes


      Code (inc. data)   RO Data    RW Data    ZI Data      Debug   Object Name

        32          0          0          0          0        560   core_cm3.o
        40          0          0          4          0     253729   main.o
       676        154          0        184          0       3784   mb.o
      1402        360         68         20          0       7547   mbascii.o
        56          8        512          0          0       1044   mbcrc.o
       430          0          0          0          0       3518   mbfunccoils.o
       172          0          0          0          0       1464   mbfuncdisc.o
       528          0          0          0          0       4695   mbfuncholding.o
       140          0          0          0          0       1415   mbfuncinput.o
        40         10          0          2         32       1183   mbfuncother.o
      1000        288         99         12        256       6107   mbrtu.o
        34          0          0          0          0        520   mbutils.o
       156         32          0          0          0       2013   misc.o
       282         32          0        214          0      19491   port.o
        76         24          0          2          0       1844   portevent.o
       340         32          0          0          0       4846   portserial.o
       248         28          0          0          0       1971   porttimer.o
        64         26        236          0       1536        844   startup_stm32f10x_md.o
       274          0          0          0          0       1944   stm32f10x_gpio.o
       172         18          0          0          0       4176   stm32f10x_it.o
       276         32          0         20          0       4330   stm32f10x_rcc.o
       280         42          0          0          0       4538   stm32f10x_tim.o
       524          6          0          0          0       7807   stm32f10x_usart.o
       304         26          0         20          0       1905   system_stm32f10x.o

    ----------------------------------------------------------------------
      7564       1118        950        480       1824     341275   Object Totals
         0          0         32          0          0          0   (incl. Generated)
        18          0          3          2          0          0   (incl. Padding)

    ----------------------------------------------------------------------

      Code (inc. data)   RO Data    RW Data    ZI Data      Debug   Library Member Name

        90          0          0          0          0          0   __dczerorl2.o
         8          0          0          0          0         68   __main.o
        52          8          0          0          0          0   __scatter.o
        28          0          0          0          0          0   __scatter_zi.o
        16          0          0          0          0         72   abort.o
       124         40          0          0          0         76   assert.o
        20          0          0          0          0         76   assert_puts.o
        48         34          0          0          0         76   defsig_abrt_inner.o
        14          0          0          0          0         80   defsig_abrt_outer.o
        10          0          0          0          0         68   defsig_exit.o
        50          0          0          0          0         88   defsig_general.o
        12          0          0          0          0         72   exit.o
         6          0          0          0          0        152   heapauxi.o
         0          0          0          0          0          0   indicate_semi.o
         6          0          0          0          0          0   libinit.o
         2          0          0          0          0          0   libinit2.o
         2          0          0          0          0          0   libshutdown.o
         2          0          0          0          0          0   libshutdown2.o
         8          4          0          0         96         68   libspace.o
         8          4          0          0          0         68   rt_fp_status_addr_intlibspace.o
       138          0          0          0          0         68   rt_memcpy_v6.o
       100          0          0          0          0         80   rt_memcpy_w.o
         0          0          0          0          0          0   rtentry.o
        12          0          0          0          0          0   rtentry2.o
         6          0          0          0          0          0   rtentry4.o
         2          0          0          0          0          0   rtexit.o
        10          0          0          0          0          0   rtexit2.o
        12          4          0          0          0         68   sys_exit.o
        74          0          0          0          0         80   sys_stackheap_outer.o
        14          0          0          0          0         76   sys_wrch.o
         2          0          0          0          0         68   use_no_semi.o
        14          0          0          0          0         76   fpinit.o

    ----------------------------------------------------------------------
       898         94          0          0         96       1480   Library Totals
         8          0          0          0          0          0   (incl. Padding)

    ----------------------------------------------------------------------

      Code (inc. data)   RO Data    RW Data    ZI Data      Debug   Library Name

       876         94          0          0         96       1404   c_w.l
        14          0          0          0          0         76   fz_ws.l

    ----------------------------------------------------------------------
       898         94          0          0         96       1480   Library Totals

    ----------------------------------------------------------------------

==============================================================================


      Code (inc. data)   RO Data    RW Data    ZI Data      Debug   

      8462       1212        950        480       1920     337191   Grand Totals
      8462       1212        950        296       1920     337191   ELF Image Totals (compressed)
      8462       1212        950        296          0          0   ROM Totals

==============================================================================

    Total RO  Size (Code + RO Data)                 9412 (   9.19kB)
    Total RW  Size (RW Data + ZI Data)              2400 (   2.34kB)
    Total ROM Size (Code + RO Data + RW Data)       9708 (   9.48kB)

==============================================================================

