<html>
<body>
<pre>
<h1>µVision Build Log</h1>
<h2>Project:</h2>
C:\Users\Bogdan\Desktop\KEIL\ORIGINALE\MODBUS\MDK-ARM\Project.uvproj
Project File Date:  08/04/2016

<h2>Output:</h2>
Rebuild target 'MODBUS'
compiling main.c...
compiling stm32f10x_it.c...
compiling misc.c...
compiling stm32f10x_flash.c...
compiling stm32f10x_gpio.c...
compiling stm32f10x_rcc.c...
compiling stm32f10x_adc.c...
compiling stm32f10x_bkp.c...
compiling stm32f10x_can.c...
compiling stm32f10x_cec.c...
compiling stm32f10x_crc.c...
compiling stm32f10x_dac.c...
compiling stm32f10x_dbgmcu.c...
compiling stm32f10x_dma.c...
compiling stm32f10x_exti.c...
compiling stm32f10x_fsmc.c...
compiling stm32f10x_i2c.c...
compiling stm32f10x_iwdg.c...
compiling stm32f10x_pwr.c...
compiling stm32f10x_rtc.c...
compiling stm32f10x_sdio.c...
compiling stm32f10x_spi.c...
compiling stm32f10x_tim.c...
compiling stm32f10x_usart.c...
compiling stm32f10x_wwdg.c...
compiling core_cm3.c...
compiling system_stm32f10x.c...
assembling startup_stm32f10x_md.s...
compiling mbcrc.c...
compiling mbrtu.c...
..\USER\modbus\rtu\mbrtu.c(153): warning:  #550-D: variable "xFrameReceived" was set but never used
compiling mb.c...
compiling mbfunccoils.c...
compiling mbfuncdiag.c...
compiling mbfuncdisc.c...
compiling mbfuncholding.c...
compiling mbfuncinput.c...
compiling mbfuncother.c...
compiling mbutils.c...
compiling mbascii.c...
compiling port.c...
compiling portevent.c...
compiling portserial.c...
compiling porttimer.c...
linking...
Program Size: Code=8474 RO-data=950 RW-data=276 ZI-data=2300  
FromELF: creating hex file...
User command #1: fromelf --bin ".\Obj\Project.axf" --output ".\Project.bin"
".\Obj\Project.axf" - 0 Error(s), 1 Warning(s).
 
*** Rebuilding with Cross-Module Feedback:
Rebuild target 'MODBUS'
compiling main.c...
compiling stm32f10x_it.c...
compiling misc.c...
compiling stm32f10x_flash.c...
compiling stm32f10x_gpio.c...
compiling stm32f10x_rcc.c...
compiling stm32f10x_adc.c...
compiling stm32f10x_bkp.c...
compiling stm32f10x_can.c...
compiling stm32f10x_cec.c...
compiling stm32f10x_crc.c...
compiling stm32f10x_dac.c...
compiling stm32f10x_dbgmcu.c...
compiling stm32f10x_dma.c...
compiling stm32f10x_exti.c...
compiling stm32f10x_fsmc.c...
compiling stm32f10x_i2c.c...
compiling stm32f10x_iwdg.c...
compiling stm32f10x_pwr.c...
compiling stm32f10x_rtc.c...
compiling stm32f10x_sdio.c...
compiling stm32f10x_spi.c...
compiling stm32f10x_tim.c...
compiling stm32f10x_usart.c...
compiling stm32f10x_wwdg.c...
compiling core_cm3.c...
compiling system_stm32f10x.c...
assembling startup_stm32f10x_md.s...
compiling mbcrc.c...
compiling mbrtu.c...
..\USER\modbus\rtu\mbrtu.c(153): warning:  #550-D: variable "xFrameReceived" was set but never used
compiling mb.c...
compiling mbfunccoils.c...
compiling mbfuncdiag.c...
compiling mbfuncdisc.c...
compiling mbfuncholding.c...
compiling mbfuncinput.c...
compiling mbfuncother.c...
compiling mbutils.c...
compiling mbascii.c...
compiling port.c...
compiling portevent.c...
compiling portserial.c...
compiling porttimer.c...
linking...
Program Size: Code=8474 RO-data=950 RW-data=276 ZI-data=2300  
FromELF: creating hex file...
User command #1: fromelf --bin ".\Obj\Project.axf" --output ".\Project.bin"
".\Obj\Project.axf" - 0 Error(s), 1 Warning(s).
Rebuild target 'MODBUS'
compiling main.c...
compiling stm32f10x_it.c...
compiling misc.c...
compiling stm32f10x_flash.c...
compiling stm32f10x_gpio.c...
compiling stm32f10x_rcc.c...
compiling stm32f10x_adc.c...
compiling stm32f10x_bkp.c...
compiling stm32f10x_can.c...
compiling stm32f10x_cec.c...
compiling stm32f10x_crc.c...
compiling stm32f10x_dac.c...
compiling stm32f10x_dbgmcu.c...
compiling stm32f10x_dma.c...
compiling stm32f10x_exti.c...
compiling stm32f10x_fsmc.c...
compiling stm32f10x_i2c.c...
compiling stm32f10x_iwdg.c...
compiling stm32f10x_pwr.c...
compiling stm32f10x_rtc.c...
compiling stm32f10x_sdio.c...
compiling stm32f10x_spi.c...
compiling stm32f10x_tim.c...
compiling stm32f10x_usart.c...
compiling stm32f10x_wwdg.c...
compiling core_cm3.c...
compiling system_stm32f10x.c...
assembling startup_stm32f10x_md.s...
compiling mbcrc.c...
compiling mbrtu.c...
..\USER\modbus\rtu\mbrtu.c(153): warning:  #550-D: variable "xFrameReceived" was set but never used
compiling mb.c...
compiling mbfunccoils.c...
compiling mbfuncdiag.c...
compiling mbfuncdisc.c...
compiling mbfuncholding.c...
compiling mbfuncinput.c...
compiling mbfuncother.c...
compiling mbutils.c...
compiling mbascii.c...
compiling port.c...
..\USER\modbus\port\port.c(128): error:  #513: a value of type "u8" cannot be assigned to an entity of type "UCHAR *"
..\USER\modbus\port\port.c(150): warning:  #223-D: function "xMBUtilGetBits" declared implicitly
..\USER\modbus\port\port.c(166): warning:  #223-D: function "xMBUtilSetBits" declared implicitly
..\USER\modbus\port\port.c(175): warning:  #223-D: function "xMBUtilSetBits" declared implicitly
compiling portevent.c...
compiling portserial.c...
compiling porttimer.c...
Target not created
Rebuild target 'MODBUS'
compiling main.c...
compiling stm32f10x_it.c...
compiling misc.c...
compiling stm32f10x_flash.c...
compiling stm32f10x_gpio.c...
compiling stm32f10x_rcc.c...
compiling stm32f10x_adc.c...
compiling stm32f10x_bkp.c...
compiling stm32f10x_can.c...
compiling stm32f10x_cec.c...
compiling stm32f10x_crc.c...
compiling stm32f10x_dac.c...
compiling stm32f10x_dbgmcu.c...
compiling stm32f10x_dma.c...
compiling stm32f10x_exti.c...
compiling stm32f10x_fsmc.c...
compiling stm32f10x_i2c.c...
compiling stm32f10x_iwdg.c...
compiling stm32f10x_pwr.c...
compiling stm32f10x_rtc.c...
compiling stm32f10x_sdio.c...
compiling stm32f10x_spi.c...
compiling stm32f10x_tim.c...
compiling stm32f10x_usart.c...
compiling stm32f10x_wwdg.c...
compiling core_cm3.c...
compiling system_stm32f10x.c...
assembling startup_stm32f10x_md.s...
compiling mbcrc.c...
compiling mbrtu.c...
..\USER\modbus\rtu\mbrtu.c(153): warning:  #550-D: variable "xFrameReceived" was set but never used
compiling mb.c...
compiling mbfunccoils.c...
compiling mbfuncdiag.c...
compiling mbfuncdisc.c...
compiling mbfuncholding.c...
compiling mbfuncinput.c...
compiling mbfuncother.c...
compiling mbutils.c...
compiling mbascii.c...
compiling port.c...
..\USER\modbus\include\mbutils.h(78): error:  #20: identifier "UCHAR" is undefined
..\USER\modbus\include\mbutils.h(78): error:  #20: identifier "USHORT" is undefined
..\USER\modbus\include\mbutils.h(79): error:  #20: identifier "UCHAR" is undefined
..\USER\modbus\include\mbutils.h(79): error:  #20: identifier "UCHAR" is undefined
..\USER\modbus\include\mbutils.h(100): error:  #20: identifier "UCHAR" is undefined
..\USER\modbus\include\mbutils.h(100): error:  #20: identifier "UCHAR" is undefined
..\USER\modbus\include\mbutils.h(100): error:  #20: identifier "USHORT" is undefined
..\USER\modbus\include\mbutils.h(101): error:  #20: identifier "UCHAR" is undefined
compiling portevent.c...
compiling portserial.c...
compiling porttimer.c...
Target not created
Rebuild target 'MODBUS'
compiling main.c...
compiling stm32f10x_it.c...
compiling misc.c...
compiling stm32f10x_flash.c...
compiling stm32f10x_gpio.c...
compiling stm32f10x_rcc.c...
compiling stm32f10x_adc.c...
compiling stm32f10x_bkp.c...
compiling stm32f10x_can.c...
compiling stm32f10x_cec.c...
compiling stm32f10x_crc.c...
compiling stm32f10x_dac.c...
compiling stm32f10x_dbgmcu.c...
compiling stm32f10x_dma.c...
compiling stm32f10x_exti.c...
compiling stm32f10x_fsmc.c...
compiling stm32f10x_i2c.c...
compiling stm32f10x_iwdg.c...
compiling stm32f10x_pwr.c...
compiling stm32f10x_rtc.c...
compiling stm32f10x_sdio.c...
compiling stm32f10x_spi.c...
compiling stm32f10x_tim.c...
compiling stm32f10x_usart.c...
compiling stm32f10x_wwdg.c...
compiling core_cm3.c...
compiling system_stm32f10x.c...
assembling startup_stm32f10x_md.s...
compiling mbcrc.c...
compiling mbrtu.c...
..\USER\modbus\rtu\mbrtu.c(153): warning:  #550-D: variable "xFrameReceived" was set but never used
compiling mb.c...
compiling mbfunccoils.c...
compiling mbfuncdiag.c...
compiling mbfuncdisc.c...
compiling mbfuncholding.c...
compiling mbfuncinput.c...
compiling mbfuncother.c...
compiling mbutils.c...
compiling mbascii.c...
compiling port.c...
compiling portevent.c...
compiling portserial.c...
compiling porttimer.c...
linking...
Program Size: Code=8954 RO-data=950 RW-data=276 ZI-data=2300  
FromELF: creating hex file...
User command #1: fromelf --bin ".\Obj\Project.axf" --output ".\Project.bin"
".\Obj\Project.axf" - 0 Error(s), 1 Warning(s).
Clean started: Project: 'Project'
   deleting intermediate output files for target 'MODBUS'
Rebuild target 'MODBUS'
compiling main.c...
..\USER\main.c(54): warning:  #175-D: subscript out of range
..\USER\main.c(55): warning:  #175-D: subscript out of range
..\USER\main.c(56): warning:  #175-D: subscript out of range
..\USER\main.c(61): warning:  #175-D: subscript out of range
..\USER\main.c(62): warning:  #175-D: subscript out of range
..\USER\main.c(63): warning:  #175-D: subscript out of range
compiling stm32f10x_it.c...
compiling misc.c...
compiling stm32f10x_flash.c...
compiling stm32f10x_gpio.c...
Project build/rebuild aborted.
Target not created
Rebuild target 'MODBUS'
compiling main.c...
compiling stm32f10x_it.c...
compiling misc.c...
compiling stm32f10x_flash.c...
compiling stm32f10x_gpio.c...
compiling stm32f10x_rcc.c...
compiling stm32f10x_adc.c...
compiling stm32f10x_bkp.c...
compiling stm32f10x_can.c...
compiling stm32f10x_cec.c...
compiling stm32f10x_crc.c...
compiling stm32f10x_dac.c...
compiling stm32f10x_dbgmcu.c...
compiling stm32f10x_dma.c...
compiling stm32f10x_exti.c...
compiling stm32f10x_fsmc.c...
compiling stm32f10x_i2c.c...
compiling stm32f10x_iwdg.c...
compiling stm32f10x_pwr.c...
compiling stm32f10x_rtc.c...
compiling stm32f10x_sdio.c...
compiling stm32f10x_spi.c...
compiling stm32f10x_tim.c...
compiling stm32f10x_usart.c...
compiling stm32f10x_wwdg.c...
compiling core_cm3.c...
compiling system_stm32f10x.c...
assembling startup_stm32f10x_md.s...
compiling mbcrc.c...
compiling mbrtu.c...
..\USER\modbus\rtu\mbrtu.c(153): warning:  #550-D: variable "xFrameReceived" was set but never used
compiling mb.c...
compiling mbfunccoils.c...
compiling mbfuncdiag.c...
compiling mbfuncdisc.c...
compiling mbfuncholding.c...
compiling mbfuncinput.c...
compiling mbfuncother.c...
compiling mbutils.c...
compiling mbascii.c...
compiling port.c...
compiling portevent.c...
compiling portserial.c...
compiling porttimer.c...
linking...
Program Size: Code=8982 RO-data=950 RW-data=276 ZI-data=2300  
FromELF: creating hex file...
User command #1: fromelf --bin ".\Obj\Project.axf" --output ".\Project.bin"
".\Obj\Project.axf" - 0 Error(s), 1 Warning(s).
 
*** Rebuilding with Cross-Module Feedback:
Rebuild target 'MODBUS'
compiling main.c...
compiling stm32f10x_it.c...
compiling misc.c...
compiling stm32f10x_flash.c...
compiling stm32f10x_gpio.c...
compiling stm32f10x_rcc.c...
compiling stm32f10x_adc.c...
compiling stm32f10x_bkp.c...
compiling stm32f10x_can.c...
compiling stm32f10x_cec.c...
compiling stm32f10x_crc.c...
compiling stm32f10x_dac.c...
compiling stm32f10x_dbgmcu.c...
compiling stm32f10x_dma.c...
compiling stm32f10x_exti.c...
compiling stm32f10x_fsmc.c...
compiling stm32f10x_i2c.c...
compiling stm32f10x_iwdg.c...
compiling stm32f10x_pwr.c...
compiling stm32f10x_rtc.c...
compiling stm32f10x_sdio.c...
compiling stm32f10x_spi.c...
compiling stm32f10x_tim.c...
compiling stm32f10x_usart.c...
compiling stm32f10x_wwdg.c...
compiling core_cm3.c...
compiling system_stm32f10x.c...
assembling startup_stm32f10x_md.s...
compiling mbcrc.c...
compiling mbrtu.c...
..\USER\modbus\rtu\mbrtu.c(153): warning:  #550-D: variable "xFrameReceived" was set but never used
compiling mb.c...
compiling mbfunccoils.c...
compiling mbfuncdiag.c...
compiling mbfuncdisc.c...
compiling mbfuncholding.c...
compiling mbfuncinput.c...
compiling mbfuncother.c...
compiling mbutils.c...
compiling mbascii.c...
compiling port.c...
compiling portevent.c...
compiling portserial.c...
compiling porttimer.c...
linking...
Program Size: Code=8982 RO-data=950 RW-data=276 ZI-data=2300  
FromELF: creating hex file...
User command #1: fromelf --bin ".\Obj\Project.axf" --output ".\Project.bin"
".\Obj\Project.axf" - 0 Error(s), 1 Warning(s).
Rebuild target 'MODBUS'
compiling main.c...
compiling stm32f10x_it.c...
compiling misc.c...
compiling stm32f10x_flash.c...
compiling stm32f10x_gpio.c...
compiling stm32f10x_rcc.c...
compiling stm32f10x_adc.c...
compiling stm32f10x_bkp.c...
compiling stm32f10x_can.c...
compiling stm32f10x_cec.c...
compiling stm32f10x_crc.c...
compiling stm32f10x_dac.c...
compiling stm32f10x_dbgmcu.c...
compiling stm32f10x_dma.c...
Project build/rebuild aborted.
Target not created
Clean started: Project: 'Project'
   deleting intermediate output files for target 'MODBUS'
Rebuild target 'MODBUS'
compiling main.c...
compiling stm32f10x_it.c...
compiling misc.c...
compiling stm32f10x_flash.c...
compiling stm32f10x_gpio.c...
compiling stm32f10x_rcc.c...
compiling stm32f10x_adc.c...
compiling stm32f10x_bkp.c...
compiling stm32f10x_can.c...
compiling stm32f10x_cec.c...
compiling stm32f10x_crc.c...
compiling stm32f10x_dac.c...
compiling stm32f10x_dbgmcu.c...
compiling stm32f10x_dma.c...
compiling stm32f10x_exti.c...
compiling stm32f10x_fsmc.c...
compiling stm32f10x_i2c.c...
compiling stm32f10x_iwdg.c...
compiling stm32f10x_pwr.c...
compiling stm32f10x_rtc.c...
compiling stm32f10x_sdio.c...
compiling stm32f10x_spi.c...
compiling stm32f10x_tim.c...
compiling stm32f10x_usart.c...
compiling stm32f10x_wwdg.c...
compiling core_cm3.c...
compiling system_stm32f10x.c...
assembling startup_stm32f10x_md.s...
compiling mbcrc.c...
compiling mbrtu.c...
..\USER\modbus\rtu\mbrtu.c(153): warning:  #550-D: variable "xFrameReceived" was set but never used
compiling mb.c...
compiling mbfunccoils.c...
compiling mbfuncdiag.c...
compiling mbfuncdisc.c...
compiling mbfuncholding.c...
compiling mbfuncinput.c...
compiling mbfuncother.c...
compiling mbutils.c...
compiling mbascii.c...
compiling port.c...
..\USER\modbus\port\port.c(149): error:  #167: argument of type "u8" is incompatible with parameter of type "UCHAR *"
compiling portevent.c...
compiling portserial.c...
compiling porttimer.c...
Target not created
Rebuild target 'MODBUS'
compiling main.c...
..\USER\main.c(16): error:  #147: declaration is incompatible with "u8 usRegCoilBuf[8]" (declared at line 7 of "..\USER\main.h")
compiling stm32f10x_it.c...
compiling misc.c...
compiling stm32f10x_flash.c...
compiling stm32f10x_gpio.c...
compiling stm32f10x_rcc.c...
Project build/rebuild aborted.
Target not created
Rebuild target 'MODBUS'
compiling main.c...
compiling stm32f10x_it.c...
compiling misc.c...
compiling stm32f10x_flash.c...
compiling stm32f10x_gpio.c...
compiling stm32f10x_rcc.c...
compiling stm32f10x_adc.c...
compiling stm32f10x_bkp.c...
compiling stm32f10x_can.c...
compiling stm32f10x_cec.c...
compiling stm32f10x_crc.c...
compiling stm32f10x_dac.c...
compiling stm32f10x_dbgmcu.c...
compiling stm32f10x_dma.c...
compiling stm32f10x_exti.c...
compiling stm32f10x_fsmc.c...
compiling stm32f10x_i2c.c...
compiling stm32f10x_iwdg.c...
compiling stm32f10x_pwr.c...
compiling stm32f10x_rtc.c...
compiling stm32f10x_sdio.c...
compiling stm32f10x_spi.c...
compiling stm32f10x_tim.c...
compiling stm32f10x_usart.c...
compiling stm32f10x_wwdg.c...
compiling core_cm3.c...
compiling system_stm32f10x.c...
assembling startup_stm32f10x_md.s...
compiling mbcrc.c...
compiling mbrtu.c...
..\USER\modbus\rtu\mbrtu.c(153): warning:  #550-D: variable "xFrameReceived" was set but never used
compiling mb.c...
compiling mbfunccoils.c...
compiling mbfuncdiag.c...
compiling mbfuncdisc.c...
compiling mbfuncholding.c...
compiling mbfuncinput.c...
compiling mbfuncother.c...
compiling mbutils.c...
compiling mbascii.c...
compiling port.c...
..\USER\modbus\port\port.c(117): error:  #20: identifier "REG_COILS_START" is undefined
..\USER\modbus\port\port.c(118): error:  #20: identifier "REG_COILS_SIZE" is undefined
..\USER\modbus\port\port.c(128): error:  #20: identifier "usRegCoilsBuf" is undefined
..\USER\modbus\port\port.c(141): error:  #20: identifier "usRegCoilsBuf" is undefined
compiling portevent.c...
compiling portserial.c...
compiling porttimer.c...
Target not created
Rebuild target 'MODBUS'
compiling main.c...
compiling stm32f10x_it.c...
compiling misc.c...
compiling stm32f10x_flash.c...
compiling stm32f10x_gpio.c...
compiling stm32f10x_rcc.c...
compiling stm32f10x_adc.c...
compiling stm32f10x_bkp.c...
compiling stm32f10x_can.c...
compiling stm32f10x_cec.c...
compiling stm32f10x_crc.c...
compiling stm32f10x_dac.c...
compiling stm32f10x_dbgmcu.c...
compiling stm32f10x_dma.c...
compiling stm32f10x_exti.c...
compiling stm32f10x_fsmc.c...
compiling stm32f10x_i2c.c...
compiling stm32f10x_iwdg.c...
compiling stm32f10x_pwr.c...
compiling stm32f10x_rtc.c...
compiling stm32f10x_sdio.c...
compiling stm32f10x_spi.c...
compiling stm32f10x_tim.c...
compiling stm32f10x_usart.c...
compiling stm32f10x_wwdg.c...
compiling core_cm3.c...
compiling system_stm32f10x.c...
assembling startup_stm32f10x_md.s...
compiling mbcrc.c...
compiling mbrtu.c...
..\USER\modbus\rtu\mbrtu.c(153): warning:  #550-D: variable "xFrameReceived" was set but never used
compiling mb.c...
compiling mbfunccoils.c...
compiling mbfuncdiag.c...
compiling mbfuncdisc.c...
compiling mbfuncholding.c...
compiling mbfuncinput.c...
compiling mbfuncother.c...
compiling mbutils.c...
compiling mbascii.c...
compiling port.c...
..\USER\modbus\port\port.c(117): error:  #20: identifier "REG_COILS_START" is undefined
..\USER\modbus\port\port.c(118): error:  #20: identifier "REG_COIL_SIZE" is undefined
compiling portevent.c...
compiling portserial.c...
compiling porttimer.c...
Target not created
Rebuild target 'MODBUS'
compiling main.c...
compiling stm32f10x_it.c...
compiling misc.c...
compiling stm32f10x_flash.c...
compiling stm32f10x_gpio.c...
compiling stm32f10x_rcc.c...
compiling stm32f10x_adc.c...
compiling stm32f10x_bkp.c...
compiling stm32f10x_can.c...
compiling stm32f10x_cec.c...
compiling stm32f10x_crc.c...
compiling stm32f10x_dac.c...
compiling stm32f10x_dbgmcu.c...
compiling stm32f10x_dma.c...
compiling stm32f10x_exti.c...
compiling stm32f10x_fsmc.c...
compiling stm32f10x_i2c.c...
compiling stm32f10x_iwdg.c...
compiling stm32f10x_pwr.c...
compiling stm32f10x_rtc.c...
compiling stm32f10x_sdio.c...
compiling stm32f10x_spi.c...
compiling stm32f10x_tim.c...
compiling stm32f10x_usart.c...
compiling stm32f10x_wwdg.c...
compiling core_cm3.c...
compiling system_stm32f10x.c...
assembling startup_stm32f10x_md.s...
compiling mbcrc.c...
compiling mbrtu.c...
..\USER\modbus\rtu\mbrtu.c(153): warning:  #550-D: variable "xFrameReceived" was set but never used
compiling mb.c...
compiling mbfunccoils.c...
compiling mbfuncdiag.c...
compiling mbfuncdisc.c...
compiling mbfuncholding.c...
compiling mbfuncinput.c...
compiling mbfuncother.c...
compiling mbutils.c...
compiling mbascii.c...
compiling port.c...
compiling portevent.c...
compiling portserial.c...
compiling porttimer.c...
linking...
Program Size: Code=8870 RO-data=950 RW-data=288 ZI-data=2288  
FromELF: creating hex file...
User command #1: fromelf --bin ".\Obj\Project.axf" --output ".\Project.bin"
".\Obj\Project.axf" - 0 Error(s), 1 Warning(s).
 
*** Rebuilding with Cross-Module Feedback:
Rebuild target 'MODBUS'
compiling main.c...
compiling stm32f10x_it.c...
compiling misc.c...
compiling stm32f10x_flash.c...
compiling stm32f10x_gpio.c...
compiling stm32f10x_rcc.c...
compiling stm32f10x_adc.c...
compiling stm32f10x_bkp.c...
compiling stm32f10x_can.c...
compiling stm32f10x_cec.c...
compiling stm32f10x_crc.c...
compiling stm32f10x_dac.c...
compiling stm32f10x_dbgmcu.c...
compiling stm32f10x_dma.c...
compiling stm32f10x_exti.c...
compiling stm32f10x_fsmc.c...
compiling stm32f10x_i2c.c...
compiling stm32f10x_iwdg.c...
compiling stm32f10x_pwr.c...
compiling stm32f10x_rtc.c...
compiling stm32f10x_sdio.c...
compiling stm32f10x_spi.c...
compiling stm32f10x_tim.c...
compiling stm32f10x_usart.c...
compiling stm32f10x_wwdg.c...
compiling core_cm3.c...
compiling system_stm32f10x.c...
assembling startup_stm32f10x_md.s...
compiling mbcrc.c...
compiling mbrtu.c...
..\USER\modbus\rtu\mbrtu.c(153): warning:  #550-D: variable "xFrameReceived" was set but never used
compiling mb.c...
compiling mbfunccoils.c...
compiling mbfuncdiag.c...
compiling mbfuncdisc.c...
compiling mbfuncholding.c...
compiling mbfuncinput.c...
compiling mbfuncother.c...
compiling mbutils.c...
compiling mbascii.c...
compiling port.c...
compiling portevent.c...
compiling portserial.c...
compiling porttimer.c...
linking...
Program Size: Code=8870 RO-data=950 RW-data=288 ZI-data=2288  
FromELF: creating hex file...
User command #1: fromelf --bin ".\Obj\Project.axf" --output ".\Project.bin"
".\Obj\Project.axf" - 0 Error(s), 1 Warning(s).
Clean started: Project: 'Project'
   deleting intermediate output files for target 'MODBUS'
Rebuild target 'MODBUS'
compiling main.c...
..\USER\main.c(54): error:  #20: identifier "i" is undefined
compiling stm32f10x_it.c...
compiling misc.c...
compiling stm32f10x_flash.c...
compiling stm32f10x_gpio.c...
compiling stm32f10x_rcc.c...
compiling stm32f10x_adc.c...
compiling stm32f10x_bkp.c...
compiling stm32f10x_can.c...
compiling stm32f10x_cec.c...
compiling stm32f10x_crc.c...
compiling stm32f10x_dac.c...
compiling stm32f10x_dbgmcu.c...
compiling stm32f10x_dma.c...
compiling stm32f10x_exti.c...
compiling stm32f10x_fsmc.c...
compiling stm32f10x_i2c.c...
compiling stm32f10x_iwdg.c...
compiling stm32f10x_pwr.c...
compiling stm32f10x_rtc.c...
compiling stm32f10x_sdio.c...
compiling stm32f10x_spi.c...
compiling stm32f10x_tim.c...
compiling stm32f10x_usart.c...
compiling stm32f10x_wwdg.c...
compiling core_cm3.c...
compiling system_stm32f10x.c...
assembling startup_stm32f10x_md.s...
compiling mbcrc.c...
compiling mbrtu.c...
..\USER\modbus\rtu\mbrtu.c(153): warning:  #550-D: variable "xFrameReceived" was set but never used
compiling mb.c...
compiling mbfunccoils.c...
compiling mbfuncdiag.c...
compiling mbfuncdisc.c...
compiling mbfuncholding.c...
compiling mbfuncinput.c...
compiling mbfuncother.c...
compiling mbutils.c...
compiling mbascii.c...
compiling port.c...
compiling portevent.c...
compiling portserial.c...
compiling porttimer.c...
Target not created
Clean started: Project: 'Project'
   deleting intermediate output files for target 'MODBUS'
Rebuild target 'MODBUS'
compiling main.c...
..\USER\main.c(41): error:  #65: expected a ";"
compiling stm32f10x_it.c...
compiling misc.c...
compiling stm32f10x_flash.c...
Project build/rebuild aborted.
Target not created
Rebuild target 'MODBUS'
compiling main.c...
..\USER\main.c(41): warning:  #177-D: variable "i" was declared but never referenced
compiling stm32f10x_it.c...
compiling misc.c...
compiling stm32f10x_flash.c...
compiling stm32f10x_gpio.c...
compiling stm32f10x_rcc.c...
compiling stm32f10x_adc.c...
compiling stm32f10x_bkp.c...
compiling stm32f10x_can.c...
compiling stm32f10x_cec.c...
compiling stm32f10x_crc.c...
compiling stm32f10x_dac.c...
compiling stm32f10x_dbgmcu.c...
compiling stm32f10x_dma.c...
compiling stm32f10x_exti.c...
compiling stm32f10x_fsmc.c...
compiling stm32f10x_i2c.c...
compiling stm32f10x_iwdg.c...
compiling stm32f10x_pwr.c...
compiling stm32f10x_rtc.c...
compiling stm32f10x_sdio.c...
compiling stm32f10x_spi.c...
compiling stm32f10x_tim.c...
compiling stm32f10x_usart.c...
compiling stm32f10x_wwdg.c...
compiling core_cm3.c...
compiling system_stm32f10x.c...
assembling startup_stm32f10x_md.s...
compiling mbcrc.c...
compiling mbrtu.c...
..\USER\modbus\rtu\mbrtu.c(153): warning:  #550-D: variable "xFrameReceived" was set but never used
compiling mb.c...
compiling mbfunccoils.c...
compiling mbfuncdiag.c...
compiling mbfuncdisc.c...
compiling mbfuncholding.c...
compiling mbfuncinput.c...
compiling mbfuncother.c...
compiling mbutils.c...
compiling mbascii.c...
compiling port.c...
compiling portevent.c...
compiling portserial.c...
compiling porttimer.c...
linking...
Program Size: Code=9086 RO-data=950 RW-data=280 ZI-data=2296  
FromELF: creating hex file...
User command #1: fromelf --bin ".\Obj\Project.axf" --output ".\Project.bin"
".\Obj\Project.axf" - 0 Error(s), 2 Warning(s).
 
*** Rebuilding with Cross-Module Feedback:
Rebuild target 'MODBUS'
compiling main.c...
..\USER\main.c(41): warning:  #177-D: variable "i" was declared but never referenced
compiling stm32f10x_it.c...
compiling misc.c...
compiling stm32f10x_flash.c...
compiling stm32f10x_gpio.c...
compiling stm32f10x_rcc.c...
compiling stm32f10x_adc.c...
compiling stm32f10x_bkp.c...
compiling stm32f10x_can.c...
compiling stm32f10x_cec.c...
compiling stm32f10x_crc.c...
compiling stm32f10x_dac.c...
compiling stm32f10x_dbgmcu.c...
compiling stm32f10x_dma.c...
compiling stm32f10x_exti.c...
compiling stm32f10x_fsmc.c...
compiling stm32f10x_i2c.c...
compiling stm32f10x_iwdg.c...
compiling stm32f10x_pwr.c...
compiling stm32f10x_rtc.c...
compiling stm32f10x_sdio.c...
compiling stm32f10x_spi.c...
compiling stm32f10x_tim.c...
compiling stm32f10x_usart.c...
compiling stm32f10x_wwdg.c...
compiling core_cm3.c...
compiling system_stm32f10x.c...
assembling startup_stm32f10x_md.s...
compiling mbcrc.c...
compiling mbrtu.c...
..\USER\modbus\rtu\mbrtu.c(153): warning:  #550-D: variable "xFrameReceived" was set but never used
compiling mb.c...
compiling mbfunccoils.c...
compiling mbfuncdiag.c...
compiling mbfuncdisc.c...
compiling mbfuncholding.c...
compiling mbfuncinput.c...
compiling mbfuncother.c...
compiling mbutils.c...
compiling mbascii.c...
compiling port.c...
compiling portevent.c...
compiling portserial.c...
compiling porttimer.c...
linking...
Program Size: Code=9086 RO-data=950 RW-data=280 ZI-data=2296  
FromELF: creating hex file...
User command #1: fromelf --bin ".\Obj\Project.axf" --output ".\Project.bin"
".\Obj\Project.axf" - 0 Error(s), 2 Warning(s).
Rebuild target 'MODBUS'
compiling main.c...
..\USER\main.c(49): warning:  #177-D: variable "i" was declared but never referenced
compiling stm32f10x_it.c...
compiling misc.c...
compiling stm32f10x_flash.c...
compiling stm32f10x_gpio.c...
compiling stm32f10x_rcc.c...
compiling stm32f10x_adc.c...
compiling stm32f10x_bkp.c...
compiling stm32f10x_can.c...
compiling stm32f10x_cec.c...
compiling stm32f10x_crc.c...
compiling stm32f10x_dac.c...
compiling stm32f10x_dbgmcu.c...
compiling stm32f10x_dma.c...
compiling stm32f10x_exti.c...
compiling stm32f10x_fsmc.c...
compiling stm32f10x_i2c.c...
compiling stm32f10x_iwdg.c...
compiling stm32f10x_pwr.c...
compiling stm32f10x_rtc.c...
compiling stm32f10x_sdio.c...
compiling stm32f10x_spi.c...
compiling stm32f10x_tim.c...
compiling stm32f10x_usart.c...
compiling stm32f10x_wwdg.c...
compiling core_cm3.c...
compiling system_stm32f10x.c...
assembling startup_stm32f10x_md.s...
compiling mbcrc.c...
compiling mbrtu.c...
..\USER\modbus\rtu\mbrtu.c(153): warning:  #550-D: variable "xFrameReceived" was set but never used
compiling mb.c...
compiling mbfunccoils.c...
compiling mbfuncdiag.c...
compiling mbfuncdisc.c...
compiling mbfuncholding.c...
compiling mbfuncinput.c...
compiling mbfuncother.c...
compiling mbutils.c...
compiling mbascii.c...
compiling port.c...
compiling portevent.c...
compiling portserial.c...
compiling porttimer.c...
linking...
Program Size: Code=9110 RO-data=950 RW-data=280 ZI-data=2296  
FromELF: creating hex file...
User command #1: fromelf --bin ".\Obj\Project.axf" --output ".\Project.bin"
".\Obj\Project.axf" - 0 Error(s), 2 Warning(s).
Rebuild target 'MODBUS'
compiling main.c...
..\USER\main.c(45): warning:  #177-D: variable "i" was declared but never referenced
compiling stm32f10x_it.c...
compiling misc.c...
compiling stm32f10x_flash.c...
compiling stm32f10x_gpio.c...
compiling stm32f10x_rcc.c...
compiling stm32f10x_adc.c...
compiling stm32f10x_bkp.c...
compiling stm32f10x_can.c...
compiling stm32f10x_cec.c...
compiling stm32f10x_crc.c...
compiling stm32f10x_dac.c...
compiling stm32f10x_dbgmcu.c...
compiling stm32f10x_dma.c...
compiling stm32f10x_exti.c...
compiling stm32f10x_fsmc.c...
compiling stm32f10x_i2c.c...
compiling stm32f10x_iwdg.c...
compiling stm32f10x_pwr.c...
compiling stm32f10x_rtc.c...
compiling stm32f10x_sdio.c...
compiling stm32f10x_spi.c...
compiling stm32f10x_tim.c...
compiling stm32f10x_usart.c...
compiling stm32f10x_wwdg.c...
compiling core_cm3.c...
compiling system_stm32f10x.c...
assembling startup_stm32f10x_md.s...
compiling mbcrc.c...
compiling mbrtu.c...
..\USER\modbus\rtu\mbrtu.c(153): warning:  #550-D: variable "xFrameReceived" was set but never used
compiling mb.c...
compiling mbfunccoils.c...
compiling mbfuncdiag.c...
compiling mbfuncdisc.c...
compiling mbfuncholding.c...
compiling mbfuncinput.c...
compiling mbfuncother.c...
compiling mbutils.c...
compiling mbascii.c...
compiling port.c...
compiling portevent.c...
compiling portserial.c...
compiling porttimer.c...
linking...
Program Size: Code=9106 RO-data=950 RW-data=280 ZI-data=2296  
FromELF: creating hex file...
User command #1: fromelf --bin ".\Obj\Project.axf" --output ".\Project.bin"
".\Obj\Project.axf" - 0 Error(s), 2 Warning(s).
Rebuild target 'MODBUS'
compiling main.c...
..\USER\main.c(45): warning:  #177-D: variable "i" was declared but never referenced
compiling stm32f10x_it.c...
compiling misc.c...
compiling stm32f10x_flash.c...
compiling stm32f10x_gpio.c...
compiling stm32f10x_rcc.c...
compiling stm32f10x_adc.c...
compiling stm32f10x_bkp.c...
compiling stm32f10x_can.c...
compiling stm32f10x_cec.c...
compiling stm32f10x_crc.c...
compiling stm32f10x_dac.c...
compiling stm32f10x_dbgmcu.c...
compiling stm32f10x_dma.c...
compiling stm32f10x_exti.c...
compiling stm32f10x_fsmc.c...
compiling stm32f10x_i2c.c...
compiling stm32f10x_iwdg.c...
compiling stm32f10x_pwr.c...
compiling stm32f10x_rtc.c...
compiling stm32f10x_sdio.c...
compiling stm32f10x_spi.c...
compiling stm32f10x_tim.c...
compiling stm32f10x_usart.c...
compiling stm32f10x_wwdg.c...
compiling core_cm3.c...
compiling system_stm32f10x.c...
assembling startup_stm32f10x_md.s...
compiling mbcrc.c...
compiling mbrtu.c...
..\USER\modbus\rtu\mbrtu.c(153): warning:  #550-D: variable "xFrameReceived" was set but never used
compiling mb.c...
compiling mbfunccoils.c...
compiling mbfuncdiag.c...
compiling mbfuncdisc.c...
compiling mbfuncholding.c...
compiling mbfuncinput.c...
compiling mbfuncother.c...
compiling mbutils.c...
compiling mbascii.c...
compiling port.c...
compiling portevent.c...
compiling portserial.c...
compiling porttimer.c...
linking...
Program Size: Code=9122 RO-data=950 RW-data=280 ZI-data=2296  
FromELF: creating hex file...
User command #1: fromelf --bin ".\Obj\Project.axf" --output ".\Project.bin"
".\Obj\Project.axf" - 0 Error(s), 2 Warning(s).
Rebuild target 'MODBUS'
compiling main.c...
..\USER\main.c(55): warning:  #177-D: variable "i" was declared but never referenced
compiling stm32f10x_it.c...
compiling misc.c...
compiling stm32f10x_flash.c...
compiling stm32f10x_gpio.c...
compiling stm32f10x_rcc.c...
compiling stm32f10x_adc.c...
Project build/rebuild aborted.
Target not created
Clean started: Project: 'Project'
   deleting intermediate output files for target 'MODBUS'
Rebuild target 'MODBUS'
compiling main.c...
compiling stm32f10x_it.c...
compiling misc.c...
compiling stm32f10x_flash.c...
compiling stm32f10x_gpio.c...
compiling stm32f10x_rcc.c...
compiling stm32f10x_adc.c...
compiling stm32f10x_bkp.c...
compiling stm32f10x_can.c...
compiling stm32f10x_cec.c...
compiling stm32f10x_crc.c...
compiling stm32f10x_dac.c...
compiling stm32f10x_dbgmcu.c...
compiling stm32f10x_dma.c...
compiling stm32f10x_exti.c...
compiling stm32f10x_fsmc.c...
compiling stm32f10x_i2c.c...
compiling stm32f10x_iwdg.c...
compiling stm32f10x_pwr.c...
compiling stm32f10x_rtc.c...
compiling stm32f10x_sdio.c...
compiling stm32f10x_spi.c...
compiling stm32f10x_tim.c...
compiling stm32f10x_usart.c...
compiling stm32f10x_wwdg.c...
compiling core_cm3.c...
compiling system_stm32f10x.c...
assembling startup_stm32f10x_md.s...
compiling mbcrc.c...
compiling mbrtu.c...
..\USER\modbus\rtu\mbrtu.c(153): warning:  #550-D: variable "xFrameReceived" was set but never used
compiling mb.c...
compiling mbfunccoils.c...
compiling mbfuncdiag.c...
compiling mbfuncdisc.c...
compiling mbfuncholding.c...
compiling mbfuncinput.c...
compiling mbfuncother.c...
compiling mbutils.c...
compiling mbascii.c...
compiling port.c...
compiling portevent.c...
compiling portserial.c...
compiling porttimer.c...
linking...
Program Size: Code=9162 RO-data=950 RW-data=280 ZI-data=2296  
FromELF: creating hex file...
User command #1: fromelf --bin ".\Obj\Project.axf" --output ".\Project.bin"
".\Obj\Project.axf" - 0 Error(s), 1 Warning(s).
 
*** Rebuilding with Cross-Module Feedback:
Rebuild target 'MODBUS'
compiling main.c...
compiling stm32f10x_it.c...
compiling misc.c...
compiling stm32f10x_flash.c...
compiling stm32f10x_gpio.c...
compiling stm32f10x_rcc.c...
compiling stm32f10x_adc.c...
compiling stm32f10x_bkp.c...
compiling stm32f10x_can.c...
compiling stm32f10x_cec.c...
compiling stm32f10x_crc.c...
compiling stm32f10x_dac.c...
compiling stm32f10x_dbgmcu.c...
compiling stm32f10x_dma.c...
compiling stm32f10x_exti.c...
compiling stm32f10x_fsmc.c...
compiling stm32f10x_i2c.c...
compiling stm32f10x_iwdg.c...
compiling stm32f10x_pwr.c...
compiling stm32f10x_rtc.c...
compiling stm32f10x_sdio.c...
compiling stm32f10x_spi.c...
compiling stm32f10x_tim.c...
compiling stm32f10x_usart.c...
compiling stm32f10x_wwdg.c...
compiling core_cm3.c...
compiling system_stm32f10x.c...
assembling startup_stm32f10x_md.s...
compiling mbcrc.c...
compiling mbrtu.c...
..\USER\modbus\rtu\mbrtu.c(153): warning:  #550-D: variable "xFrameReceived" was set but never used
compiling mb.c...
compiling mbfunccoils.c...
compiling mbfuncdiag.c...
compiling mbfuncdisc.c...
compiling mbfuncholding.c...
compiling mbfuncinput.c...
compiling mbfuncother.c...
compiling mbutils.c...
compiling mbascii.c...
compiling port.c...
compiling portevent.c...
compiling portserial.c...
compiling porttimer.c...
linking...
Program Size: Code=9162 RO-data=950 RW-data=280 ZI-data=2296  
FromELF: creating hex file...
User command #1: fromelf --bin ".\Obj\Project.axf" --output ".\Project.bin"
".\Obj\Project.axf" - 0 Error(s), 1 Warning(s).
Clean started: Project: 'Project'
   deleting intermediate output files for target 'MODBUS'
Rebuild target 'MODBUS'
compiling main.c...
compiling stm32f10x_it.c...
compiling misc.c...
compiling stm32f10x_flash.c...
compiling stm32f10x_gpio.c...
compiling stm32f10x_rcc.c...
compiling stm32f10x_adc.c...
compiling stm32f10x_bkp.c...
compiling stm32f10x_can.c...
compiling stm32f10x_cec.c...
compiling stm32f10x_crc.c...
compiling stm32f10x_dac.c...
compiling stm32f10x_dbgmcu.c...
compiling stm32f10x_dma.c...
compiling stm32f10x_exti.c...
compiling stm32f10x_fsmc.c...
compiling stm32f10x_i2c.c...
compiling stm32f10x_iwdg.c...
compiling stm32f10x_pwr.c...
compiling stm32f10x_rtc.c...
compiling stm32f10x_sdio.c...
compiling stm32f10x_spi.c...
compiling stm32f10x_tim.c...
compiling stm32f10x_usart.c...
compiling stm32f10x_wwdg.c...
compiling core_cm3.c...
compiling system_stm32f10x.c...
assembling startup_stm32f10x_md.s...
compiling mbcrc.c...
compiling mbrtu.c...
..\USER\modbus\rtu\mbrtu.c(153): warning:  #550-D: variable "xFrameReceived" was set but never used
compiling mb.c...
compiling mbfunccoils.c...
compiling mbfuncdiag.c...
compiling mbfuncdisc.c...
compiling mbfuncholding.c...
compiling mbfuncinput.c...
compiling mbfuncother.c...
compiling mbutils.c...
compiling mbascii.c...
compiling port.c...
compiling portevent.c...
compiling portserial.c...
compiling porttimer.c...
linking...
Program Size: Code=9086 RO-data=950 RW-data=280 ZI-data=2336  
FromELF: creating hex file...
User command #1: fromelf --bin ".\Obj\Project.axf" --output ".\Project.bin"
".\Obj\Project.axf" - 0 Error(s), 1 Warning(s).
 
*** Rebuilding with Cross-Module Feedback:
Rebuild target 'MODBUS'
compiling main.c...
compiling stm32f10x_it.c...
compiling misc.c...
compiling stm32f10x_flash.c...
compiling stm32f10x_gpio.c...
compiling stm32f10x_rcc.c...
compiling stm32f10x_adc.c...
compiling stm32f10x_bkp.c...
compiling stm32f10x_can.c...
compiling stm32f10x_cec.c...
compiling stm32f10x_crc.c...
compiling stm32f10x_dac.c...
compiling stm32f10x_dbgmcu.c...
compiling stm32f10x_dma.c...
compiling stm32f10x_exti.c...
compiling stm32f10x_fsmc.c...
compiling stm32f10x_i2c.c...
compiling stm32f10x_iwdg.c...
compiling stm32f10x_pwr.c...
compiling stm32f10x_rtc.c...
compiling stm32f10x_sdio.c...
compiling stm32f10x_spi.c...
compiling stm32f10x_tim.c...
compiling stm32f10x_usart.c...
compiling stm32f10x_wwdg.c...
compiling core_cm3.c...
compiling system_stm32f10x.c...
assembling startup_stm32f10x_md.s...
compiling mbcrc.c...
compiling mbrtu.c...
..\USER\modbus\rtu\mbrtu.c(153): warning:  #550-D: variable "xFrameReceived" was set but never used
compiling mb.c...
compiling mbfunccoils.c...
compiling mbfuncdiag.c...
compiling mbfuncdisc.c...
compiling mbfuncholding.c...
compiling mbfuncinput.c...
compiling mbfuncother.c...
compiling mbutils.c...
compiling mbascii.c...
compiling port.c...
compiling portevent.c...
compiling portserial.c...
compiling porttimer.c...
linking...
Program Size: Code=9086 RO-data=950 RW-data=280 ZI-data=2336  
FromELF: creating hex file...
User command #1: fromelf --bin ".\Obj\Project.axf" --output ".\Project.bin"
".\Obj\Project.axf" - 0 Error(s), 1 Warning(s).
Clean started: Project: 'Project'
   deleting intermediate output files for target 'MODBUS'
Rebuild target 'MODBUS'
compiling main.c...
compiling stm32f10x_it.c...
compiling misc.c...
compiling stm32f10x_flash.c...
compiling stm32f10x_gpio.c...
compiling stm32f10x_rcc.c...
compiling stm32f10x_adc.c...
compiling stm32f10x_bkp.c...
compiling stm32f10x_can.c...
compiling stm32f10x_cec.c...
compiling stm32f10x_crc.c...
compiling stm32f10x_dac.c...
compiling stm32f10x_dbgmcu.c...
compiling stm32f10x_dma.c...
compiling stm32f10x_exti.c...
compiling stm32f10x_fsmc.c...
compiling stm32f10x_i2c.c...
compiling stm32f10x_iwdg.c...
compiling stm32f10x_pwr.c...
compiling stm32f10x_rtc.c...
compiling stm32f10x_sdio.c...
compiling stm32f10x_spi.c...
compiling stm32f10x_tim.c...
compiling stm32f10x_usart.c...
compiling stm32f10x_wwdg.c...
compiling core_cm3.c...
compiling system_stm32f10x.c...
assembling startup_stm32f10x_md.s...
compiling mbcrc.c...
compiling mbrtu.c...
..\USER\modbus\rtu\mbrtu.c(153): warning:  #550-D: variable "xFrameReceived" was set but never used
compiling mb.c...
compiling mbfunccoils.c...
compiling mbfuncdiag.c...
compiling mbfuncdisc.c...
compiling mbfuncholding.c...
compiling mbfuncinput.c...
compiling mbfuncother.c...
compiling mbutils.c...
compiling mbascii.c...
compiling port.c...
compiling portevent.c...
compiling portserial.c...
compiling porttimer.c...
linking...
Program Size: Code=9170 RO-data=950 RW-data=280 ZI-data=2336  
FromELF: creating hex file...
User command #1: fromelf --bin ".\Obj\Project.axf" --output ".\Project.bin"
".\Obj\Project.axf" - 0 Error(s), 1 Warning(s).
 
*** Rebuilding with Cross-Module Feedback:
Rebuild target 'MODBUS'
compiling main.c...
compiling stm32f10x_it.c...
compiling misc.c...
compiling stm32f10x_flash.c...
compiling stm32f10x_gpio.c...
compiling stm32f10x_rcc.c...
compiling stm32f10x_adc.c...
compiling stm32f10x_bkp.c...
compiling stm32f10x_can.c...
compiling stm32f10x_cec.c...
compiling stm32f10x_crc.c...
compiling stm32f10x_dac.c...
compiling stm32f10x_dbgmcu.c...
compiling stm32f10x_dma.c...
compiling stm32f10x_exti.c...
compiling stm32f10x_fsmc.c...
compiling stm32f10x_i2c.c...
compiling stm32f10x_iwdg.c...
compiling stm32f10x_pwr.c...
compiling stm32f10x_rtc.c...
compiling stm32f10x_sdio.c...
compiling stm32f10x_spi.c...
compiling stm32f10x_tim.c...
compiling stm32f10x_usart.c...
compiling stm32f10x_wwdg.c...
compiling core_cm3.c...
compiling system_stm32f10x.c...
assembling startup_stm32f10x_md.s...
compiling mbcrc.c...
compiling mbrtu.c...
..\USER\modbus\rtu\mbrtu.c(153): warning:  #550-D: variable "xFrameReceived" was set but never used
compiling mb.c...
compiling mbfunccoils.c...
compiling mbfuncdiag.c...
compiling mbfuncdisc.c...
compiling mbfuncholding.c...
compiling mbfuncinput.c...
compiling mbfuncother.c...
compiling mbutils.c...
compiling mbascii.c...
compiling port.c...
compiling portevent.c...
compiling portserial.c...
compiling porttimer.c...
linking...
Program Size: Code=9170 RO-data=950 RW-data=280 ZI-data=2336  
FromELF: creating hex file...
User command #1: fromelf --bin ".\Obj\Project.axf" --output ".\Project.bin"
".\Obj\Project.axf" - 0 Error(s), 1 Warning(s).
Clean started: Project: 'Project'
   deleting intermediate output files for target 'MODBUS'
Rebuild target 'MODBUS'
compiling main.c...
compiling stm32f10x_it.c...
compiling misc.c...
compiling stm32f10x_flash.c...
compiling stm32f10x_gpio.c...
compiling stm32f10x_rcc.c...
compiling stm32f10x_adc.c...
compiling stm32f10x_bkp.c...
compiling stm32f10x_can.c...
compiling stm32f10x_cec.c...
compiling stm32f10x_crc.c...
compiling stm32f10x_dac.c...
compiling stm32f10x_dbgmcu.c...
compiling stm32f10x_dma.c...
compiling stm32f10x_exti.c...
compiling stm32f10x_fsmc.c...
compiling stm32f10x_i2c.c...
compiling stm32f10x_iwdg.c...
compiling stm32f10x_pwr.c...
compiling stm32f10x_rtc.c...
compiling stm32f10x_sdio.c...
compiling stm32f10x_spi.c...
compiling stm32f10x_tim.c...
compiling stm32f10x_usart.c...
compiling stm32f10x_wwdg.c...
compiling core_cm3.c...
compiling system_stm32f10x.c...
assembling startup_stm32f10x_md.s...
compiling mbcrc.c...
compiling mbrtu.c...
..\USER\modbus\rtu\mbrtu.c(153): warning:  #550-D: variable "xFrameReceived" was set but never used
compiling mb.c...
compiling mbfunccoils.c...
compiling mbfuncdiag.c...
compiling mbfuncdisc.c...
compiling mbfuncholding.c...
compiling mbfuncinput.c...
compiling mbfuncother.c...
compiling mbutils.c...
compiling mbascii.c...
compiling port.c...
compiling portevent.c...
compiling portserial.c...
compiling porttimer.c...
linking...
Program Size: Code=9170 RO-data=950 RW-data=280 ZI-data=2336  
FromELF: creating hex file...
User command #1: fromelf --bin ".\Obj\Project.axf" --output ".\Project.bin"
".\Obj\Project.axf" - 0 Error(s), 1 Warning(s).
 
*** Rebuilding with Cross-Module Feedback:
Rebuild target 'MODBUS'
compiling main.c...
compiling stm32f10x_it.c...
compiling misc.c...
compiling stm32f10x_flash.c...
compiling stm32f10x_gpio.c...
compiling stm32f10x_rcc.c...
compiling stm32f10x_adc.c...
compiling stm32f10x_bkp.c...
compiling stm32f10x_can.c...
compiling stm32f10x_cec.c...
compiling stm32f10x_crc.c...
compiling stm32f10x_dac.c...
compiling stm32f10x_dbgmcu.c...
compiling stm32f10x_dma.c...
compiling stm32f10x_exti.c...
compiling stm32f10x_fsmc.c...
compiling stm32f10x_i2c.c...
compiling stm32f10x_iwdg.c...
compiling stm32f10x_pwr.c...
compiling stm32f10x_rtc.c...
compiling stm32f10x_sdio.c...
compiling stm32f10x_spi.c...
compiling stm32f10x_tim.c...
compiling stm32f10x_usart.c...
compiling stm32f10x_wwdg.c...
compiling core_cm3.c...
compiling system_stm32f10x.c...
assembling startup_stm32f10x_md.s...
compiling mbcrc.c...
compiling mbrtu.c...
..\USER\modbus\rtu\mbrtu.c(153): warning:  #550-D: variable "xFrameReceived" was set but never used
compiling mb.c...
compiling mbfunccoils.c...
compiling mbfuncdiag.c...
compiling mbfuncdisc.c...
compiling mbfuncholding.c...
compiling mbfuncinput.c...
compiling mbfuncother.c...
compiling mbutils.c...
compiling mbascii.c...
compiling port.c...
compiling portevent.c...
compiling portserial.c...
compiling porttimer.c...
linking...
Program Size: Code=9170 RO-data=950 RW-data=280 ZI-data=2336  
FromELF: creating hex file...
User command #1: fromelf --bin ".\Obj\Project.axf" --output ".\Project.bin"
".\Obj\Project.axf" - 0 Error(s), 1 Warning(s).
Clean started: Project: 'Project'
   deleting intermediate output files for target 'MODBUS'
Rebuild target 'MODBUS'
compiling main.c...
compiling stm32f10x_it.c...
compiling misc.c...
compiling stm32f10x_flash.c...
compiling stm32f10x_gpio.c...
compiling stm32f10x_rcc.c...
compiling stm32f10x_adc.c...
compiling stm32f10x_bkp.c...
compiling stm32f10x_can.c...
compiling stm32f10x_cec.c...
compiling stm32f10x_crc.c...
compiling stm32f10x_dac.c...
compiling stm32f10x_dbgmcu.c...
compiling stm32f10x_dma.c...
compiling stm32f10x_exti.c...
compiling stm32f10x_fsmc.c...
compiling stm32f10x_i2c.c...
compiling stm32f10x_iwdg.c...
compiling stm32f10x_pwr.c...
compiling stm32f10x_rtc.c...
compiling stm32f10x_sdio.c...
compiling stm32f10x_spi.c...
compiling stm32f10x_tim.c...
compiling stm32f10x_usart.c...
compiling stm32f10x_wwdg.c...
compiling core_cm3.c...
compiling system_stm32f10x.c...
assembling startup_stm32f10x_md.s...
compiling mbcrc.c...
compiling mbrtu.c...
..\USER\modbus\rtu\mbrtu.c(153): warning:  #550-D: variable "xFrameReceived" was set but never used
compiling mb.c...
compiling mbfunccoils.c...
compiling mbfuncdiag.c...
compiling mbfuncdisc.c...
compiling mbfuncholding.c...
compiling mbfuncinput.c...
compiling mbfuncother.c...
compiling mbutils.c...
compiling mbascii.c...
compiling port.c...
compiling portevent.c...
compiling portserial.c...
compiling porttimer.c...
linking...
Program Size: Code=9162 RO-data=950 RW-data=280 ZI-data=2336  
FromELF: creating hex file...
User command #1: fromelf --bin ".\Obj\Project.axf" --output ".\Project.bin"
".\Obj\Project.axf" - 0 Error(s), 1 Warning(s).
 
*** Rebuilding with Cross-Module Feedback:
Rebuild target 'MODBUS'
compiling main.c...
compiling stm32f10x_it.c...
compiling misc.c...
compiling stm32f10x_flash.c...
compiling stm32f10x_gpio.c...
compiling stm32f10x_rcc.c...
compiling stm32f10x_adc.c...
compiling stm32f10x_bkp.c...
compiling stm32f10x_can.c...
compiling stm32f10x_cec.c...
compiling stm32f10x_crc.c...
compiling stm32f10x_dac.c...
compiling stm32f10x_dbgmcu.c...
compiling stm32f10x_dma.c...
compiling stm32f10x_exti.c...
compiling stm32f10x_fsmc.c...
compiling stm32f10x_i2c.c...
compiling stm32f10x_iwdg.c...
compiling stm32f10x_pwr.c...
compiling stm32f10x_rtc.c...
compiling stm32f10x_sdio.c...
compiling stm32f10x_spi.c...
compiling stm32f10x_tim.c...
compiling stm32f10x_usart.c...
compiling stm32f10x_wwdg.c...
compiling core_cm3.c...
compiling system_stm32f10x.c...
assembling startup_stm32f10x_md.s...
compiling mbcrc.c...
compiling mbrtu.c...
..\USER\modbus\rtu\mbrtu.c(153): warning:  #550-D: variable "xFrameReceived" was set but never used
compiling mb.c...
compiling mbfunccoils.c...
compiling mbfuncdiag.c...
compiling mbfuncdisc.c...
compiling mbfuncholding.c...
compiling mbfuncinput.c...
compiling mbfuncother.c...
compiling mbutils.c...
compiling mbascii.c...
compiling port.c...
compiling portevent.c...
compiling portserial.c...
compiling porttimer.c...
linking...
Program Size: Code=9162 RO-data=950 RW-data=280 ZI-data=2336  
FromELF: creating hex file...
User command #1: fromelf --bin ".\Obj\Project.axf" --output ".\Project.bin"
".\Obj\Project.axf" - 0 Error(s), 1 Warning(s).
Clean started: Project: 'Project'
   deleting intermediate output files for target 'MODBUS'
Rebuild target 'MODBUS'
compiling main.c...
compiling stm32f10x_it.c...
compiling misc.c...
compiling stm32f10x_flash.c...
compiling stm32f10x_gpio.c...
compiling stm32f10x_rcc.c...
compiling stm32f10x_adc.c...
compiling stm32f10x_bkp.c...
compiling stm32f10x_can.c...
compiling stm32f10x_cec.c...
compiling stm32f10x_crc.c...
compiling stm32f10x_dac.c...
compiling stm32f10x_dbgmcu.c...
compiling stm32f10x_dma.c...
compiling stm32f10x_exti.c...
compiling stm32f10x_fsmc.c...
compiling stm32f10x_i2c.c...
compiling stm32f10x_iwdg.c...
compiling stm32f10x_pwr.c...
compiling stm32f10x_rtc.c...
compiling stm32f10x_sdio.c...
compiling stm32f10x_spi.c...
compiling stm32f10x_tim.c...
compiling stm32f10x_usart.c...
compiling stm32f10x_wwdg.c...
compiling core_cm3.c...
compiling system_stm32f10x.c...
assembling startup_stm32f10x_md.s...
compiling mbcrc.c...
compiling mbrtu.c...
..\USER\modbus\rtu\mbrtu.c(153): warning:  #550-D: variable "xFrameReceived" was set but never used
compiling mb.c...
compiling mbfunccoils.c...
compiling mbfuncdiag.c...
compiling mbfuncdisc.c...
compiling mbfuncholding.c...
compiling mbfuncinput.c...
compiling mbfuncother.c...
compiling mbutils.c...
compiling mbascii.c...
compiling port.c...
compiling portevent.c...
compiling portserial.c...
compiling porttimer.c...
linking...
Program Size: Code=9158 RO-data=950 RW-data=280 ZI-data=2336  
FromELF: creating hex file...
User command #1: fromelf --bin ".\Obj\Project.axf" --output ".\Project.bin"
".\Obj\Project.axf" - 0 Error(s), 1 Warning(s).
 
*** Rebuilding with Cross-Module Feedback:
Rebuild target 'MODBUS'
compiling main.c...
compiling stm32f10x_it.c...
compiling misc.c...
compiling stm32f10x_flash.c...
compiling stm32f10x_gpio.c...
compiling stm32f10x_rcc.c...
compiling stm32f10x_adc.c...
compiling stm32f10x_bkp.c...
compiling stm32f10x_can.c...
compiling stm32f10x_cec.c...
compiling stm32f10x_crc.c...
compiling stm32f10x_dac.c...
compiling stm32f10x_dbgmcu.c...
compiling stm32f10x_dma.c...
compiling stm32f10x_exti.c...
compiling stm32f10x_fsmc.c...
compiling stm32f10x_i2c.c...
compiling stm32f10x_iwdg.c...
compiling stm32f10x_pwr.c...
compiling stm32f10x_rtc.c...
compiling stm32f10x_sdio.c...
compiling stm32f10x_spi.c...
compiling stm32f10x_tim.c...
compiling stm32f10x_usart.c...
compiling stm32f10x_wwdg.c...
compiling core_cm3.c...
compiling system_stm32f10x.c...
assembling startup_stm32f10x_md.s...
compiling mbcrc.c...
compiling mbrtu.c...
..\USER\modbus\rtu\mbrtu.c(153): warning:  #550-D: variable "xFrameReceived" was set but never used
compiling mb.c...
compiling mbfunccoils.c...
compiling mbfuncdiag.c...
compiling mbfuncdisc.c...
compiling mbfuncholding.c...
compiling mbfuncinput.c...
compiling mbfuncother.c...
compiling mbutils.c...
compiling mbascii.c...
compiling port.c...
compiling portevent.c...
compiling portserial.c...
compiling porttimer.c...
linking...
Program Size: Code=9158 RO-data=950 RW-data=280 ZI-data=2336  
FromELF: creating hex file...
User command #1: fromelf --bin ".\Obj\Project.axf" --output ".\Project.bin"
".\Obj\Project.axf" - 0 Error(s), 1 Warning(s).
Clean started: Project: 'Project'
   deleting intermediate output files for target 'MODBUS'
