<html>
<body>
<pre>
<h1>µVision Build Log</h1>
<h2>Project:</h2>
C:\Users\Je\Desktop\BALANCING\MDK-ARM\Project.uvproj
Project File Date:  08/30/2013

<h2>Output:</h2>
Rebuild target 'GPIO_Blink'
compiling main.c...
..\USER\main.c(101): warning:  #177-D: variable "Dangle" was declared but never referenced
..\USER\main.c(298): warning:  #177-D: variable "error" was declared but never referenced
compiling stm32f10x_it.c...
compiling misc.c...
compiling stm32f10x_flash.c...
compiling stm32f10x_gpio.c...
compiling stm32f10x_rcc.c...
compiling stm32f10x_adc.c...
compiling stm32f10x_bkp.c...
compiling stm32f10x_can.c...
compiling stm32f10x_cec.c...
compiling stm32f10x_crc.c...
compiling stm32f10x_dac.c...
compiling stm32f10x_dbgmcu.c...
compiling stm32f10x_dma.c...
compiling stm32f10x_exti.c...
compiling stm32f10x_fsmc.c...
compiling stm32f10x_i2c.c...
compiling stm32f10x_iwdg.c...
compiling stm32f10x_pwr.c...
compiling stm32f10x_rtc.c...
compiling stm32f10x_sdio.c...
compiling stm32f10x_spi.c...
compiling stm32f10x_tim.c...
compiling stm32f10x_usart.c...
compiling stm32f10x_wwdg.c...
compiling core_cm3.c...
compiling system_stm32f10x.c...
assembling startup_stm32f10x_hd.s...
compiling MPU6050.c...
linking...
Program Size: Code=7520 RO-data=488 RW-data=140 ZI-data=1028  
FromELF: creating hex file...
User command #1: fromelf --bin ".\Obj\Project.axf" --output ".\Project.bin"
".\Obj\Project.axf" - 0 Error(s), 2 Warning(s).
Rebuild target 'GPIO_Blink'
compiling main.c...
..\USER\main.c(252): error:  #20: identifier "TOPSPEED" is undefined
..\USER\main.c(101): warning:  #177-D: variable "Dangle" was declared but never referenced
..\USER\main.c(333): warning:  #177-D: variable "error" was declared but never referenced
compiling stm32f10x_it.c...
compiling misc.c...
compiling stm32f10x_flash.c...
Project build/rebuild aborted.
Target not created
Rebuild target 'GPIO_Blink'
compiling main.c...
..\USER\main.c(101): warning:  #177-D: variable "Dangle" was declared but never referenced
..\USER\main.c(335): warning:  #177-D: variable "error" was declared but never referenced
compiling stm32f10x_it.c...
compiling misc.c...
compiling stm32f10x_flash.c...
compiling stm32f10x_gpio.c...
compiling stm32f10x_rcc.c...
compiling stm32f10x_adc.c...
compiling stm32f10x_bkp.c...
compiling stm32f10x_can.c...
compiling stm32f10x_cec.c...
compiling stm32f10x_crc.c...
compiling stm32f10x_dac.c...
compiling stm32f10x_dbgmcu.c...
compiling stm32f10x_dma.c...
compiling stm32f10x_exti.c...
compiling stm32f10x_fsmc.c...
compiling stm32f10x_i2c.c...
compiling stm32f10x_iwdg.c...
compiling stm32f10x_pwr.c...
compiling stm32f10x_rtc.c...
compiling stm32f10x_sdio.c...
compiling stm32f10x_spi.c...
compiling stm32f10x_tim.c...
compiling stm32f10x_usart.c...
compiling stm32f10x_wwdg.c...
compiling core_cm3.c...
compiling system_stm32f10x.c...
assembling startup_stm32f10x_hd.s...
compiling MPU6050.c...
linking...
Program Size: Code=7912 RO-data=488 RW-data=140 ZI-data=1028  
FromELF: creating hex file...
User command #1: fromelf --bin ".\Obj\Project.axf" --output ".\Project.bin"
".\Obj\Project.axf" - 0 Error(s), 2 Warning(s).
Rebuild target 'GPIO_Blink'
compiling main.c...
..\USER\main.c(300): warning:  #111-D: statement is unreachable
..\USER\main.c(101): warning:  #177-D: variable "Dangle" was declared but never referenced
..\USER\main.c(303): error:  #169: expected a declaration
..\USER\main.c(329): warning:  #12-D: parsing restarts here after previous syntax error
..\USER\main.c(330): error:  #169: expected a declaration
..\USER\main.c(369): warning:  #12-D: parsing restarts here after previous syntax error
..\USER\main.c(373): error:  #79: expected a type specifier
..\USER\main.c(373): error:  #757: constant "ENABLE" is not a type name
..\USER\main.c(373): warning:  #77-D: this declaration has no storage class or type specifier
..\USER\main.c(373): error:  #147: declaration is incompatible with "void GPIO_PinRemapConfig(uint32_t, FunctionalState)" (declared at line 363 of "..\Libraries\STM32F10x_StdPeriph_Driver\inc\stm32f10x_gpio.h")
..\USER\main.c(376): error:  #79: expected a type specifier
..\USER\main.c(376): warning:  #77-D: this declaration has no storage class or type specifier
..\USER\main.c(376): error:  #147: declaration is incompatible with "void GPIO_StructInit(GPIO_InitTypeDef *)" (declared at line 351 of "..\Libraries\STM32F10x_StdPeriph_Driver\inc\stm32f10x_gpio.h")
..\USER\main.c(379): error:  #77-D: this declaration has no storage class or type specifier
..\USER\main.c(379): error:  #65: expected a ";"
..\USER\main.c(380): error:  #77-D: this declaration has no storage class or type specifier
..\USER\main.c(380): error:  #65: expected a ";"
..\USER\main.c(381): error:  #77-D: this declaration has no storage class or type specifier
..\USER\main.c(381): error:  #65: expected a ";"
..\USER\main.c(382): error:  #79: expected a type specifier
..\USER\main.c(382): error:  #79: expected a type specifier
..\USER\main.c(382): warning:  #77-D: this declaration has no storage class or type specifier
..\USER\main.c(382): error:  #147: declaration is incompatible with "void GPIO_Init(GPIO_TypeDef *, GPIO_InitTypeDef *)" (declared at line 350 of "..\Libraries\STM32F10x_StdPeriph_Driver\inc\stm32f10x_gpio.h")
..\USER\main.c(385): error:  #79: expected a type specifier
..\USER\main.c(385): warning:  #77-D: this declaration has no storage class or type specifier
..\USER\main.c(388): error:  #77-D: this declaration has no storage class or type specifier
..\USER\main.c(388): error:  #65: expected a ";"
..\USER\main.c(389): error:  #77-D: this declaration has no storage class or type specifier
..\USER\main.c(389): error:  #65: expected a ";"
..\USER\main.c(390): error:  #77-D: this declaration has no storage class or type specifier
..\USER\main.c(390): error:  #65: expected a ";"
..\USER\main.c(391): error:  #79: expected a type specifier
..\USER\main.c(391): error:  #79: expected a type specifier
..\USER\main.c(391): warning:  #77-D: this declaration has no storage class or type specifier
..\USER\main.c(392): error:  #169: expected a declaration
..\USER\main.c(436): warning:  #12-D: parsing restarts here after previous syntax error
..\USER\main.c(437): error:  #77-D: this declaration has no storage class or type specifier
..\USER\main.c(437): error:  #65: expected a ";"
..\USER\main.c(438): error:  #77-D: this declaration has no storage class or type specifier
..\USER\main.c(438): error:  #65: expected a ";"
compiling stm32f10x_it.c...
compiling misc.c...
compiling stm32f10x_flash.c...
compiling stm32f10x_gpio.c...
compiling stm32f10x_rcc.c...
compiling stm32f10x_adc.c...
compiling stm32f10x_bkp.c...
compiling stm32f10x_can.c...
compiling stm32f10x_cec.c...
compiling stm32f10x_crc.c...
compiling stm32f10x_dac.c...
compiling stm32f10x_dbgmcu.c...
compiling stm32f10x_dma.c...
compiling stm32f10x_exti.c...
compiling stm32f10x_fsmc.c...
compiling stm32f10x_i2c.c...
compiling stm32f10x_iwdg.c...
compiling stm32f10x_pwr.c...
compiling stm32f10x_rtc.c...
compiling stm32f10x_sdio.c...
compiling stm32f10x_spi.c...
compiling stm32f10x_tim.c...
compiling stm32f10x_usart.c...
compiling stm32f10x_wwdg.c...
compiling core_cm3.c...
compiling system_stm32f10x.c...
assembling startup_stm32f10x_hd.s...
compiling MPU6050.c...
Target not created
Rebuild target 'GPIO_Blink'
compiling main.c...
..\USER\main.c(101): warning:  #177-D: variable "Dangle" was declared but never referenced
..\USER\main.c(333): warning:  #177-D: variable "error" was declared but never referenced
compiling stm32f10x_it.c...
compiling misc.c...
compiling stm32f10x_flash.c...
compiling stm32f10x_gpio.c...
compiling stm32f10x_rcc.c...
compiling stm32f10x_adc.c...
compiling stm32f10x_bkp.c...
compiling stm32f10x_can.c...
compiling stm32f10x_cec.c...
compiling stm32f10x_crc.c...
compiling stm32f10x_dac.c...
compiling stm32f10x_dbgmcu.c...
compiling stm32f10x_dma.c...
compiling stm32f10x_exti.c...
compiling stm32f10x_fsmc.c...
compiling stm32f10x_i2c.c...
compiling stm32f10x_iwdg.c...
compiling stm32f10x_pwr.c...
compiling stm32f10x_rtc.c...
compiling stm32f10x_sdio.c...
compiling stm32f10x_spi.c...
compiling stm32f10x_tim.c...
compiling stm32f10x_usart.c...
compiling stm32f10x_wwdg.c...
compiling core_cm3.c...
compiling system_stm32f10x.c...
assembling startup_stm32f10x_hd.s...
compiling MPU6050.c...
linking...
Program Size: Code=7520 RO-data=488 RW-data=140 ZI-data=1028  
FromELF: creating hex file...
User command #1: fromelf --bin ".\Obj\Project.axf" --output ".\Project.bin"
".\Obj\Project.axf" - 0 Error(s), 2 Warning(s).
Rebuild target 'GPIO_Blink'
compiling main.c...
..\USER\main.c(101): warning:  #177-D: variable "Dangle" was declared but never referenced
..\USER\main.c(333): warning:  #177-D: variable "error" was declared but never referenced
compiling stm32f10x_it.c...
compiling misc.c...
compiling stm32f10x_flash.c...
compiling stm32f10x_gpio.c...
compiling stm32f10x_rcc.c...
compiling stm32f10x_adc.c...
compiling stm32f10x_bkp.c...
compiling stm32f10x_can.c...
compiling stm32f10x_cec.c...
compiling stm32f10x_crc.c...
compiling stm32f10x_dac.c...
compiling stm32f10x_dbgmcu.c...
compiling stm32f10x_dma.c...
compiling stm32f10x_exti.c...
compiling stm32f10x_fsmc.c...
compiling stm32f10x_i2c.c...
compiling stm32f10x_iwdg.c...
compiling stm32f10x_pwr.c...
compiling stm32f10x_rtc.c...
compiling stm32f10x_sdio.c...
compiling stm32f10x_spi.c...
compiling stm32f10x_tim.c...
compiling stm32f10x_usart.c...
compiling stm32f10x_wwdg.c...
compiling core_cm3.c...
compiling system_stm32f10x.c...
assembling startup_stm32f10x_hd.s...
compiling MPU6050.c...
linking...
Program Size: Code=7904 RO-data=488 RW-data=140 ZI-data=1028  
FromELF: creating hex file...
User command #1: fromelf --bin ".\Obj\Project.axf" --output ".\Project.bin"
".\Obj\Project.axf" - 0 Error(s), 2 Warning(s).
Rebuild target 'GPIO_Blink'
compiling main.c...
..\USER\main.c(101): warning:  #177-D: variable "Dangle" was declared but never referenced
..\USER\main.c(337): warning:  #177-D: variable "error" was declared but never referenced
compiling stm32f10x_it.c...
compiling misc.c...
compiling stm32f10x_flash.c...
compiling stm32f10x_gpio.c...
compiling stm32f10x_rcc.c...
compiling stm32f10x_adc.c...
compiling stm32f10x_bkp.c...
compiling stm32f10x_can.c...
compiling stm32f10x_cec.c...
compiling stm32f10x_crc.c...
compiling stm32f10x_dac.c...
compiling stm32f10x_dbgmcu.c...
compiling stm32f10x_dma.c...
compiling stm32f10x_exti.c...
compiling stm32f10x_fsmc.c...
compiling stm32f10x_i2c.c...
compiling stm32f10x_iwdg.c...
compiling stm32f10x_pwr.c...
compiling stm32f10x_rtc.c...
compiling stm32f10x_sdio.c...
compiling stm32f10x_spi.c...
compiling stm32f10x_tim.c...
compiling stm32f10x_usart.c...
compiling stm32f10x_wwdg.c...
compiling core_cm3.c...
compiling system_stm32f10x.c...
assembling startup_stm32f10x_hd.s...
compiling MPU6050.c...
linking...
Program Size: Code=7928 RO-data=488 RW-data=140 ZI-data=1028  
FromELF: creating hex file...
User command #1: fromelf --bin ".\Obj\Project.axf" --output ".\Project.bin"
".\Obj\Project.axf" - 0 Error(s), 2 Warning(s).
Rebuild target 'GPIO_Blink'
compiling main.c...
..\USER\main.c(101): warning:  #177-D: variable "Dangle" was declared but never referenced
..\USER\main.c(337): warning:  #177-D: variable "error" was declared but never referenced
compiling stm32f10x_it.c...
compiling misc.c...
compiling stm32f10x_flash.c...
compiling stm32f10x_gpio.c...
compiling stm32f10x_rcc.c...
compiling stm32f10x_adc.c...
compiling stm32f10x_bkp.c...
compiling stm32f10x_can.c...
compiling stm32f10x_cec.c...
compiling stm32f10x_crc.c...
compiling stm32f10x_dac.c...
compiling stm32f10x_dbgmcu.c...
compiling stm32f10x_dma.c...
compiling stm32f10x_exti.c...
compiling stm32f10x_fsmc.c...
compiling stm32f10x_i2c.c...
compiling stm32f10x_iwdg.c...
compiling stm32f10x_pwr.c...
compiling stm32f10x_rtc.c...
compiling stm32f10x_sdio.c...
compiling stm32f10x_spi.c...
compiling stm32f10x_tim.c...
compiling stm32f10x_usart.c...
compiling stm32f10x_wwdg.c...
compiling core_cm3.c...
compiling system_stm32f10x.c...
assembling startup_stm32f10x_hd.s...
compiling MPU6050.c...
linking...
Program Size: Code=7920 RO-data=488 RW-data=140 ZI-data=1028  
FromELF: creating hex file...
User command #1: fromelf --bin ".\Obj\Project.axf" --output ".\Project.bin"
".\Obj\Project.axf" - 0 Error(s), 2 Warning(s).
Rebuild target 'GPIO_Blink'
compiling main.c...
..\USER\main.c(101): warning:  #177-D: variable "Dangle" was declared but never referenced
..\USER\main.c(337): warning:  #177-D: variable "error" was declared but never referenced
compiling stm32f10x_it.c...
compiling misc.c...
compiling stm32f10x_flash.c...
compiling stm32f10x_gpio.c...
compiling stm32f10x_rcc.c...
compiling stm32f10x_adc.c...
compiling stm32f10x_bkp.c...
compiling stm32f10x_can.c...
compiling stm32f10x_cec.c...
compiling stm32f10x_crc.c...
compiling stm32f10x_dac.c...
compiling stm32f10x_dbgmcu.c...
compiling stm32f10x_dma.c...
compiling stm32f10x_exti.c...
compiling stm32f10x_fsmc.c...
compiling stm32f10x_i2c.c...
compiling stm32f10x_iwdg.c...
compiling stm32f10x_pwr.c...
compiling stm32f10x_rtc.c...
compiling stm32f10x_sdio.c...
compiling stm32f10x_spi.c...
compiling stm32f10x_tim.c...
compiling stm32f10x_usart.c...
compiling stm32f10x_wwdg.c...
compiling core_cm3.c...
compiling system_stm32f10x.c...
assembling startup_stm32f10x_hd.s...
compiling MPU6050.c...
linking...
Program Size: Code=7544 RO-data=488 RW-data=140 ZI-data=1028  
FromELF: creating hex file...
User command #1: fromelf --bin ".\Obj\Project.axf" --output ".\Project.bin"
".\Obj\Project.axf" - 0 Error(s), 2 Warning(s).
Rebuild target 'GPIO_Blink'
compiling main.c...
..\USER\main.c(101): warning:  #177-D: variable "Dangle" was declared but never referenced
..\USER\main.c(333): warning:  #177-D: variable "error" was declared but never referenced
compiling stm32f10x_it.c...
compiling misc.c...
compiling stm32f10x_flash.c...
compiling stm32f10x_gpio.c...
compiling stm32f10x_rcc.c...
compiling stm32f10x_adc.c...
compiling stm32f10x_bkp.c...
compiling stm32f10x_can.c...
compiling stm32f10x_cec.c...
compiling stm32f10x_crc.c...
compiling stm32f10x_dac.c...
compiling stm32f10x_dbgmcu.c...
compiling stm32f10x_dma.c...
compiling stm32f10x_exti.c...
compiling stm32f10x_fsmc.c...
compiling stm32f10x_i2c.c...
compiling stm32f10x_iwdg.c...
compiling stm32f10x_pwr.c...
compiling stm32f10x_rtc.c...
compiling stm32f10x_sdio.c...
compiling stm32f10x_spi.c...
compiling stm32f10x_tim.c...
compiling stm32f10x_usart.c...
compiling stm32f10x_wwdg.c...
compiling core_cm3.c...
compiling system_stm32f10x.c...
assembling startup_stm32f10x_hd.s...
compiling MPU6050.c...
linking...
Program Size: Code=7520 RO-data=488 RW-data=140 ZI-data=1028  
FromELF: creating hex file...
User command #1: fromelf --bin ".\Obj\Project.axf" --output ".\Project.bin"
".\Obj\Project.axf" - 0 Error(s), 2 Warning(s).
Rebuild target 'GPIO_Blink'
compiling main.c...
..\USER\main.c(101): warning:  #177-D: variable "Dangle" was declared but never referenced
..\USER\main.c(333): warning:  #177-D: variable "error" was declared but never referenced
compiling stm32f10x_it.c...
compiling misc.c...
compiling stm32f10x_flash.c...
compiling stm32f10x_gpio.c...
compiling stm32f10x_rcc.c...
compiling stm32f10x_adc.c...
compiling stm32f10x_bkp.c...
compiling stm32f10x_can.c...
compiling stm32f10x_cec.c...
compiling stm32f10x_crc.c...
compiling stm32f10x_dac.c...
compiling stm32f10x_dbgmcu.c...
compiling stm32f10x_dma.c...
compiling stm32f10x_exti.c...
compiling stm32f10x_fsmc.c...
compiling stm32f10x_i2c.c...
compiling stm32f10x_iwdg.c...
compiling stm32f10x_pwr.c...
compiling stm32f10x_rtc.c...
compiling stm32f10x_sdio.c...
compiling stm32f10x_spi.c...
compiling stm32f10x_tim.c...
compiling stm32f10x_usart.c...
compiling stm32f10x_wwdg.c...
compiling core_cm3.c...
compiling system_stm32f10x.c...
assembling startup_stm32f10x_hd.s...
compiling MPU6050.c...
linking...
Program Size: Code=7912 RO-data=488 RW-data=140 ZI-data=1028  
FromELF: creating hex file...
User command #1: fromelf --bin ".\Obj\Project.axf" --output ".\Project.bin"
".\Obj\Project.axf" - 0 Error(s), 2 Warning(s).
Rebuild target 'GPIO_Blink'
compiling main.c...
..\USER\main.c(101): warning:  #177-D: variable "Dangle" was declared but never referenced
..\USER\main.c(333): warning:  #177-D: variable "error" was declared but never referenced
compiling stm32f10x_it.c...
compiling misc.c...
compiling stm32f10x_flash.c...
compiling stm32f10x_gpio.c...
compiling stm32f10x_rcc.c...
compiling stm32f10x_adc.c...
compiling stm32f10x_bkp.c...
compiling stm32f10x_can.c...
compiling stm32f10x_cec.c...
compiling stm32f10x_crc.c...
compiling stm32f10x_dac.c...
compiling stm32f10x_dbgmcu.c...
compiling stm32f10x_dma.c...
compiling stm32f10x_exti.c...
compiling stm32f10x_fsmc.c...
compiling stm32f10x_i2c.c...
compiling stm32f10x_iwdg.c...
compiling stm32f10x_pwr.c...
compiling stm32f10x_rtc.c...
compiling stm32f10x_sdio.c...
compiling stm32f10x_spi.c...
compiling stm32f10x_tim.c...
compiling stm32f10x_usart.c...
compiling stm32f10x_wwdg.c...
compiling core_cm3.c...
compiling system_stm32f10x.c...
assembling startup_stm32f10x_hd.s...
compiling MPU6050.c...
linking...
Program Size: Code=7520 RO-data=488 RW-data=140 ZI-data=1028  
FromELF: creating hex file...
User command #1: fromelf --bin ".\Obj\Project.axf" --output ".\Project.bin"
".\Obj\Project.axf" - 0 Error(s), 2 Warning(s).
Rebuild target 'GPIO_Blink'
compiling main.c...
..\USER\main.c(101): warning:  #177-D: variable "Dangle" was declared but never referenced
..\USER\main.c(333): warning:  #177-D: variable "error" was declared but never referenced
compiling stm32f10x_it.c...
compiling misc.c...
compiling stm32f10x_flash.c...
compiling stm32f10x_gpio.c...
compiling stm32f10x_rcc.c...
compiling stm32f10x_adc.c...
compiling stm32f10x_bkp.c...
compiling stm32f10x_can.c...
compiling stm32f10x_cec.c...
compiling stm32f10x_crc.c...
compiling stm32f10x_dac.c...
compiling stm32f10x_dbgmcu.c...
compiling stm32f10x_dma.c...
compiling stm32f10x_exti.c...
compiling stm32f10x_fsmc.c...
compiling stm32f10x_i2c.c...
compiling stm32f10x_iwdg.c...
compiling stm32f10x_pwr.c...
compiling stm32f10x_rtc.c...
compiling stm32f10x_sdio.c...
compiling stm32f10x_spi.c...
compiling stm32f10x_tim.c...
compiling stm32f10x_usart.c...
compiling stm32f10x_wwdg.c...
compiling core_cm3.c...
compiling system_stm32f10x.c...
assembling startup_stm32f10x_hd.s...
compiling MPU6050.c...
linking...
Program Size: Code=7912 RO-data=488 RW-data=140 ZI-data=1028  
FromELF: creating hex file...
User command #1: fromelf --bin ".\Obj\Project.axf" --output ".\Project.bin"
".\Obj\Project.axf" - 0 Error(s), 2 Warning(s).
Rebuild target 'GPIO_Blink'
compiling main.c...
..\USER\main.c(101): warning:  #177-D: variable "Dangle" was declared but never referenced
..\USER\main.c(369): warning:  #177-D: variable "error" was declared but never referenced
compiling stm32f10x_it.c...
compiling misc.c...
compiling stm32f10x_flash.c...
compiling stm32f10x_gpio.c...
compiling stm32f10x_rcc.c...
compiling stm32f10x_adc.c...
compiling stm32f10x_bkp.c...
compiling stm32f10x_can.c...
compiling stm32f10x_cec.c...
compiling stm32f10x_crc.c...
compiling stm32f10x_dac.c...
compiling stm32f10x_dbgmcu.c...
compiling stm32f10x_dma.c...
compiling stm32f10x_exti.c...
compiling stm32f10x_fsmc.c...
compiling stm32f10x_i2c.c...
compiling stm32f10x_iwdg.c...
compiling stm32f10x_pwr.c...
compiling stm32f10x_rtc.c...
compiling stm32f10x_sdio.c...
compiling stm32f10x_spi.c...
compiling stm32f10x_tim.c...
compiling stm32f10x_usart.c...
compiling stm32f10x_wwdg.c...
compiling core_cm3.c...
compiling system_stm32f10x.c...
assembling startup_stm32f10x_hd.s...
compiling MPU6050.c...
linking...
Program Size: Code=7800 RO-data=488 RW-data=140 ZI-data=1028  
FromELF: creating hex file...
User command #1: fromelf --bin ".\Obj\Project.axf" --output ".\Project.bin"
".\Obj\Project.axf" - 0 Error(s), 2 Warning(s).
Rebuild target 'GPIO_Blink'
compiling main.c...
..\USER\main.c(101): warning:  #177-D: variable "Dangle" was declared but never referenced
..\USER\main.c(375): warning:  #177-D: variable "error" was declared but never referenced
compiling stm32f10x_it.c...
compiling misc.c...
compiling stm32f10x_flash.c...
compiling stm32f10x_gpio.c...
compiling stm32f10x_rcc.c...
compiling stm32f10x_adc.c...
compiling stm32f10x_bkp.c...
compiling stm32f10x_can.c...
compiling stm32f10x_cec.c...
compiling stm32f10x_crc.c...
compiling stm32f10x_dac.c...
compiling stm32f10x_dbgmcu.c...
compiling stm32f10x_dma.c...
compiling stm32f10x_exti.c...
compiling stm32f10x_fsmc.c...
compiling stm32f10x_i2c.c...
compiling stm32f10x_iwdg.c...
compiling stm32f10x_pwr.c...
compiling stm32f10x_rtc.c...
compiling stm32f10x_sdio.c...
compiling stm32f10x_spi.c...
compiling stm32f10x_tim.c...
compiling stm32f10x_usart.c...
compiling stm32f10x_wwdg.c...
compiling core_cm3.c...
compiling system_stm32f10x.c...
assembling startup_stm32f10x_hd.s...
compiling MPU6050.c...
linking...
Program Size: Code=8968 RO-data=488 RW-data=140 ZI-data=1028  
FromELF: creating hex file...
User command #1: fromelf --bin ".\Obj\Project.axf" --output ".\Project.bin"
".\Obj\Project.axf" - 0 Error(s), 2 Warning(s).
Rebuild target 'GPIO_Blink'
compiling main.c...
..\USER\main.c(100): warning:  #177-D: variable "Dangle" was declared but never referenced
compiling stm32f10x_it.c...
compiling misc.c...
compiling stm32f10x_flash.c...
compiling stm32f10x_gpio.c...
compiling stm32f10x_rcc.c...
Project build/rebuild aborted.
Target not created
Rebuild target 'GPIO_Blink'
compiling main.c...
..\USER\main.c(98): warning:  #177-D: variable "Dangle" was declared but never referenced
compiling stm32f10x_it.c...
..\USER\stm32f10x_it.c(137): warning:  #223-D: function "SYSTICK_Counter_Increment" declared implicitly
compiling misc.c...
compiling stm32f10x_flash.c...
compiling stm32f10x_gpio.c...
Project build/rebuild aborted.
Target not created
Rebuild target 'GPIO_Blink'
compiling main.c...
..\USER\main.c(98): warning:  #177-D: variable "Dangle" was declared but never referenced
compiling stm32f10x_it.c...
compiling misc.c...
compiling stm32f10x_flash.c...
compiling stm32f10x_gpio.c...
Project build/rebuild aborted.
Target not created
Rebuild target 'GPIO_Blink'
compiling main.c...
compiling stm32f10x_it.c...
compiling misc.c...
compiling stm32f10x_flash.c...
compiling stm32f10x_gpio.c...
compiling stm32f10x_rcc.c...
compiling stm32f10x_adc.c...
compiling stm32f10x_bkp.c...
compiling stm32f10x_can.c...
compiling stm32f10x_cec.c...
compiling stm32f10x_crc.c...
compiling stm32f10x_dac.c...
compiling stm32f10x_dbgmcu.c...
compiling stm32f10x_dma.c...
compiling stm32f10x_exti.c...
compiling stm32f10x_fsmc.c...
compiling stm32f10x_i2c.c...
compiling stm32f10x_iwdg.c...
compiling stm32f10x_pwr.c...
compiling stm32f10x_rtc.c...
compiling stm32f10x_sdio.c...
compiling stm32f10x_spi.c...
compiling stm32f10x_tim.c...
compiling stm32f10x_usart.c...
compiling stm32f10x_wwdg.c...
compiling core_cm3.c...
compiling system_stm32f10x.c...
assembling startup_stm32f10x_hd.s...
compiling MPU6050.c...
linking...
Program Size: Code=7488 RO-data=488 RW-data=140 ZI-data=1028  
FromELF: creating hex file...
User command #1: fromelf --bin ".\Obj\Project.axf" --output ".\Project.bin"
".\Obj\Project.axf" - 0 Error(s), 0 Warning(s).
Rebuild target 'GPIO_Blink'
compiling main.c...
compiling stm32f10x_it.c...
compiling misc.c...
compiling stm32f10x_flash.c...
compiling stm32f10x_gpio.c...
compiling stm32f10x_rcc.c...
compiling stm32f10x_adc.c...
compiling stm32f10x_bkp.c...
compiling stm32f10x_can.c...
compiling stm32f10x_cec.c...
compiling stm32f10x_crc.c...
compiling stm32f10x_dac.c...
compiling stm32f10x_dbgmcu.c...
compiling stm32f10x_dma.c...
compiling stm32f10x_exti.c...
compiling stm32f10x_fsmc.c...
compiling stm32f10x_i2c.c...
compiling stm32f10x_iwdg.c...
compiling stm32f10x_pwr.c...
compiling stm32f10x_rtc.c...
compiling stm32f10x_sdio.c...
compiling stm32f10x_spi.c...
compiling stm32f10x_tim.c...
compiling stm32f10x_usart.c...
compiling stm32f10x_wwdg.c...
compiling core_cm3.c...
compiling system_stm32f10x.c...
assembling startup_stm32f10x_hd.s...
compiling MPU6050.c...
linking...
Program Size: Code=7488 RO-data=488 RW-data=140 ZI-data=1028  
FromELF: creating hex file...
User command #1: fromelf --bin ".\Obj\Project.axf" --output ".\Project.bin"
".\Obj\Project.axf" - 0 Error(s), 0 Warning(s).
Rebuild target 'GPIO_Blink'
compiling main.c...
..\USER\main.c(101): warning:  #177-D: variable "Dangle" was declared but never referenced
..\USER\main.c(298): warning:  #177-D: variable "error" was declared but never referenced
compiling stm32f10x_it.c...
compiling misc.c...
compiling stm32f10x_flash.c...
compiling stm32f10x_gpio.c...
compiling stm32f10x_rcc.c...
compiling stm32f10x_adc.c...
compiling stm32f10x_bkp.c...
compiling stm32f10x_can.c...
compiling stm32f10x_cec.c...
compiling stm32f10x_crc.c...
compiling stm32f10x_dac.c...
compiling stm32f10x_dbgmcu.c...
compiling stm32f10x_dma.c...
compiling stm32f10x_exti.c...
compiling stm32f10x_fsmc.c...
compiling stm32f10x_i2c.c...
compiling stm32f10x_iwdg.c...
compiling stm32f10x_pwr.c...
compiling stm32f10x_rtc.c...
compiling stm32f10x_sdio.c...
compiling stm32f10x_spi.c...
compiling stm32f10x_tim.c...
compiling stm32f10x_usart.c...
compiling stm32f10x_wwdg.c...
compiling core_cm3.c...
compiling system_stm32f10x.c...
assembling startup_stm32f10x_hd.s...
compiling MPU6050.c...
linking...
Program Size: Code=7520 RO-data=488 RW-data=140 ZI-data=1028  
FromELF: creating hex file...
User command #1: fromelf --bin ".\Obj\Project.axf" --output ".\Project.bin"
".\Obj\Project.axf" - 0 Error(s), 2 Warning(s).
