<html>
<body>
<pre>
<h1>µVision Build Log</h1>
<h2>Project:</h2>
C:\Users\Bogdan\Desktop\USART\MDK-ARM\Project.uvproj
Project File Date:  04/16/2016

<h2>Output:</h2>
Clean started: Project: 'Project'
   deleting intermediate output files for target 'USART'
Rebuild target 'USART'
compiling main.c...
compiling stm32f10x_it.c...
compiling misc.c...
compiling stm32f10x_flash.c...
compiling stm32f10x_gpio.c...
compiling stm32f10x_rcc.c...
compiling stm32f10x_adc.c...
compiling stm32f10x_bkp.c...
compiling stm32f10x_can.c...
compiling stm32f10x_cec.c...
compiling stm32f10x_crc.c...
compiling stm32f10x_dac.c...
compiling stm32f10x_dbgmcu.c...
compiling stm32f10x_dma.c...
compiling stm32f10x_exti.c...
compiling stm32f10x_fsmc.c...
compiling stm32f10x_i2c.c...
compiling stm32f10x_iwdg.c...
compiling stm32f10x_pwr.c...
compiling stm32f10x_rtc.c...
compiling stm32f10x_sdio.c...
compiling stm32f10x_spi.c...
compiling stm32f10x_tim.c...
compiling stm32f10x_usart.c...
compiling stm32f10x_wwdg.c...
compiling core_cm3.c...
compiling system_stm32f10x.c...
assembling startup_stm32f10x_md.s...
linking...
.\Obj\Project.axf: Error: L6406E: No space in execution regions with .ANY selector matching main.o(.bss).
.\Obj\Project.axf: Error: L6407E: Sections of aggregate size 0x61a80 bytes could not fit into .ANY selector(s).
Target not created
Load "C:\\Users\\Bogdan\\Desktop\\USART\\MDK-ARM\\Obj\\Project.AXF" 
_____^
*** error 56: cannot open file
Load "C:\\Users\\Bogdan\\Desktop\\USART\\MDK-ARM\\Obj\\Project.AXF" 
_____^
*** error 56: cannot open file
Rebuild target 'USART'
compiling main.c...
compiling stm32f10x_it.c...
compiling misc.c...
compiling stm32f10x_flash.c...
compiling stm32f10x_gpio.c...
compiling stm32f10x_rcc.c...
compiling stm32f10x_adc.c...
compiling stm32f10x_bkp.c...
compiling stm32f10x_can.c...
compiling stm32f10x_cec.c...
compiling stm32f10x_crc.c...
compiling stm32f10x_dac.c...
compiling stm32f10x_dbgmcu.c...
compiling stm32f10x_dma.c...
compiling stm32f10x_exti.c...
compiling stm32f10x_fsmc.c...
compiling stm32f10x_i2c.c...
compiling stm32f10x_iwdg.c...
compiling stm32f10x_pwr.c...
compiling stm32f10x_rtc.c...
compiling stm32f10x_sdio.c...
compiling stm32f10x_spi.c...
compiling stm32f10x_tim.c...
compiling stm32f10x_usart.c...
compiling stm32f10x_wwdg.c...
compiling core_cm3.c...
compiling system_stm32f10x.c...
assembling startup_stm32f10x_md.s...
linking...
.\Obj\Project.axf: Error: L6406E: No space in execution regions with .ANY selector matching main.o(.bss).
.\Obj\Project.axf: Error: L6407E: Sections of aggregate size 0x61a80 bytes could not fit into .ANY selector(s).
Target not created
Rebuild target 'USART'
compiling main.c...
compiling stm32f10x_it.c...
compiling misc.c...
compiling stm32f10x_flash.c...
compiling stm32f10x_gpio.c...
compiling stm32f10x_rcc.c...
compiling stm32f10x_adc.c...
compiling stm32f10x_bkp.c...
compiling stm32f10x_can.c...
compiling stm32f10x_cec.c...
compiling stm32f10x_crc.c...
compiling stm32f10x_dac.c...
compiling stm32f10x_dbgmcu.c...
compiling stm32f10x_dma.c...
compiling stm32f10x_exti.c...
compiling stm32f10x_fsmc.c...
compiling stm32f10x_i2c.c...
compiling stm32f10x_iwdg.c...
compiling stm32f10x_pwr.c...
compiling stm32f10x_rtc.c...
compiling stm32f10x_sdio.c...
compiling stm32f10x_spi.c...
compiling stm32f10x_tim.c...
compiling stm32f10x_usart.c...
compiling stm32f10x_wwdg.c...
compiling core_cm3.c...
compiling system_stm32f10x.c...
assembling startup_stm32f10x_md.s...
linking...
Program Size: Code=5348 RO-data=556 RW-data=44 ZI-data=5028  
FromELF: creating hex file...
User command #1: fromelf --bin ".\Obj\Project.axf" --output ".\Project.bin"
".\Obj\Project.axf" - 0 Error(s), 0 Warning(s).
Load "C:\\Users\\Bogdan\\Desktop\\USART\\MDK-ARM\\Obj\\Project.AXF" 
Load "C:\\Users\\Bogdan\\Desktop\\USART\\MDK-ARM\\Obj\\Project.AXF" 
Load "C:\\Users\\Bogdan\\Desktop\\USART\\MDK-ARM\\Obj\\Project.AXF" 
Load "C:\\Users\\Bogdan\\Desktop\\USART\\MDK-ARM\\Obj\\Project.AXF" 
Load "C:\\Users\\Bogdan\\Desktop\\USART\\MDK-ARM\\Obj\\Project.AXF" 
Clean started: Project: 'Project'
   deleting intermediate output files for target 'USART'
Rebuild target 'USART'
compiling main.c...
..\USER\USART1.h(67): error:  #20: identifier "GPIO_Speed_40MHz" is undefined
..\USER\main.c(14): warning:  #177-D: variable "i" was declared but never referenced
compiling stm32f10x_it.c...
compiling misc.c...
compiling stm32f10x_flash.c...
compiling stm32f10x_gpio.c...
compiling stm32f10x_rcc.c...
Project build/rebuild aborted.
Target not created
Rebuild target 'USART'
compiling main.c...
..\USER\main.c(14): warning:  #177-D: variable "i" was declared but never referenced
compiling stm32f10x_it.c...
compiling misc.c...
compiling stm32f10x_flash.c...
compiling stm32f10x_gpio.c...
compiling stm32f10x_rcc.c...
compiling stm32f10x_adc.c...
compiling stm32f10x_bkp.c...
compiling stm32f10x_can.c...
compiling stm32f10x_cec.c...
compiling stm32f10x_crc.c...
compiling stm32f10x_dac.c...
compiling stm32f10x_dbgmcu.c...
compiling stm32f10x_dma.c...
compiling stm32f10x_exti.c...
compiling stm32f10x_fsmc.c...
compiling stm32f10x_i2c.c...
compiling stm32f10x_iwdg.c...
compiling stm32f10x_pwr.c...
compiling stm32f10x_rtc.c...
compiling stm32f10x_sdio.c...
compiling stm32f10x_spi.c...
compiling stm32f10x_tim.c...
compiling stm32f10x_usart.c...
compiling stm32f10x_wwdg.c...
compiling core_cm3.c...
compiling system_stm32f10x.c...
assembling startup_stm32f10x_md.s...
linking...
Program Size: Code=1852 RO-data=268 RW-data=20 ZI-data=1028  
FromELF: creating hex file...
User command #1: fromelf --bin ".\Obj\Project.axf" --output ".\Project.bin"
".\Obj\Project.axf" - 0 Error(s), 1 Warning(s).
Clean started: Project: 'Project'
   deleting intermediate output files for target 'USART'
Build target 'USART'
compiling main.c...
..\USER\main.c(5): error:  #5: cannot open source input file "USART1.h": No such file or directory
compiling stm32f10x_it.c...
compiling misc.c...
compiling stm32f10x_flash.c...
compiling stm32f10x_gpio.c...
compiling stm32f10x_rcc.c...
Project build/rebuild aborted.
Target not created
Build target 'USART'
compiling main.c...
..\USER\main.c(14): warning:  #177-D: variable "i" was declared but never referenced
compiling stm32f10x_adc.c...
compiling stm32f10x_bkp.c...
compiling stm32f10x_can.c...
compiling stm32f10x_cec.c...
compiling stm32f10x_crc.c...
compiling stm32f10x_dac.c...
compiling stm32f10x_dbgmcu.c...
compiling stm32f10x_dma.c...
compiling stm32f10x_exti.c...
compiling stm32f10x_fsmc.c...
compiling stm32f10x_i2c.c...
compiling stm32f10x_iwdg.c...
compiling stm32f10x_pwr.c...
compiling stm32f10x_rtc.c...
compiling stm32f10x_sdio.c...
compiling stm32f10x_spi.c...
compiling stm32f10x_tim.c...
compiling stm32f10x_usart.c...
compiling stm32f10x_wwdg.c...
compiling core_cm3.c...
compiling system_stm32f10x.c...
assembling startup_stm32f10x_md.s...
linking...
Program Size: Code=1852 RO-data=268 RW-data=20 ZI-data=1028  
FromELF: creating hex file...
User command #1: fromelf --bin ".\Obj\Project.axf" --output ".\Project.bin"
".\Obj\Project.axf" - 0 Error(s), 1 Warning(s).
Clean started: Project: 'Project'
   deleting intermediate output files for target 'USART'
Rebuild target 'USART'
compiling main.c...
..\USER\main.c(14): warning:  #177-D: variable "i" was declared but never referenced
compiling stm32f10x_it.c...
compiling misc.c...
compiling stm32f10x_flash.c...
compiling stm32f10x_gpio.c...
compiling stm32f10x_rcc.c...
compiling stm32f10x_adc.c...
compiling stm32f10x_bkp.c...
compiling stm32f10x_can.c...
compiling stm32f10x_cec.c...
compiling stm32f10x_crc.c...
compiling stm32f10x_dac.c...
compiling stm32f10x_dbgmcu.c...
compiling stm32f10x_dma.c...
compiling stm32f10x_exti.c...
compiling stm32f10x_fsmc.c...
compiling stm32f10x_i2c.c...
compiling stm32f10x_iwdg.c...
compiling stm32f10x_pwr.c...
compiling stm32f10x_rtc.c...
compiling stm32f10x_sdio.c...
compiling stm32f10x_spi.c...
compiling stm32f10x_tim.c...
compiling stm32f10x_usart.c...
compiling stm32f10x_wwdg.c...
compiling core_cm3.c...
compiling system_stm32f10x.c...
assembling startup_stm32f10x_md.s...
linking...
Program Size: Code=1852 RO-data=268 RW-data=20 ZI-data=1028  
FromELF: creating hex file...
User command #1: fromelf --bin ".\Obj\Project.axf" --output ".\Project.bin"
".\Obj\Project.axf" - 0 Error(s), 1 Warning(s).
Clean started: Project: 'Project'
   deleting intermediate output files for target 'USART'
Clean started: Project: 'Project'
   deleting intermediate output files for target 'USART'
