<html>
<body>
<pre>
<h1>µVision Build Log</h1>
<h2>Project:</h2>
C:\Users\Je\Desktop\OK\VCM-MatchboxARM\MDK-ARM\Project.uvproj
Project File Date:  01/20/2014

<h2>Output:</h2>
Clean started: Project: 'Project'
   deleting intermediate output files for target 'USB Bootloader'
Rebuild target 'USB Bootloader'
compiling main.c...
compiling stm32f10x_it.c...
compiling hw_config.c...
compiling usb_desc.c...
compiling usb_istr.c...
compiling usb_prop.c...
compiling usb_pwr.c...
compiling usb_endp.c...
compiling usb_core.c...
compiling usb_init.c...
compiling usb_int.c...
compiling usb_mem.c...
compiling usb_regs.c...
compiling usb_sil.c...
compiling misc.c...
compiling stm32f10x_flash.c...
compiling stm32f10x_gpio.c...
compiling stm32f10x_rcc.c...
compiling stm32f10x_adc.c...
compiling stm32f10x_bkp.c...
compiling stm32f10x_can.c...
compiling stm32f10x_cec.c...
compiling stm32f10x_crc.c...
compiling stm32f10x_dac.c...
compiling stm32f10x_dbgmcu.c...
compiling stm32f10x_dma.c...
compiling stm32f10x_exti.c...
compiling stm32f10x_fsmc.c...
compiling stm32f10x_i2c.c...
compiling stm32f10x_iwdg.c...
compiling stm32f10x_pwr.c...
compiling stm32f10x_rtc.c...
compiling stm32f10x_sdio.c...
compiling stm32f10x_spi.c...
compiling stm32f10x_tim.c...
compiling stm32f10x_usart.c...
compiling stm32f10x_wwdg.c...
compiling core_cm3.c...
compiling system_stm32f10x.c...
assembling startup_stm32f10x_md.s...
linking...
Program Size: Code=7532 RO-data=448 RW-data=296 ZI-data=1208  
User command #1: fromelf --bin ".\Obj\Project.axf" --output ".\Project.bin"
".\Obj\Project.axf" - 0 Error(s), 0 Warning(s).
Clean started: Project: 'Project'
   deleting intermediate output files for target 'USB Bootloader'
